Archive member included to satisfy reference by file (symbol)

obj_cooja/mtype805.a(simEnvChange.o)
                              obj_cooja/mtype805.o (simDontFallAsleep)
obj_cooja/mtype805.a(cooja_mt.o)
                              obj_cooja/mtype805.o (cooja_mt_start)
obj_cooja/mtype805.a(cooja_mtarch.o)
                              obj_cooja/mtype805.a(cooja_mt.o) (cooja_mtarch_init)
obj_cooja/mtype805.a(rtimer-arch.o)
                              obj_cooja/mtype805.o (rtimer_arch_next)
obj_cooja/mtype805.a(beep.o)  obj_cooja/mtype805.o (beep_interface)
obj_cooja/mtype805.a(button-sensor.o)
                              obj_cooja/mtype805.o (button_interface)
obj_cooja/mtype805.a(leds-arch.o)
                              obj_cooja/mtype805.o (leds_interface)
obj_cooja/mtype805.a(moteid.o)
                              obj_cooja/mtype805.o (moteid_interface)
obj_cooja/mtype805.a(pir-sensor.o)
                              obj_cooja/mtype805.o (pir_interface)
obj_cooja/mtype805.a(rs232.o)
                              obj_cooja/mtype805.o (rs232_interface)
obj_cooja/mtype805.a(vib-sensor.o)
                              obj_cooja/mtype805.o (vib_interface)
obj_cooja/mtype805.a(clock.o)
                              obj_cooja/mtype805.o (clock_interface)
obj_cooja/mtype805.a(log.o)   obj_cooja/mtype805.o (simlog_interface)
obj_cooja/mtype805.a(cfs-cooja.o)
                              obj_cooja/mtype805.o (cfs_interface)
obj_cooja/mtype805.a(cooja-radio.o)
                              obj_cooja/mtype805.o (radio_interface)
obj_cooja/mtype805.a(eeprom.o)
                              obj_cooja/mtype805.o (eeprom_interface)
obj_cooja/mtype805.a(random.o)
                              obj_cooja/mtype805.a(moteid.o) (random_init)
obj_cooja/mtype805.a(sensors.o)
                              presenca.co (sensors_event)
obj_cooja/mtype805.a(leds.o)  presenca.co (leds_get)
obj_cooja/mtype805.a(autostart.o)
                              obj_cooja/mtype805.o (autostart_start)
obj_cooja/mtype805.a(ctimer.o)
                              obj_cooja/mtype805.o (ctimer_init)
obj_cooja/mtype805.a(etimer.o)
                              obj_cooja/mtype805.o (etimer_process)
obj_cooja/mtype805.a(process.o)
                              obj_cooja/mtype805.a(ctimer.o) (process_current)
obj_cooja/mtype805.a(rtimer.o)
                              obj_cooja/mtype805.a(rtimer-arch.o) (rtimer_run_next)
obj_cooja/mtype805.a(timer.o)
                              obj_cooja/mtype805.a(button-sensor.o) (timer_set)
obj_cooja/mtype805.a(serial-line.o)
                              obj_cooja/mtype805.a(rs232.o) (serial_line_input_byte)
obj_cooja/mtype805.a(list.o)  obj_cooja/mtype805.a(ctimer.o) (list_init)
obj_cooja/mtype805.a(ringbuf.o)
                              obj_cooja/mtype805.a(serial-line.o) (ringbuf_init)
obj_cooja/mtype805.a(sicslowpan.o)
                              obj_cooja/mtype805.o (sicslowpan_driver)
obj_cooja/mtype805.a(uip-ds6-nbr.o)
                              obj_cooja/mtype805.a(sicslowpan.o) (uip_ds6_link_neighbor_callback)
obj_cooja/mtype805.a(uip-ds6-route.o)
                              obj_cooja/mtype805.a(uip-ds6-nbr.o) (uip_ds6_defrt_lookup)
obj_cooja/mtype805.a(uip-ds6.o)
                              obj_cooja/mtype805.a(uip-ds6-nbr.o) (uip_ds6_if)
obj_cooja/mtype805.a(uip-nd6.o)
                              obj_cooja/mtype805.a(uip-ds6-nbr.o) (uip_nd6_ns_output)
obj_cooja/mtype805.a(uip6.o)  obj_cooja/mtype805.o (uip_lladdr)
obj_cooja/mtype805.a(tcpip.o)
                              obj_cooja/mtype805.a(sicslowpan.o) (tcpip_set_outputfunc)
obj_cooja/mtype805.a(uip-debug.o)
                              obj_cooja/mtype805.a(uip-ds6-route.o) (uip_debug_ipaddr_print)
obj_cooja/mtype805.a(uip-packetqueue)
                              obj_cooja/mtype805.a(uip-ds6-nbr.o) (uip_packetqueue_new)
obj_cooja/mtype805.a(rpl-dag.o)
                              obj_cooja/mtype805.a(tcpip.o) (rpl_repair_root)
obj_cooja/mtype805.a(rpl-ext-header.)
                              obj_cooja/mtype805.a(uip6.o) (rpl_verify_header)
obj_cooja/mtype805.a(rpl-icmp6.o)
                              obj_cooja/mtype805.a(rpl-dag.o) (dao_output)
obj_cooja/mtype805.a(rpl-mrhof.o)
                              obj_cooja/mtype805.a(rpl-dag.o) (rpl_mrhof)
obj_cooja/mtype805.a(rpl-timers.o)
                              obj_cooja/mtype805.a(rpl-dag.o) (rpl_reset_dio_timer)
obj_cooja/mtype805.a(rpl.o)   obj_cooja/mtype805.a(rpl-icmp6.o) (rpl_get_mode)
obj_cooja/mtype805.a(linkaddr.o)
                              obj_cooja/mtype805.o (linkaddr_node_addr)
obj_cooja/mtype805.a(nbr-table.o)
                              obj_cooja/mtype805.a(uip-ds6-nbr.o) (nbr_table_register)
obj_cooja/mtype805.a(netstack.o)
                              obj_cooja/mtype805.o (netstack_init)
obj_cooja/mtype805.a(packetbuf.o)
                              obj_cooja/mtype805.a(cooja-radio.o) (packetbuf_attrs)
obj_cooja/mtype805.a(queuebuf.o)
[...]
Memory Configuration

Name             Origin             Length             Attributes
*default*        0x0000000000000000 0xffffffffffffffff

Linker script and memory map

LOAD /usr/lib/gcc/i686-linux-gnu/4.8/../../../i386-linux-gnu/crti.o
LOAD /usr/lib/gcc/i686-linux-gnu/4.8/crtbeginS.o
LOAD presenca.co
LOAD obj_cooja/mtype805.o
LOAD obj_cooja/mtype805.a
LOAD /usr/lib/gcc/i686-linux-gnu/4.8/libgcc.a
LOAD /usr/lib/gcc/i686-linux-gnu/4.8/libgcc_s.so
LOAD /usr/lib/gcc/i686-linux-gnu/4.8/../../../i386-linux-gnu/libc.so
START GROUP
LOAD /lib/i386-linux-gnu/libc.so.6
LOAD /usr/lib/i386-linux-gnu/libc_nonshared.a
LOAD /lib/i386-linux-gnu/ld-linux.so.2
END GROUP
LOAD /usr/lib/gcc/i686-linux-gnu/4.8/libgcc.a
LOAD /usr/lib/gcc/i686-linux-gnu/4.8/libgcc_s.so
LOAD /usr/lib/gcc/i686-linux-gnu/4.8/crtendS.o
LOAD /usr/lib/gcc/i686-linux-gnu/4.8/../../../i386-linux-gnu/crtn.o
                0x0000000000000114                . = (0x0 + SIZEOF_HEADERS)

.note.gnu.build-id
                0x0000000000000114       0x24
 *(.note.gnu.build-id)
 .note.gnu.build-id
                0x0000000000000114       0x24 /usr/lib/gcc/i686-linux-gnu/4.8/../../../i386-linux-gnu/crti.o

.hash
 *(.hash)

.gnu.hash       0x0000000000000138      0xdf8
 *(.gnu.hash)
 .gnu.hash      0x0000000000000138      0xdf8 /usr/lib/gcc/i686-linux-gnu/4.8/../../../i386-linux-gnu/crti.o

.dynsym         0x0000000000000f30     0x2030
 *(.dynsym)
 .dynsym        0x0000000000000f30     0x2030 /usr/lib/gcc/i686-linux-gnu/4.8/../../../i386-linux-gnu/crti.o

.dynstr         0x0000000000002f60     0x20c5
 *(.dynstr)
 .dynstr        0x0000000000002f60     0x20c5 /usr/lib/gcc/i686-linux-gnu/4.8/../../../i386-linux-gnu/crti.o

.gnu.version    0x0000000000005026      0x406
 *(.gnu.version)
 .gnu.version   0x0000000000005026      0x406 /usr/lib/gcc/i686-linux-gnu/4.8/../../../i386-linux-gnu/crti.o

.gnu.version_d  0x000000000000542c        0x0
 *(.gnu.version_d)
 .gnu.version_d
                0x0000000000000000        0x0 /usr/lib/gcc/i686-linux-gnu/4.8/../../../i386-linux-gnu/crti.o

.gnu.version_r  0x000000000000542c       0x40
 *(.gnu.version_r)
 .gnu.version_r
                0x000000000000542c       0x40 /usr/lib/gcc/i686-linux-gnu/4.8/../../../i386-linux-gnu/crti.o

.rel.dyn        0x000000000000546c     0x84f8
 *(.rel.init)
 .rel.init      0x0000000000000000        0x0 /usr/lib/gcc/i686-linux-gnu/4.8/../../../i386-linux-gnu/crti.o
 *(.rel.text .rel.text.* .rel.gnu.linkonce.t.*)
 .rel.text      0x000000000000546c     0x7d50 /usr/lib/gcc/i686-linux-gnu/4.8/../../../i386-linux-gnu/crti.o
 *(.rel.fini)
 .rel.fini      0x0000000000000000        0x0 /usr/lib/gcc/i686-linux-gnu/4.8/../../../i386-linux-gnu/crti.o
 *(.rel.rodata .rel.rodata.* .rel.gnu.linkonce.r.*)
 .rel.rodata    0x000000000000d1bc      0x4f8 /usr/lib/gcc/i686-linux-gnu/4.8/../../../i386-linux-gnu/crti.o
 *(.rel.data.rel.ro .rel.data.rel.ro.* .rel.gnu.linkonce.d.rel.ro.*)
 *(.rel.data .rel.data.* .rel.gnu.linkonce.d.*)
 .rel.data.rel  0x000000000000d6b4        0x8 /usr/lib/gcc/i686-linux-gnu/4.8/../../../i386-linux-gnu/crti.o
 .rel.data      0x000000000000d6bc      0x270 /usr/lib/gcc/i686-linux-gnu/4.8/../../../i386-linux-gnu/crti.o
 *(.rel.tdata .rel.tdata.* .rel.gnu.linkonce.td.*)
 *(.rel.tbss .rel.tbss.* .rel.gnu.linkonce.tb.*)
 *(.rel.ctors)
 *(.rel.dtors)
 *(.rel.got)
 .rel.got       0x000000000000d92c       0x28 /usr/lib/gcc/i686-linux-gnu/4.8/../../../i386-linux-gnu/crti.o
 *(.rel.bss .rel.bss.* .rel.gnu.linkonce.b.*)
 *(.rel.ifunc)
 .rel.ifunc     0x0000000000000000        0x0 /usr/lib/gcc/i686-linux-gnu/4.8/../../../i386-linux-gnu/crti.o
 .rel.fini_array
                0x000000000000d954        0x8 /usr/lib/gcc/i686-linux-gnu/4.8/../../../i386-linux-gnu/crti.o
 .rel.init_array
                0x000000000000d95c        0x8 /usr/lib/gcc/i686-linux-gnu/4.8/../../../i386-linux-gnu/crti.o

.rel.plt        0x000000000000d964       0x10
 *(.rel.plt)
 .rel.plt       0x000000000000d964       0x10 /usr/lib/gcc/i686-linux-gnu/4.8/../../../i386-linux-gnu/crti.o
 *(.rel.iplt)

.init           0x000000000000d974       0x23
 *(SORT(.init))
 .init          0x000000000000d974       0x1e /usr/lib/gcc/i686-linux-gnu/4.8/../../../i386-linux-gnu/crti.o
                0x000000000000d974                _init
 .init          0x000000000000d992        0x5 /usr/lib/gcc/i686-linux-gnu/4.8/../../../i386-linux-gnu/crtn.o

.plt            0x000000000000d9a0       0x30
 *(.plt)
 .plt           0x000000000000d9a0       0x30 /usr/lib/gcc/i686-linux-gnu/4.8/../../../i386-linux-gnu/crti.o
 *(.iplt)

.text           0x000000000000d9d0    0x13936
 *(.text.unlikely .text.*_unlikely .text.unlikely.*)
 *(.text.exit .text.exit.*)
 *(.text.startup .text.startup.*)
 *(.text.hot .text.hot.*)
 *(.text .stub .text.* .gnu.linkonce.t.*)
 .text          0x000000000000d9d0        0x0 /usr/lib/gcc/i686-linux-gnu/4.8/../../../i386-linux-gnu/crti.o
 .gnu.linkonce.t.__x86.get_pc_thunk.bx
                0x000000000000d9d0        0x4 /usr/lib/gcc/i686-linux-gnu/4.8/../../../i386-linux-gnu/crti.o
                0x000000000000d9d0                __x86.get_pc_thunk.bx
 *fill*         0x000000000000d9d4        0xc 
 .text          0x000000000000d9e0      0x11b /usr/lib/gcc/i686-linux-gnu/4.8/crtbeginS.o
 .text          0x000000000000dafb      0x11f presenca.co
 .text          0x000000000000dc1a      0x70e obj_cooja/mtype805.o
                0x000000000000dd50                contiki_init
                0x000000000000e13f                Java_org_contikios_cooja_corecomm_Lib25_init
                0x000000000000e17f                Java_org_contikios_cooja_corecomm_Lib25_getMemory
                0x000000000000e1bf                Java_org_contikios_cooja_corecomm_Lib25_setMemory
                0x000000000000e236                Java_org_contikios_cooja_corecomm_Lib25_tick
                0x000000000000e316                Java_org_contikios_cooja_corecomm_Lib25_setReferenceAddress
 .text          0x000000000000e328       0x63 obj_cooja/mtype805.a(simEnvChange.o)
                0x000000000000e328                doActionsBeforeTick
                0x000000000000e359                doActionsAfterTick
 .text          0x000000000000e38b       0xbc obj_cooja/mtype805.a(cooja_mt.o)
                0x000000000000e38b                cooja_mt_init
                0x000000000000e398                cooja_mt_remove
                0x000000000000e3a5                cooja_mt_start
                0x000000000000e3d2                cooja_mt_exec
                0x000000000000e403                cooja_mt_exit
                0x000000000000e425                cooja_mt_yield
 .text          0x000000000000e447      0x115 obj_cooja/mtype805.a(cooja_mtarch.o)
                0x000000000000e447                cooja_mtarch_init
                0x000000000000e44c                cooja_mtarch_start
                0x000000000000e4c7                cooja_sw
                0x000000000000e4e9                cooja_mtarch_exec
                0x000000000000e505                cooja_mtarch_remove
                0x000000000000e50a                cooja_mtarch_yield
                0x000000000000e514                cooja_mtarch_pstop
                0x000000000000e519                cooja_mtarch_pstart
                0x000000000000e51e                cooja_mtarch_stack_usage
 .text          0x000000000000e55c       0xc2 obj_cooja/mtype805.a(rtimer-arch.o)
                0x000000000000e55c                rtimer_arch_init
                0x000000000000e57f                rtimer_arch_schedule
                0x000000000000e596                rtimer_arch_next
                0x000000000000e5a0                rtimer_arch_pending
                0x000000000000e5aa                rtimer_arch_check
                0x000000000000e5dc                rtimer_arch_now
 .text          0x000000000000e61e       0x76 obj_cooja/mtype805.a(beep.o)
                0x000000000000e61e                beep_alarm
                0x000000000000e62a                beep_beep
                0x000000000000e636                beep
                0x000000000000e642                beep_down
                0x000000000000e64e                beep_on
                0x000000000000e65a                beep_off
                0x000000000000e666                beep_spinup
                0x000000000000e672                beep_quick
                0x000000000000e67e                beep_long
 .text          0x000000000000e694      0x103 obj_cooja/mtype805.a(button-sensor.o)
 .text          0x000000000000e797       0x45 obj_cooja/mtype805.a(leds-arch.o)
                0x000000000000e797                leds_arch_init
                0x000000000000e7a3                leds_arch_get
                0x000000000000e7af                leds_arch_set
 .text          0x000000000000e7dc       0x2f obj_cooja/mtype805.a(moteid.o)
 .text          0x000000000000e80b       0xb1 obj_cooja/mtype805.a(pir-sensor.o)
 .text          0x000000000000e8bc      0x12e obj_cooja/mtype805.a(rs232.o)
                0x000000000000e8bc                rs232_init
                0x000000000000e8c1                rs232_set_speed
                0x000000000000e8cf                rs232_set_input
                0x000000000000e8dc                rs232_send
                0x000000000000e8fe                rs232_print
                0x000000000000e919                slip_arch_writeb
 .text          0x000000000000e9ea       0xb1 obj_cooja/mtype805.a(vib-sensor.o)
 .text          0x000000000000ea9b       0x34 obj_cooja/mtype805.a(clock.o)
                0x000000000000ea9b                clock_init
                0x000000000000eaa0                clock_time
                0x000000000000eaaa                clock_seconds
                0x000000000000eac0                clock_delay
 .text          0x000000000000eacf      0x1ed obj_cooja/mtype805.a(log.o)
                0x000000000000eacf                simlog_char
                0x000000000000eb11                simlog
                0x000000000000eb7e                log_message
                0x000000000000eba6                log_set_putchar_with_slip
                0x000000000000ebb3                log_putchar
                0x000000000000ec37                log_puts
                0x000000000000ec5b                log_printf
 .text          0x000000000000ecbc      0x28d obj_cooja/mtype805.a(cfs-cooja.o)
                0x000000000000ecbc                cfs_open
                0x000000000000ed07                cfs_close
                0x000000000000ed13                cfs_read
                0x000000000000edb1                cfs_write
                0x000000000000ee75                cfs_seek
                0x000000000000eefd                cfs_remove
                0x000000000000ef26                cfs_opendir
                0x000000000000ef30                cfs_readdir
                0x000000000000ef3a                cfs_closedir
 .text          0x000000000000ef49      0x3df obj_cooja/mtype805.a(cooja-radio.o)
                0x000000000000ef73                radio_set_channel
                0x000000000000ef80                radio_set_txpower
                0x000000000000ef97                radio_signal_strength_last
                0x000000000000efa1                radio_signal_strength_current
                0x000000000000efab                radio_LQI
 .text          0x000000000000f328       0xef obj_cooja/mtype805.a(eeprom.o)
                0x000000000000f328                eeprom_init
                0x000000000000f32d                eeprom_read
                0x000000000000f39d                eeprom_write
 .text          0x000000000000f417       0x28 obj_cooja/mtype805.a(random.o)
                0x000000000000f417                random_init
                0x000000000000f432                random_rand
 .text          0x000000000000f43f      0x2a1 obj_cooja/mtype805.a(sensors.o)
                0x000000000000f47a                sensors_first
                0x000000000000f484                sensors_next
                0x000000000000f4a1                sensors_changed
                0x000000000000f4d0                sensors_find
 .text          0x000000000000f6e0      0x134 obj_cooja/mtype805.a(leds.o)
                0x000000000000f731                leds_init
                0x000000000000f745                leds_blink
                0x000000000000f77d                leds_get
                0x000000000000f78a                leds_set
                0x000000000000f7a4                leds_on
                0x000000000000f7c7                leds_off
                0x000000000000f7f1                leds_toggle
 .text          0x000000000000f814       0x8e obj_cooja/mtype805.a(autostart.o)
                0x000000000000f814                autostart_start
                0x000000000000f85f                autostart_exit
 .text          0x000000000000f8a2      0x306 obj_cooja/mtype805.a(ctimer.o)
                0x000000000000f9b9                ctimer_init
                0x000000000000f9e9                ctimer_set
                0x000000000000fa68                ctimer_reset
                0x000000000000fab7                ctimer_restart
                0x000000000000fb06                ctimer_stop
                0x000000000000fb51                ctimer_expired
 .text          0x000000000000fba8      0x3e4 obj_cooja/mtype805.a(etimer.o)
                0x000000000000fdbb                etimer_request_poll
                0x000000000000fe3f                etimer_set
                0x000000000000fe64                etimer_reset
                0x000000000000fe82                etimer_restart
                0x000000000000fea0                etimer_adjust
                0x000000000000febc                etimer_expired
                0x000000000000fecf                etimer_expiration_time
                0x000000000000fee1                etimer_start_time
                0x000000000000feeb                etimer_pending
                0x000000000000fefd                etimer_next_expiration_time
                0x000000000000ff17                etimer_stop
 .text          0x000000000000ff8c      0x560 obj_cooja/mtype805.a(process.o)
                0x000000000000ff8c                process_alloc_event
                0x000000000000ffa1                process_start
                0x000000000001018a                process_exit
                0x00000000000101a6                process_init
                0x0000000000010377                process_run
                0x00000000000103aa                process_nevents
                0x00000000000103c5                process_post
                0x0000000000010471                process_post_synch
                0x00000000000104a9                process_poll
                0x00000000000104d8                process_is_running
 .text          0x00000000000104ec       0xba obj_cooja/mtype805.a(rtimer.o)
                0x00000000000104ec                rtimer_init
                0x00000000000104f9                rtimer_set
                0x0000000000010550                rtimer_run_next
 .text          0x00000000000105a6       0x91 obj_cooja/mtype805.a(timer.o)
                0x00000000000105a6                timer_set
                0x00000000000105c1                timer_reset
                0x00000000000105d8                timer_restart
                0x00000000000105ea                timer_expired
                0x0000000000010613                timer_remaining
 .text          0x0000000000010637      0x1fb obj_cooja/mtype805.a(serial-line.o)
                0x0000000000010637                serial_line_input_byte
                0x00000000000107fa                serial_line_init
 .text          0x0000000000010832      0x244 obj_cooja/mtype805.a(list.o)
                0x0000000000010832                list_init
                0x0000000000010840                list_head
                0x000000000001084a                list_copy
                0x0000000000010859                list_tail
                0x000000000001088f                list_add
                0x00000000000108d8                list_push
                0x0000000000010904                list_chop
                0x000000000001096e                list_pop
                0x0000000000010996                list_remove
                0x00000000000109fd                list_length
                0x0000000000010a2b                list_insert
                0x0000000000010a5f                list_item_next
 .text          0x0000000000010a76      0x155 obj_cooja/mtype805.a(ringbuf.o)
                0x0000000000010a76                ringbuf_init
                0x0000000000010aa7                ringbuf_put
                0x0000000000010b25                ringbuf_get
                0x0000000000010b92                ringbuf_size
                0x0000000000010ba4                ringbuf_elements
 .text          0x0000000000010bcb     0x218c obj_cooja/mtype805.a(sicslowpan.o)
                0x0000000000010c5e                rime_sniffer_add
                0x0000000000010c6b                rime_sniffer_remove
                0x0000000000012cf6                sicslowpan_init
                0x0000000000012d4d                sicslowpan_get_last_rssi
 .text          0x0000000000012d57      0x584 obj_cooja/mtype805.a(uip-ds6-nbr.o)
                0x0000000000012d74                uip_ds6_neighbors_init
                0x0000000000012d91                uip_ds6_nbr_add
                0x0000000000012e4c                uip_ds6_nbr_rm
                0x0000000000012e88                uip_ds6_nbr_get_ipaddr
                0x0000000000012e9d                uip_ds6_nbr_get_ll
                0x0000000000012eb9                uip_ds6_nbr_num
                0x0000000000012efe                uip_ds6_nbr_lookup
                0x0000000000012f63                uip_ds6_nbr_ll_lookup
                0x0000000000012f7f                uip_ds6_nbr_ipaddr_from_lladdr
                0x0000000000012fa5                uip_ds6_nbr_lladdr_from_ipaddr
                0x0000000000012fd3                uip_ds6_link_neighbor_callback
                0x000000000001301c                uip_ds6_neighbor_periodic
                0x0000000000013260                uip_ds6_get_least_lifetime_neighbor
 .text          0x00000000000132db      0x8ae obj_cooja/mtype805.a(uip-ds6-route.o)
                0x0000000000013352                uip_ds6_notification_add
                0x0000000000013383                uip_ds6_notification_rm
                0x000000000001339f                uip_ds6_route_init
                0x0000000000013427                uip_ds6_route_nexthop
                0x000000000001344f                uip_ds6_route_head
                0x0000000000013464                uip_ds6_route_next
                0x000000000001348a                uip_ds6_route_num_routes
                0x0000000000013494                uip_ds6_route_lookup
                0x0000000000013556                uip_ds6_route_add
                0x0000000000013761                uip_ds6_route_rm
                0x00000000000138f5                uip_ds6_route_rm_by_nexthop
                0x000000000001392d                uip_ds6_defrt_add
                0x00000000000139de                uip_ds6_defrt_rm
                0x0000000000013a5d                uip_ds6_defrt_lookup
                0x0000000000013ab6                uip_ds6_defrt_choose
                0x0000000000013b21                uip_ds6_defrt_periodic
 .text          0x0000000000013b89      0xb9c obj_cooja/mtype805.a(uip-ds6.o)
                0x0000000000013b89                uip_ds6_init
                0x0000000000013d5c                uip_ds6_periodic
                0x0000000000013dda                uip_ds6_list_loop
                0x0000000000013e81                uip_ds6_prefix_add
                0x0000000000013f3f                uip_ds6_prefix_rm
                0x0000000000013f51                uip_ds6_prefix_lookup
                0x0000000000013fa2                uip_ds6_is_addr_onlink
                0x0000000000014016                uip_ds6_addr_add
                0x0000000000014144                uip_ds6_addr_rm
                0x00000000000141e4                uip_ds6_addr_lookup
                0x000000000001422f                uip_ds6_get_link_local
                0x00000000000142ae                uip_ds6_get_global
                0x000000000001432d                uip_ds6_maddr_add
                0x000000000001439f                uip_ds6_maddr_rm
                0x00000000000143b1                uip_ds6_maddr_lookup
                0x00000000000143fc                uip_ds6_aaddr_add
                0x000000000001446e                uip_ds6_aaddr_rm
                0x0000000000014480                uip_ds6_aaddr_lookup
                0x00000000000144cb                uip_ds6_select_src
                0x0000000000014610                uip_ds6_set_addr_iid
                0x0000000000014647                get_match_length
                0x00000000000146d9                uip_ds6_compute_reachable_time
 .text          0x0000000000014725      0xd88 obj_cooja/mtype805.a(uip-nd6.o)
                0x0000000000014d2f                uip_nd6_ns_output
                0x000000000001548d                uip_nd6_init
 .text          0x00000000000154ad     0x292c obj_cooja/mtype805.a(uip6.o)
                0x00000000000154ad                uip_add32
                0x0000000000015646                uip_chksum
                0x0000000000015734                uip_icmp6chksum
                0x0000000000015748                uip_tcpchksum
                0x000000000001575c                uip_udpchksum
                0x0000000000015770                uip_init
                0x0000000000015840                uip_connect
                0x00000000000159ef                remove_ext_hdr
                0x0000000000015ac4                uip_udp_new
                0x0000000000015c20                uip_unlisten
                0x0000000000015c80                uip_listen
                0x0000000000015f42                uip_process
                0x0000000000017ccd                uip_htons
                0x0000000000017cef                uip_htonl
                0x0000000000017d2f                uip_send
 .text          0x0000000000017dd9      0xbbc obj_cooja/mtype805.a(tcpip.o)
                0x0000000000017dd9                tcpip_output
                0x0000000000017e07                tcpip_set_outputfunc
                0x0000000000017e9b                tcp_connect
                0x0000000000017ef0                tcp_unlisten
                0x0000000000017f5e                tcp_listen
                0x0000000000017fca                tcp_attach
                0x0000000000017fef                udp_attach
                0x0000000000018014                udp_new
                0x0000000000018066                udp_broadcast_new
                0x0000000000018310                tcpip_input
                0x0000000000018344                tcpip_ipv6_output
                0x00000000000187ac                tcpip_poll_udp
                0x00000000000187cf                tcpip_poll_tcp
                0x00000000000187f2                tcpip_uipcall
 .text          0x0000000000018995      0x127 obj_cooja/mtype805.a(uip-debug.o)
                0x0000000000018995                uip_debug_ipaddr_print
                0x0000000000018a5d                uip_debug_lladdr_print
 .text          0x0000000000018abc      0x141 obj_cooja/mtype805.a(uip-packetqueue)
                0x0000000000018ae8                uip_packetqueue_new
                0x0000000000018af6                uip_packetqueue_alloc
                0x0000000000018b56                uip_packetqueue_free
                0x0000000000018b97                uip_packetqueue_buf
                0x0000000000018bb4                uip_packetqueue_buflen
                0x0000000000018bd5                uip_packetqueue_set_buflen
 .text          0x0000000000018bfd     0x227b obj_cooja/mtype805.a(rpl-dag.o)
                0x0000000000018bfd                rpl_print_neighbor_list
                0x0000000000018daa                rpl_get_nbr
                0x0000000000018e04                rpl_dag_init
                0x0000000000018e21                rpl_get_parent
                0x0000000000018e43                rpl_get_parent_rank
                0x0000000000018e76                rpl_get_parent_link_metric
                0x0000000000018ea9                rpl_get_parent_ipaddr
                0x00000000000191b5                rpl_set_root
                0x00000000000193e3                rpl_repair_root
                0x000000000001961f                rpl_set_prefix
                0x000000000001971e                rpl_set_default_route
                0x00000000000197c3                rpl_alloc_instance
                0x0000000000019856                rpl_alloc_dag
                0x0000000000019907                rpl_set_default_instance
                0x0000000000019914                rpl_get_default_instance
                0x000000000001991e                rpl_free_instance
                0x00000000000199cd                rpl_free_dag
                0x0000000000019a33                rpl_add_parent
                0x0000000000019afb                rpl_find_parent
                0x0000000000019b55                rpl_find_parent_any_dag
                0x0000000000019b93                rpl_select_dag
                0x0000000000019f31                rpl_select_parent
                0x0000000000019f93                rpl_remove_parent
                0x0000000000019fba                rpl_nullify_parent
                0x000000000001a059                rpl_move_parent
                0x000000000001a0f7                rpl_get_any_dag
                0x000000000001a159                rpl_get_instance
                0x000000000001a1bc                rpl_find_of
                0x000000000001a1f9                rpl_join_instance
                0x000000000001a489                rpl_add_dag
                0x000000000001a858                rpl_local_repair
                0x000000000001a8e5                rpl_recalculate_ranks
                0x000000000001a96e                rpl_process_parent_event
                0x000000000001a9ef                rpl_process_dio
                0x000000000001ae5c                rpl_lock_parent
 .text          0x000000000001ae78      0xb5f obj_cooja/mtype805.a(rpl-ext-header.)
                0x000000000001ae95                rpl_verify_header
                0x000000000001b27a                rpl_update_header_empty
                0x000000000001b591                rpl_update_header_final
                0x000000000001b721                rpl_remove_header
                0x000000000001b82b                rpl_invert_header
                0x000000000001b9b5                rpl_insert_header
 .text          0x000000000001b9d7     0x17dd obj_cooja/mtype805.a(rpl-icmp6.o)
                0x000000000001bc38                dis_output
                0x000000000001c2ec                dio_output
                0x000000000001ce0f                dao_output
                0x000000000001ce68                dao_output_target
                0x000000000001d109                dao_ack_output
                0x000000000001d17c                rpl_icmp6_register_handlers
 .text          0x000000000001d1b4      0x292 obj_cooja/mtype805.a(rpl-mrhof.o)
 .text          0x000000000001d446      0x740 obj_cooja/mtype805.a(rpl-timers.o)
                0x000000000001d696                rpl_reset_periodic_timer
                0x000000000001d6eb                rpl_reset_dio_timer
                0x000000000001d907                rpl_schedule_dao
                0x000000000001d922                rpl_schedule_dao_immediately
                0x000000000001d93d                rpl_cancel_dao
                0x000000000001db2e                rpl_schedule_probing
 .text          0x000000000001db86      0x487 obj_cooja/mtype805.a(rpl.o)
                0x000000000001db86                rpl_get_mode
                0x000000000001db90                rpl_set_mode
                0x000000000001dbf7                rpl_purge_routes
                0x000000000001dcf1                rpl_remove_routes
                0x000000000001dd37                rpl_remove_routes_by_nexthop
                0x000000000001dda3                rpl_add_route
                0x000000000001de13                rpl_link_neighbor_callback
                0x000000000001df18                rpl_ipv6_neighbor_callback
                0x000000000001df87                rpl_init
 .text          0x000000000001e00d       0x67 obj_cooja/mtype805.a(linkaddr.o)
                0x000000000001e00d                linkaddr_copy
                0x000000000001e02f                linkaddr_cmp
                0x000000000001e059                linkaddr_set_node_addr
 .text          0x000000000001e074      0x6dc obj_cooja/mtype805.a(nbr-table.o)
                0x000000000001e453                nbr_table_register
                0x000000000001e49b                nbr_table_head
                0x000000000001e4f7                nbr_table_next
                0x000000000001e55e                nbr_table_add_lladdr
                0x000000000001e62d                nbr_table_get_from_lladdr
                0x000000000001e67a                nbr_table_remove
                0x000000000001e6cc                nbr_table_lock
                0x000000000001e6f6                nbr_table_unlock
                0x000000000001e720                nbr_table_get_lladdr
 .text          0x000000000001e750       0x24 obj_cooja/mtype805.a(netstack.o)
                0x000000000001e750                netstack_init
 .text          0x000000000001e774      0x46c obj_cooja/mtype805.a(packetbuf.o)
                0x000000000001e774                packetbuf_clear
                0x000000000001e7ab                packetbuf_clear_hdr
                0x000000000001e7b7                packetbuf_copyfrom
                0x000000000001e809                packetbuf_compact
                0x000000000001e875                packetbuf_copyto_hdr
                0x000000000001e8c8                packetbuf_copyto
                0x000000000001e99a                packetbuf_hdralloc
                0x000000000001e9e4                packetbuf_hdr_remove
                0x000000000001e9fc                packetbuf_hdrreduce
                0x000000000001ea44                packetbuf_set_datalen
                0x000000000001ea5d                packetbuf_dataptr
                0x000000000001ea76                packetbuf_hdrptr
                0x000000000001ea8d                packetbuf_datalen
                0x000000000001ea99                packetbuf_hdrlen
                0x000000000001eac7                packetbuf_totlen
                0x000000000001eadd                packetbuf_attr_clear
                0x000000000001eb33                packetbuf_attr_copyto
                0x000000000001eb7c                packetbuf_attr_copyfrom
                0x000000000001ebc4                packetbuf_holds_broadcast
 .text          0x000000000001ebe0      0x2b4 obj_cooja/mtype805.a(queuebuf.o)
                0x000000000001ebea                queuebuf_init
                0x000000000001ec0a                queuebuf_numfree
                0x000000000001ec1e                queuebuf_new_from_packetbuf
                0x000000000001ecae                queuebuf_update_attr_from_packetbuf
                0x000000000001ece1                queuebuf_update_from_packetbuf
                0x000000000001ed2b                queuebuf_free
                0x000000000001ed72                queuebuf_to_packetbuf
                0x000000000001edd8                queuebuf_dataptr
                0x000000000001ee0f                queuebuf_datalen
                0x000000000001ee32                queuebuf_addr
                0x000000000001ee64                queuebuf_attr
                0x000000000001ee8f                queuebuf_debug_print
 .text          0x000000000001ee94      0x734 obj_cooja/mtype805.a(csma.o)
 .text          0x000000000001f5c8      0x400 obj_cooja/mtype805.a(framer-802154.o)
 .text          0x000000000001f9c8       0x32 obj_cooja/mtype805.a(framer.o)
                0x000000000001f9c8                framer_canonical_create_and_secure
 .text          0x000000000001f9fa       0x3c obj_cooja/mtype805.a(mac.o)
                0x000000000001f9fa                mac_call_sent_callback
 .text          0x000000000001fa36      0x41b obj_cooja/mtype805.a(nullrdc.o)
 .text          0x000000000001fe51       0x8a obj_cooja/mtype805.a(nullsec.o)
 .text          0x000000000001fedb       0x19 obj_cooja/mtype805.a(watchdog.o)
                0x000000000001fedb                watchdog_init
                0x000000000001fee0                watchdog_start
                0x000000000001fee5                watchdog_periodic
                0x000000000001feea                watchdog_stop
                0x000000000001feef                watchdog_reboot
 .text          0x000000000001fef4        0x0 obj_cooja/mtype805.a(rimestats.o)
 .text          0x000000000001fef4       0xa3 obj_cooja/mtype805.a(stimer.o)
                0x000000000001fef4                stimer_set
                0x000000000001ff0f                stimer_reset
                0x000000000001ff26                stimer_restart
                0x000000000001ff38                stimer_expired
                0x000000000001ff5f                stimer_remaining
                0x000000000001ff83                stimer_elapsed
 .text          0x000000000001ff97      0x1c1 obj_cooja/mtype805.a(memb.o)
                0x000000000001ff97                memb_init
                0x000000000001fff5                memb_alloc
                0x000000000002005a                memb_free
                0x00000000000200d5                memb_inmemb
                0x0000000000020114                memb_numfree
 .text          0x0000000000020158      0xa8f obj_cooja/mtype805.a(uip-icmp6.o)
                0x00000000000201c6                uip_icmp6_input
                0x000000000002021c                uip_icmp6_register_input_handler
                0x00000000000204e4                uip_icmp6_error_output
                0x000000000002080d                uip_icmp6_send
                0x0000000000020b7a                uip_icmp6_echo_reply_callback_add
                0x0000000000020bab                uip_icmp6_echo_reply_callback_rm
                0x0000000000020bc7                uip_icmp6_init
 .text          0x0000000000020be7      0x59e obj_cooja/mtype805.a(frame802154.o)
                0x0000000000020cec                frame802154_hdrlen
                0x0000000000020d34                frame802154_create
                0x0000000000020eee                frame802154_parse
 .text          0x0000000000021185      0x181 obj_cooja/mtype805.a(mac-sequence.o)
                0x00000000000211bc                mac_sequence_is_duplicate
                0x000000000002123f                mac_sequence_register_seqno
 .text          0x0000000000021306        0x0 /usr/lib/gcc/i686-linux-gnu/4.8/crtendS.o
 .text          0x0000000000021306        0x0 /usr/lib/gcc/i686-linux-gnu/4.8/../../../i386-linux-gnu/crtn.o
 *(.gnu.warning)

.fini           0x0000000000021308       0x14
 *(SORT(.fini))
 .fini          0x0000000000021308        0xf /usr/lib/gcc/i686-linux-gnu/4.8/../../../i386-linux-gnu/crti.o
                0x0000000000021308                _fini
 .fini          0x0000000000021317        0x5 /usr/lib/gcc/i686-linux-gnu/4.8/../../../i386-linux-gnu/crtn.o
                0x000000000002131c                PROVIDE (__etext, .)
                0x000000000002131c                PROVIDE (_etext, .)
                0x000000000002131c                PROVIDE (etext, .)

.rodata         0x0000000000021320      0x580
 *(.rodata .rodata.* .gnu.linkonce.r.*)
 .rodata        0x0000000000021320       0x24 presenca.co
                0x000000000002132c                autostart_processes
 .rodata        0x0000000000021344      0x133 obj_cooja/mtype805.o
 *fill*         0x0000000000021477        0x1 
 .rodata        0x0000000000021478        0x8 obj_cooja/mtype805.a(beep.o)
                0x0000000000021478                beep_interface
 .rodata        0x0000000000021480       0x20 obj_cooja/mtype805.a(button-sensor.o)
                0x0000000000021480                button_interface
                0x0000000000021490                button_sensor
 .rodata        0x00000000000214a0        0x8 obj_cooja/mtype805.a(leds-arch.o)
                0x00000000000214a0                leds_interface
 .rodata        0x00000000000214a8        0x8 obj_cooja/mtype805.a(moteid.o)
                0x00000000000214a8                moteid_interface
 .rodata        0x00000000000214b0       0x1c obj_cooja/mtype805.a(pir-sensor.o)
                0x00000000000214b0                pir_interface
                0x00000000000214bc                pir_sensor
 .rodata        0x00000000000214cc        0xe obj_cooja/mtype805.a(rs232.o)
                0x00000000000214cc                rs232_interface
 *fill*         0x00000000000214da        0x2 
 .rodata        0x00000000000214dc       0x24 obj_cooja/mtype805.a(vib-sensor.o)
                0x00000000000214dc                vib_interface
                0x00000000000214f0                vib_sensor
 .rodata        0x0000000000021500        0x8 obj_cooja/mtype805.a(clock.o)
                0x0000000000021500                clock_interface
 .rodata        0x0000000000021508        0x8 obj_cooja/mtype805.a(log.o)
                0x0000000000021508                simlog_interface
 .rodata        0x0000000000021510       0x2f obj_cooja/mtype805.a(cfs-cooja.o)
                0x0000000000021510                cfs_interface
 *fill*         0x000000000002153f        0x1 
 .rodata        0x0000000000021540       0x58 obj_cooja/mtype805.a(cooja-radio.o)
                0x0000000000021540                radio_interface
                0x0000000000021560                cooja_radio_driver
 .rodata        0x0000000000021598        0x8 obj_cooja/mtype805.a(eeprom.o)
                0x0000000000021598                eeprom_interface
 .rodata        0x00000000000215a0        0x8 obj_cooja/mtype805.a(sensors.o)
 .rodata        0x00000000000215a8        0xf obj_cooja/mtype805.a(ctimer.o)
 .rodata        0x00000000000215b7        0xc obj_cooja/mtype805.a(etimer.o)
 .rodata        0x00000000000215c3        0xe obj_cooja/mtype805.a(serial-line.o)
 *fill*         0x00000000000215d1        0x3 
 .rodata        0x00000000000215d4       0x2c obj_cooja/mtype805.a(sicslowpan.o)
                0x00000000000215d4                unc_llconf
                0x00000000000215d8                unc_ctxconf
                0x00000000000215dc                unc_mxconf
                0x00000000000215e0                llprefix
                0x00000000000215f4                sicslowpan_driver
 .rodata        0x0000000000021600      0x13c obj_cooja/mtype805.a(uip6.o)
 .rodata        0x000000000002173c       0x29 obj_cooja/mtype805.a(tcpip.o)
 .rodata        0x0000000000021765       0x2b obj_cooja/mtype805.a(uip-debug.o)
 .rodata        0x0000000000021790       0x70 obj_cooja/mtype805.a(rpl-dag.o)
 .rodata        0x0000000000021800        0x8 obj_cooja/mtype805.a(linkaddr.o)
                0x0000000000021800                linkaddr_null
 .rodata        0x0000000000021808       0x24 obj_cooja/mtype805.a(csma.o)
                0x0000000000021810                csma_driver
 .rodata        0x000000000002182c       0x14 obj_cooja/mtype805.a(framer-802154.o)
                0x0000000000021830                framer_802154
 .rodata        0x0000000000021840       0x40 obj_cooja/mtype805.a(nullrdc.o)
                0x0000000000021860                nullrdc_driver
 .rodata        0x0000000000021880       0x20 obj_cooja/mtype805.a(nullsec.o)
                0x0000000000021888                nullsec_driver

.rodata1
 *(.rodata1)

.eh_frame_hdr   0x00000000000218a0     0x11fc
 *(.eh_frame_hdr)
 .eh_frame_hdr  0x00000000000218a0     0x11fc presenca.co

.eh_frame       0x0000000000022a9c     0x4914
 *(.eh_frame)
 .eh_frame      0x0000000000022a9c       0x3c /usr/lib/gcc/i686-linux-gnu/4.8/../../../i386-linux-gnu/crti.o
                                         0x40 (size before relaxing)
 .eh_frame      0x0000000000022ad8       0x20 presenca.co
                                         0x38 (size before relaxing)
 .eh_frame      0x0000000000022af8      0x148 obj_cooja/mtype805.o
                                        0x160 (size before relaxing)
 .eh_frame      0x0000000000022c40       0x40 obj_cooja/mtype805.a(simEnvChange.o)
                                         0x58 (size before relaxing)
 .eh_frame      0x0000000000022c80       0xc0 obj_cooja/mtype805.a(cooja_mt.o)
                                         0xd8 (size before relaxing)
 .eh_frame      0x0000000000022d40      0x120 obj_cooja/mtype805.a(cooja_mtarch.o)
                                        0x138 (size before relaxing)
 .eh_frame      0x0000000000022e60       0xc0 obj_cooja/mtype805.a(rtimer-arch.o)
                                         0xd8 (size before relaxing)
 .eh_frame      0x0000000000022f20      0x160 obj_cooja/mtype805.a(beep.o)
                                        0x178 (size before relaxing)
 .eh_frame      0x0000000000023080       0xa0 obj_cooja/mtype805.a(button-sensor.o)
                                         0xb8 (size before relaxing)
 .eh_frame      0x0000000000023120       0xa0 obj_cooja/mtype805.a(leds-arch.o)
                                         0xb8 (size before relaxing)
 .eh_frame      0x00000000000231c0       0x40 obj_cooja/mtype805.a(moteid.o)
                                         0x58 (size before relaxing)
 .eh_frame      0x0000000000023200       0xa0 obj_cooja/mtype805.a(pir-sensor.o)
                                         0xb8 (size before relaxing)
 .eh_frame      0x00000000000232a0      0x100 obj_cooja/mtype805.a(rs232.o)
                                        0x118 (size before relaxing)
 .eh_frame      0x00000000000233a0       0xa0 obj_cooja/mtype805.a(vib-sensor.o)
                                         0xb8 (size before relaxing)
 .eh_frame      0x0000000000023440       0xc0 obj_cooja/mtype805.a(clock.o)
                                         0xd8 (size before relaxing)
 .eh_frame      0x0000000000023500      0x120 obj_cooja/mtype805.a(log.o)
                                        0x138 (size before relaxing)
 .eh_frame      0x0000000000023620      0x160 obj_cooja/mtype805.a(cfs-cooja.o)
                                        0x178 (size before relaxing)
 .eh_frame      0x0000000000023780      0x2e0 obj_cooja/mtype805.a(cooja-radio.o)
                                        0x2f8 (size before relaxing)
 .eh_frame      0x0000000000023a60       0xa0 obj_cooja/mtype805.a(eeprom.o)
                                         0xb8 (size before relaxing)
 .eh_frame      0x0000000000023b00       0x40 obj_cooja/mtype805.a(random.o)
                                         0x58 (size before relaxing)
 .eh_frame      0x0000000000023b40       0xc0 obj_cooja/mtype805.a(sensors.o)
                                         0xd8 (size before relaxing)
 .eh_frame      0x0000000000023c00      0x100 obj_cooja/mtype805.a(leds.o)
                                        0x118 (size before relaxing)
 .eh_frame      0x0000000000023d00       0x40 obj_cooja/mtype805.a(autostart.o)
                                         0x58 (size before relaxing)
 .eh_frame      0x0000000000023d40       0xe0 obj_cooja/mtype805.a(ctimer.o)
                                         0xf8 (size before relaxing)
 .eh_frame      0x0000000000023e20      0x1c0 obj_cooja/mtype805.a(etimer.o)
                                        0x1d8 (size before relaxing)
 .eh_frame      0x0000000000023fe0      0x1c8 obj_cooja/mtype805.a(process.o)
                                        0x1e0 (size before relaxing)
 .eh_frame      0x00000000000241a8       0x60 obj_cooja/mtype805.a(rtimer.o)
                                         0x78 (size before relaxing)
 .eh_frame      0x0000000000024208       0xa4 obj_cooja/mtype805.a(timer.o)
                                         0xbc (size before relaxing)
 .eh_frame      0x00000000000242ac       0x60 obj_cooja/mtype805.a(serial-line.o)
                                         0x78 (size before relaxing)
 .eh_frame      0x000000000002430c      0x180 obj_cooja/mtype805.a(list.o)
                                        0x198 (size before relaxing)
 .eh_frame      0x000000000002448c       0xa0 obj_cooja/mtype805.a(ringbuf.o)
                                         0xb8 (size before relaxing)
 .eh_frame      0x000000000002452c      0x2a4 obj_cooja/mtype805.a(sicslowpan.o)
                                        0x2bc (size before relaxing)
 .eh_frame      0x00000000000247d0      0x1c0 obj_cooja/mtype805.a(uip-ds6-nbr.o)
                                        0x1d8 (size before relaxing)
 .eh_frame      0x0000000000024990      0x280 obj_cooja/mtype805.a(uip-ds6-route.o)
                                        0x298 (size before relaxing)
 .eh_frame      0x0000000000024c10      0x2c8 obj_cooja/mtype805.a(uip-ds6.o)
                                        0x2e0 (size before relaxing)
 .eh_frame      0x0000000000024ed8       0xb8 obj_cooja/mtype805.a(uip-nd6.o)
                                         0xd0 (size before relaxing)
 .eh_frame      0x0000000000024f90      0x27c obj_cooja/mtype805.a(uip6.o)
                                        0x294 (size before relaxing)
 .eh_frame      0x000000000002520c      0x270 obj_cooja/mtype805.a(tcpip.o)
                                        0x288 (size before relaxing)
 .eh_frame      0x000000000002547c       0x40 obj_cooja/mtype805.a(uip-debug.o)
                                         0x58 (size before relaxing)
 .eh_frame      0x00000000000254bc       0xe0 obj_cooja/mtype805.a(uip-packetqueue)
                                         0xf8 (size before relaxing)
 .eh_frame      0x000000000002559c      0x63c obj_cooja/mtype805.a(rpl-dag.o)
                                        0x654 (size before relaxing)
 .eh_frame      0x0000000000025bd8      0x10c obj_cooja/mtype805.a(rpl-ext-header.)
                                        0x124 (size before relaxing)
 .eh_frame      0x0000000000025ce4      0x218 obj_cooja/mtype805.a(rpl-icmp6.o)
                                        0x230 (size before relaxing)
 .eh_frame      0x0000000000025efc       0xe0 obj_cooja/mtype805.a(rpl-mrhof.o)
                                         0xf8 (size before relaxing)
 .eh_frame      0x0000000000025fdc      0x1cc obj_cooja/mtype805.a(rpl-timers.o)
                                        0x1e4 (size before relaxing)
 .eh_frame      0x00000000000261a8      0x120 obj_cooja/mtype805.a(rpl.o)
                                        0x138 (size before relaxing)
 .eh_frame      0x00000000000262c8       0x60 obj_cooja/mtype805.a(linkaddr.o)
                                         0x78 (size before relaxing)
 .eh_frame      0x0000000000026328      0x26c obj_cooja/mtype805.a(nbr-table.o)
                                        0x284 (size before relaxing)
 .eh_frame      0x0000000000026594       0x20 obj_cooja/mtype805.a(netstack.o)
                                         0x38 (size before relaxing)
 .eh_frame      0x00000000000265b4      0x26c obj_cooja/mtype805.a(packetbuf.o)
                                        0x284 (size before relaxing)
 .eh_frame      0x0000000000026820      0x1a0 obj_cooja/mtype805.a(queuebuf.o)
                                        0x1b8 (size before relaxing)
 .eh_frame      0x00000000000269c0      0x1c8 obj_cooja/mtype805.a(csma.o)
                                        0x1e0 (size before relaxing)
 .eh_frame      0x0000000000026b88      0x128 obj_cooja/mtype805.a(framer-802154.o)
                                        0x140 (size before relaxing)
 .eh_frame      0x0000000000026cb0       0x20 obj_cooja/mtype805.a(framer.o)
                                         0x38 (size before relaxing)
 .eh_frame      0x0000000000026cd0       0x20 obj_cooja/mtype805.a(mac.o)
                                         0x38 (size before relaxing)
 .eh_frame      0x0000000000026cf0      0x16c obj_cooja/mtype805.a(nullrdc.o)
                                        0x184 (size before relaxing)
 .eh_frame      0x0000000000026e5c       0xc0 obj_cooja/mtype805.a(nullsec.o)
                                         0xd8 (size before relaxing)
 .eh_frame      0x0000000000026f1c       0xa0 obj_cooja/mtype805.a(watchdog.o)
                                         0xb8 (size before relaxing)
 .eh_frame      0x0000000000026fbc       0xc4 obj_cooja/mtype805.a(stimer.o)
                                         0xdc (size before relaxing)
 .eh_frame      0x0000000000027080       0xa0 obj_cooja/mtype805.a(memb.o)
                                         0xb8 (size before relaxing)
 .eh_frame      0x0000000000027120      0x164 obj_cooja/mtype805.a(uip-icmp6.o)
                                        0x17c (size before relaxing)
 .eh_frame      0x0000000000027284       0xa0 obj_cooja/mtype805.a(frame802154.o)
                                         0xb8 (size before relaxing)
 .eh_frame      0x0000000000027324       0x88 obj_cooja/mtype805.a(mac-sequence.o)
                                         0xa0 (size before relaxing)
 .eh_frame      0x00000000000273ac        0x4 /usr/lib/gcc/i686-linux-gnu/4.8/crtendS.o

.gcc_except_table
 *(.gcc_except_table .gcc_except_table.*)

.exception_ranges
 *(.exception_ranges .exception_ranges*)
                0x00000000000273b0                . = (ALIGN (0x1000) - ((0x1000 - .) & 0xfff))
                0x0000000000028ef8                . = DATA_SEGMENT_ALIGN (0x1000, 0x1000)

.eh_frame
 *(.eh_frame)

.gcc_except_table
 *(.gcc_except_table .gcc_except_table.*)

.exception_ranges
 *(.exception_ranges .exception_ranges*)

.tdata
 *(.tdata .tdata.* .gnu.linkonce.td.*)

.tbss
 *(.tbss .tbss.* .gnu.linkonce.tb.*)
 *(.tcommon)

.preinit_array
 *(.preinit_array)

.init_array     0x0000000000028ef8        0x4
 *(SORT(.init_array.*) SORT(.ctors.*))
 *(.init_array EXCLUDE_FILE(*crtend?.o *crtend.o *crtbegin?.o *crtbegin.o) .ctors)
 .init_array    0x0000000000028ef8        0x4 /usr/lib/gcc/i686-linux-gnu/4.8/crtbeginS.o

.fini_array     0x0000000000028efc        0x4
 *(SORT(.fini_array.*) SORT(.dtors.*))
 *(.fini_array EXCLUDE_FILE(*crtend?.o *crtend.o *crtbegin?.o *crtbegin.o) .dtors)
 .fini_array    0x0000000000028efc        0x4 /usr/lib/gcc/i686-linux-gnu/4.8/crtbeginS.o

.ctors
 *crtbegin.o(.ctors)
 *crtbegin?.o(.ctors)
 *(EXCLUDE_FILE(*crtend?.o *crtend.o) .ctors)
 *(SORT(.ctors.*))
 *(.ctors)

.dtors
 *crtbegin.o(.dtors)
 *crtbegin?.o(.dtors)
 *(EXCLUDE_FILE(*crtend?.o *crtend.o) .dtors)
 *(SORT(.dtors.*))
 *(.dtors)

.jcr            0x0000000000028f00        0x4
 *(.jcr)
 .jcr           0x0000000000028f00        0x0 /usr/lib/gcc/i686-linux-gnu/4.8/crtbeginS.o
 .jcr           0x0000000000028f00        0x4 /usr/lib/gcc/i686-linux-gnu/4.8/crtendS.o

.data.rel.ro
 *(.data.rel.ro.local* .gnu.linkonce.d.rel.ro.local.*)
 *(.data.rel.ro .data.rel.ro.* .gnu.linkonce.d.rel.ro.*)

.dynamic        0x0000000000028f04       0xe8
 *(.dynamic)
 .dynamic       0x0000000000028f04       0xe8 /usr/lib/gcc/i686-linux-gnu/4.8/../../../i386-linux-gnu/crti.o
                0x0000000000028f04                _DYNAMIC

.got            0x0000000000028fec       0x14
 *(.got)
 .got           0x0000000000028fec       0x14 /usr/lib/gcc/i686-linux-gnu/4.8/../../../i386-linux-gnu/crti.o
 *(.igot)
                0x0000000000029ff4                . = DATA_SEGMENT_RELRO_END (., (SIZEOF (.got.plt) >= 0xc)?0xc:0x0)

.got.plt        0x0000000000029000       0x14
 *(.got.plt)
 .got.plt       0x0000000000029000       0x14 /usr/lib/gcc/i686-linux-gnu/4.8/../../../i386-linux-gnu/crti.o
                0x0000000000029000                _GLOBAL_OFFSET_TABLE_
 *(.igot.plt)

.data           0x0000000000029020      0x234
 *(.data .data.* .gnu.linkonce.d.*)
 .data          0x0000000000029020        0x0 /usr/lib/gcc/i686-linux-gnu/4.8/../../../i386-linux-gnu/crti.o
 .data          0x0000000000029020        0x0 /usr/lib/gcc/i686-linux-gnu/4.8/crtbeginS.o
 .data.rel      0x0000000000029020        0x4 /usr/lib/gcc/i686-linux-gnu/4.8/crtbeginS.o
                0x0000000000029020                __dso_handle
 .data          0x0000000000029024       0x14 presenca.co
                0x0000000000029024                test_button_process
 *fill*         0x0000000000029038        0x8 
 .data          0x0000000000029040       0x44 obj_cooja/mtype805.o
                0x0000000000029040                simInterfaces
                0x0000000000029074                sensors
 .data          0x0000000000029084        0x0 obj_cooja/mtype805.a(simEnvChange.o)
 .data          0x0000000000029084        0x0 obj_cooja/mtype805.a(cooja_mt.o)
 .data          0x0000000000029084        0x0 obj_cooja/mtype805.a(cooja_mtarch.o)
 .data          0x0000000000029084        0x0 obj_cooja/mtype805.a(rtimer-arch.o)
 .data          0x0000000000029084        0x0 obj_cooja/mtype805.a(beep.o)
 .data          0x0000000000029084        0x0 obj_cooja/mtype805.a(button-sensor.o)
 .data          0x0000000000029084        0x0 obj_cooja/mtype805.a(leds-arch.o)
 .data          0x0000000000029084        0x0 obj_cooja/mtype805.a(moteid.o)
 .data          0x0000000000029084        0x0 obj_cooja/mtype805.a(pir-sensor.o)
 .data          0x0000000000029084        0x0 obj_cooja/mtype805.a(rs232.o)
 .data          0x0000000000029084        0x0 obj_cooja/mtype805.a(vib-sensor.o)
 .data          0x0000000000029084        0x0 obj_cooja/mtype805.a(clock.o)
 .data          0x0000000000029084        0x0 obj_cooja/mtype805.a(log.o)
 .data          0x0000000000029084        0x0 obj_cooja/mtype805.a(cfs-cooja.o)
 .data          0x0000000000029084       0x28 obj_cooja/mtype805.a(cooja-radio.o)
                0x0000000000029084                simRadioHWOn
                0x0000000000029088                simSignalStrength
                0x000000000002908c                simLastSignalStrength
                0x0000000000029090                simPower
                0x0000000000029094                simRadioChannel
                0x0000000000029098                simLQI
                0x000000000002909c                cooja_radio_process
 .data          0x00000000000290ac        0x0 obj_cooja/mtype805.a(eeprom.o)
 .data          0x00000000000290ac        0x0 obj_cooja/mtype805.a(random.o)
 .data          0x00000000000290ac       0x10 obj_cooja/mtype805.a(sensors.o)
                0x00000000000290ac                sensors_process
 .data          0x00000000000290bc        0x0 obj_cooja/mtype805.a(leds.o)
 .data          0x00000000000290bc        0x0 obj_cooja/mtype805.a(autostart.o)
 .data          0x00000000000290bc       0x14 obj_cooja/mtype805.a(ctimer.o)
                0x00000000000290c0                ctimer_process
 .data          0x00000000000290d0       0x10 obj_cooja/mtype805.a(etimer.o)
                0x00000000000290d0                etimer_process
 .data          0x00000000000290e0        0x0 obj_cooja/mtype805.a(process.o)
 .data          0x00000000000290e0        0x0 obj_cooja/mtype805.a(rtimer.o)
 .data          0x00000000000290e0        0x0 obj_cooja/mtype805.a(timer.o)
 .data          0x00000000000290e0       0x10 obj_cooja/mtype805.a(serial-line.o)
                0x00000000000290e0                serial_line_process
 .data          0x00000000000290f0        0x0 obj_cooja/mtype805.a(list.o)
 .data          0x00000000000290f0        0x0 obj_cooja/mtype805.a(ringbuf.o)
 .data          0x00000000000290f0        0x0 obj_cooja/mtype805.a(sicslowpan.o)
 .data          0x00000000000290f0       0x14 obj_cooja/mtype805.a(uip-ds6-nbr.o)
                0x0000000000029100                ds6_neighbors
 .data          0x0000000000029104       0x44 obj_cooja/mtype805.a(uip-ds6-route.o)
 .data          0x0000000000029148        0x0 obj_cooja/mtype805.a(uip-ds6.o)
 .data          0x0000000000029148       0x18 obj_cooja/mtype805.a(uip-nd6.o)
 .data          0x0000000000029160        0x0 obj_cooja/mtype805.a(uip6.o)
 .data          0x0000000000029160       0x10 obj_cooja/mtype805.a(tcpip.o)
                0x0000000000029160                tcpip_process
 .data          0x0000000000029170        0x0 obj_cooja/mtype805.a(uip-debug.o)
 .data          0x0000000000029170        0xc obj_cooja/mtype805.a(uip-packetqueue)
 .data          0x000000000002917c       0x14 obj_cooja/mtype805.a(rpl-dag.o)
                0x000000000002918c                rpl_parents
 .data          0x0000000000029190        0x0 obj_cooja/mtype805.a(rpl-ext-header.)
 .data          0x0000000000029190       0x34 obj_cooja/mtype805.a(rpl-icmp6.o)
 .data          0x00000000000291c4       0x1c obj_cooja/mtype805.a(rpl-mrhof.o)
                0x00000000000291c4                rpl_mrhof
 .data          0x00000000000291e0        0x0 obj_cooja/mtype805.a(rpl-timers.o)
 .data          0x00000000000291e0        0x0 obj_cooja/mtype805.a(rpl.o)
 .data          0x00000000000291e0        0x0 obj_cooja/mtype805.a(linkaddr.o)
 .data          0x00000000000291e0       0x10 obj_cooja/mtype805.a(nbr-table.o)
 .data          0x00000000000291f0        0x0 obj_cooja/mtype805.a(netstack.o)
 .data          0x00000000000291f0        0x4 obj_cooja/mtype805.a(packetbuf.o)
 .data          0x00000000000291f4       0x18 obj_cooja/mtype805.a(queuebuf.o)
 .data          0x000000000002920c       0x28 obj_cooja/mtype805.a(csma.o)
 .data          0x0000000000029234        0x0 obj_cooja/mtype805.a(framer-802154.o)
 .data          0x0000000000029234        0x0 obj_cooja/mtype805.a(framer.o)
 .data          0x0000000000029234        0x0 obj_cooja/mtype805.a(mac.o)
 .data          0x0000000000029234        0x0 obj_cooja/mtype805.a(nullrdc.o)
 .data          0x0000000000029234        0x0 obj_cooja/mtype805.a(nullsec.o)
 .data          0x0000000000029234        0x0 obj_cooja/mtype805.a(watchdog.o)
 .data          0x0000000000029234        0x0 obj_cooja/mtype805.a(rimestats.o)
 .data          0x0000000000029234        0x0 obj_cooja/mtype805.a(stimer.o)
 .data          0x0000000000029234        0x0 obj_cooja/mtype805.a(memb.o)
 .data          0x0000000000029234       0x20 obj_cooja/mtype805.a(uip-icmp6.o)
 .data          0x0000000000029254        0x0 obj_cooja/mtype805.a(frame802154.o)
 .data          0x0000000000029254        0x0 obj_cooja/mtype805.a(mac-sequence.o)
 .data          0x0000000000029254        0x0 /usr/lib/gcc/i686-linux-gnu/4.8/crtendS.o
 .data          0x0000000000029254        0x0 /usr/lib/gcc/i686-linux-gnu/4.8/../../../i386-linux-gnu/crtn.o

.tm_clone_table
                0x0000000000029254        0x0
 .tm_clone_table
                0x0000000000029254        0x0 /usr/lib/gcc/i686-linux-gnu/4.8/crtbeginS.o
 .tm_clone_table
                0x0000000000029254        0x0 /usr/lib/gcc/i686-linux-gnu/4.8/crtendS.o

.data1
 *(.data1)
                0x0000000000029254                _edata = .
                0x0000000000029254                PROVIDE (edata, .)
                0x0000000000029254                . = .
                0x0000000000029254                __bss_start = .

.bss            0x0000000000029260    0x117c8
 *(.dynbss)
 .dynbss        0x0000000000000000        0x0 /usr/lib/gcc/i686-linux-gnu/4.8/../../../i386-linux-gnu/crti.o
 *(.bss .bss.* .gnu.linkonce.b.*)
 .bss           0x0000000000029260        0x0 /usr/lib/gcc/i686-linux-gnu/4.8/../../../i386-linux-gnu/crti.o
 .bss           0x0000000000029260        0x1 /usr/lib/gcc/i686-linux-gnu/4.8/crtbeginS.o
 *fill*         0x0000000000029261        0x3 
 .bss           0x0000000000029264       0x14 presenca.co
 *fill*         0x0000000000029278        0x8 
 .bss           0x0000000000029280     0x2030 obj_cooja/mtype805.o
 .bss           0x000000000002b2b0        0x1 obj_cooja/mtype805.a(simEnvChange.o)
                0x000000000002b2b0                simDontFallAsleep
 *fill*         0x000000000002b2b1        0x3 
 .bss           0x000000000002b2b4        0x4 obj_cooja/mtype805.a(cooja_mt.o)
 .bss           0x000000000002b2b8        0x4 obj_cooja/mtype805.a(cooja_mtarch.o)
 .bss           0x000000000002b2bc        0xc obj_cooja/mtype805.a(rtimer-arch.o)
 .bss           0x000000000002b2c8        0x0 obj_cooja/mtype805.a(beep.o)
 .bss           0x000000000002b2c8        0x8 obj_cooja/mtype805.a(button-sensor.o)
 .bss           0x000000000002b2d0        0x0 obj_cooja/mtype805.a(leds-arch.o)
 .bss           0x000000000002b2d0        0x0 obj_cooja/mtype805.a(moteid.o)
 .bss           0x000000000002b2d0        0x1 obj_cooja/mtype805.a(pir-sensor.o)
                0x000000000002b2d0                simPirValue
 *fill*         0x000000000002b2d1        0x3 
 .bss           0x000000000002b2d4        0x4 obj_cooja/mtype805.a(rs232.o)
 .bss           0x000000000002b2d8        0x1 obj_cooja/mtype805.a(vib-sensor.o)
                0x000000000002b2d8                simVibValue
 .bss           0x000000000002b2d9        0x0 obj_cooja/mtype805.a(clock.o)
 *fill*         0x000000000002b2d9        0x7 
 .bss           0x000000000002b2e0      0x420 obj_cooja/mtype805.a(log.o)
 .bss           0x000000000002b700      0xfbc obj_cooja/mtype805.a(cfs-cooja.o)
                0x000000000002b700                simCFSData
                0x000000000002c6a0                simCFSChanged
                0x000000000002c6a4                simCFSRead
                0x000000000002c6a8                simCFSWritten
 .bss           0x000000000002c6bc       0x10 obj_cooja/mtype805.a(cooja-radio.o)
                0x000000000002c6bc                simReceiving
                0x000000000002c6c0                simInSize
                0x000000000002c6c4                simOutSize
 .bss           0x000000000002c6cc        0xc obj_cooja/mtype805.a(eeprom.o)
                0x000000000002c6cc                simEEPROMChanged
                0x000000000002c6d0                simEEPROMRead
                0x000000000002c6d4                simEEPROMWritten
 .bss           0x000000000002c6d8        0x0 obj_cooja/mtype805.a(random.o)
 .bss           0x000000000002c6d8        0xc obj_cooja/mtype805.a(sensors.o)
 .bss           0x000000000002c6e4        0x1 obj_cooja/mtype805.a(leds.o)
 .bss           0x000000000002c6e5        0x0 obj_cooja/mtype805.a(autostart.o)
 *fill*         0x000000000002c6e5        0x3 
 .bss           0x000000000002c6e8        0x5 obj_cooja/mtype805.a(ctimer.o)
 *fill*         0x000000000002c6ed        0x3 
 .bss           0x000000000002c6f0        0x8 obj_cooja/mtype805.a(etimer.o)
 *fill*         0x000000000002c6f8        0x8 
 .bss           0x000000000002c700      0x1b1 obj_cooja/mtype805.a(process.o)
                0x000000000002c700                process_list
                0x000000000002c704                process_current
 *fill*         0x000000000002c8b1        0x3 
 .bss           0x000000000002c8b4        0x4 obj_cooja/mtype805.a(rtimer.o)
 .bss           0x000000000002c8b8        0x0 obj_cooja/mtype805.a(timer.o)
 *fill*         0x000000000002c8b8        0x8 
 .bss           0x000000000002c8c0      0x140 obj_cooja/mtype805.a(serial-line.o)
 .bss           0x000000000002ca00        0x0 obj_cooja/mtype805.a(list.o)
 .bss           0x000000000002ca00        0x0 obj_cooja/mtype805.a(ringbuf.o)
 .bss           0x000000000002ca00      0x694 obj_cooja/mtype805.a(sicslowpan.o)
 *fill*         0x000000000002d094        0xc 
 .bss           0x000000000002d0a0     0x3390 obj_cooja/mtype805.a(uip-ds6-nbr.o)
 *fill*         0x0000000000030430       0x10 
 .bss           0x0000000000030440     0x44a8 obj_cooja/mtype805.a(uip-ds6-route.o)
 .bss           0x00000000000348e8       0x20 obj_cooja/mtype805.a(uip-ds6.o)
 .bss           0x0000000000034908       0x14 obj_cooja/mtype805.a(uip-nd6.o)
 .bss           0x000000000003491c        0xe obj_cooja/mtype805.a(uip6.o)
                0x000000000003491c                uip_ext_bitmap
                0x000000000003491d                uip_ext_len
                0x000000000003491e                uip_ext_opt_offset
 *fill*         0x000000000003492a       0x16 
 .bss           0x0000000000034940       0x6f obj_cooja/mtype805.a(tcpip.o)
 .bss           0x00000000000349af        0x0 obj_cooja/mtype805.a(uip-debug.o)
 *fill*         0x00000000000349af       0x11 
 .bss           0x00000000000349c0      0xcf8 obj_cooja/mtype805.a(uip-packetqueue)
 *fill*         0x00000000000356b8        0x8 
 .bss           0x00000000000356c0     0x1770 obj_cooja/mtype805.a(rpl-dag.o)
 .bss           0x0000000000036e30        0x0 obj_cooja/mtype805.a(rpl-ext-header.)
 .bss           0x0000000000036e30        0x0 obj_cooja/mtype805.a(rpl-icmp6.o)
 .bss           0x0000000000036e30        0x0 obj_cooja/mtype805.a(rpl-mrhof.o)
 *fill*         0x0000000000036e30       0x10 
 .bss           0x0000000000036e40       0x23 obj_cooja/mtype805.a(rpl-timers.o)
 *fill*         0x0000000000036e63        0x1 
 .bss           0x0000000000036e64        0x4 obj_cooja/mtype805.a(rpl.o)
 .bss           0x0000000000036e68        0x0 obj_cooja/mtype805.a(linkaddr.o)
 *fill*         0x0000000000036e68       0x18 
 .bss           0x0000000000036e80     0x1214 obj_cooja/mtype805.a(nbr-table.o)
 .bss           0x0000000000038094        0x0 obj_cooja/mtype805.a(netstack.o)
 *fill*         0x0000000000038094        0xc 
 .bss           0x00000000000380a0       0xd4 obj_cooja/mtype805.a(packetbuf.o)
 *fill*         0x0000000000038174        0xc 
 .bss           0x0000000000038180      0xb80 obj_cooja/mtype805.a(queuebuf.o)
 .bss           0x0000000000038d00      0x248 obj_cooja/mtype805.a(csma.o)
 .bss           0x0000000000038f48        0x2 obj_cooja/mtype805.a(framer-802154.o)
 .bss           0x0000000000038f4a        0x0 obj_cooja/mtype805.a(framer.o)
 .bss           0x0000000000038f4a        0x0 obj_cooja/mtype805.a(mac.o)
 .bss           0x0000000000038f4a        0x0 obj_cooja/mtype805.a(nullrdc.o)
 .bss           0x0000000000038f4a        0x0 obj_cooja/mtype805.a(nullsec.o)
 .bss           0x0000000000038f4a        0x0 obj_cooja/mtype805.a(watchdog.o)
 .bss           0x0000000000038f4a        0x0 obj_cooja/mtype805.a(rimestats.o)
 .bss           0x0000000000038f4a        0x0 obj_cooja/mtype805.a(stimer.o)
 .bss           0x0000000000038f4a        0x0 obj_cooja/mtype805.a(memb.o)
 *fill*         0x0000000000038f4a        0x2 
 .bss           0x0000000000038f4c       0x18 obj_cooja/mtype805.a(uip-icmp6.o)
 .bss           0x0000000000038f64        0x0 obj_cooja/mtype805.a(frame802154.o)
 *fill*         0x0000000000038f64       0x1c 
 .bss           0x0000000000038f80       0x90 obj_cooja/mtype805.a(mac-sequence.o)
 .bss           0x0000000000039010        0x0 /usr/lib/gcc/i686-linux-gnu/4.8/crtendS.o
 .bss           0x0000000000039010        0x0 /usr/lib/gcc/i686-linux-gnu/4.8/../../../i386-linux-gnu/crtn.o
 *(COMMON)
 COMMON         0x0000000000039010        0x8 obj_cooja/mtype805.o
                0x0000000000039010                referenceVar
                0x0000000000039014                sensors_flags
 COMMON         0x0000000000039018        0xc obj_cooja/mtype805.a(simEnvChange.o)
                0x0000000000039018                simEtimerPending
                0x000000000003901c                simProcessRunValue
                0x0000000000039020                simNextExpirationTime
 COMMON         0x0000000000039024        0x1 obj_cooja/mtype805.a(beep.o)
                0x0000000000039024                simBeeped
 COMMON         0x0000000000039025        0x3 obj_cooja/mtype805.a(button-sensor.o)
                0x0000000000039025                simButtonIsActive
                0x0000000000039026                simButtonIsDown
                0x0000000000039027                simButtonChanged
 COMMON         0x0000000000039028        0x1 obj_cooja/mtype805.a(leds-arch.o)
                0x0000000000039028                simLedsValue
 *fill*         0x0000000000039029        0x3 
 COMMON         0x000000000003902c        0xc obj_cooja/mtype805.a(moteid.o)
                0x000000000003902c                simRandomSeed
                0x0000000000039030                simMoteIDChanged
                0x0000000000039034                simMoteID
 COMMON         0x0000000000039038        0x2 obj_cooja/mtype805.a(pir-sensor.o)
                0x0000000000039038                simPirIsActive
                0x0000000000039039                simPirChanged
 *fill*         0x000000000003903a        0x6 
 COMMON         0x0000000000039040      0x420 obj_cooja/mtype805.a(rs232.o)
                0x0000000000039040                simSerialReceivingFlag
                0x0000000000039044                simSerialReceivingLength
                0x0000000000039060                simSerialReceivingData
 COMMON         0x0000000000039460        0x2 obj_cooja/mtype805.a(vib-sensor.o)
                0x0000000000039460                simVibChanged
                0x0000000000039461                simVibIsActive
 *fill*         0x0000000000039462        0x2 
 COMMON         0x0000000000039464        0x4 obj_cooja/mtype805.a(clock.o)
                0x0000000000039464                simCurrentTime
 *fill*         0x0000000000039468       0x18 
 COMMON         0x0000000000039480      0x420 obj_cooja/mtype805.a(log.o)
                0x0000000000039480                simLoggedLength
                0x0000000000039484                simLoggedFlag
                0x00000000000394a0                simLoggedData
 COMMON         0x00000000000398a0      0x100 obj_cooja/mtype805.a(cooja-radio.o)
                0x00000000000398a0                simOutDataBuffer
                0x0000000000039920                simInDataBuffer
 COMMON         0x00000000000399a0      0x400 obj_cooja/mtype805.a(eeprom.o)
                0x00000000000399a0                simEEPROMData
 COMMON         0x0000000000039da0        0x1 obj_cooja/mtype805.a(sensors.o)
                0x0000000000039da0                sensors_event
 COMMON         0x0000000000039da1        0x1 obj_cooja/mtype805.a(serial-line.o)
                0x0000000000039da1                serial_line_event_message
 COMMON         0x0000000000039da2        0x8 obj_cooja/mtype805.a(sicslowpan.o)
                0x0000000000039da2                frag_sender
 *fill*         0x0000000000039daa       0x16 
 COMMON         0x0000000000039dc0      0x181 obj_cooja/mtype805.a(uip-ds6.o)
                0x0000000000039dc0                uip_ds6_prefix_list
                0x0000000000039e20                uip_ds6_timer_periodic
                0x0000000000039e30                uip_ds6_netif_addr_list_offset
                0x0000000000039e40                uip_ds6_if
                0x0000000000039f38                uip_ds6_timer_ra
                0x0000000000039f40                uip_ds6_addr_size
 *fill*         0x0000000000039f41       0x1f 
 COMMON         0x0000000000039f60      0x8ec obj_cooja/mtype805.a(uip6.o)
                0x0000000000039f60                uip_slen
                0x0000000000039f62                uip_acc32
                0x0000000000039f80                uip_conns
                0x000000000003a040                uip_lladdr
                0x000000000003a048                uip_appdata
                0x000000000003a04c                uip_flags
                0x000000000003a060                uip_aligned_buf
                0x000000000003a6a0                uip_listenports
                0x000000000003a6b0                uip_len
                0x000000000003a6b4                uip_sappdata
                0x000000000003a6c0                uip_udp_conns
                0x000000000003a840                uip_udp_conn
                0x000000000003a844                uip_next_hdr
                0x000000000003a848                uip_conn
 COMMON         0x000000000003a84c        0x1 obj_cooja/mtype805.a(tcpip.o)
                0x000000000003a84c                tcpip_event
 *fill*         0x000000000003a84d       0x13 
 COMMON         0x000000000003a860      0x144 obj_cooja/mtype805.a(rpl-dag.o)
                0x000000000003a860                default_instance
                0x000000000003a880                instance_table
 COMMON         0x000000000003a9a4        0x8 obj_cooja/mtype805.a(linkaddr.o)
                0x000000000003a9a4                linkaddr_node_addr
 COMMON         0x000000000003a9ac       0x2e obj_cooja/mtype805.a(packetbuf.o)
                0x000000000003a9ac                packetbuf_attrs
                0x000000000003a9ca                packetbuf_addrs
 *fill*         0x000000000003a9da        0x6 
 COMMON         0x000000000003a9e0       0x48 obj_cooja/mtype805.a(rimestats.o)
                0x000000000003a9e0                rimestats
                0x000000000003aa28                . = ALIGN ((. != 0x0)?0x4:0x1)
                0x000000000003aa28                . = ALIGN (0x4)
                0x000000000003aa28                . = SEGMENT_START ("ldata-segment", .)
                0x000000000003aa28                . = ALIGN (0x4)
                0x000000000003aa28                _end = .
                0x000000000003aa28                PROVIDE (end, .)
                0x000000000003aa28                . = DATA_SEGMENT_END (.)

.stab
 *(.stab)

.stabstr
 *(.stabstr)

.stab.excl
 *(.stab.excl)

.stab.exclstr
 *(.stab.exclstr)

.stab.index
 *(.stab.index)

.stab.indexstr
 *(.stab.indexstr)

.comment        0x0000000000000000       0x29
 *(.comment)
 .comment       0x0000000000000000       0x29 /usr/lib/gcc/i686-linux-gnu/4.8/crtbeginS.o
                                         0x2a (size before relaxing)
 .comment       0x0000000000000000       0x2a presenca.co
 .comment       0x0000000000000000       0x2a obj_cooja/mtype805.o
 .comment       0x0000000000000000       0x2a obj_cooja/mtype805.a(simEnvChange.o)
 .comment       0x0000000000000000       0x2a obj_cooja/mtype805.a(cooja_mt.o)
 .comment       0x0000000000000000       0x2a obj_cooja/mtype805.a(cooja_mtarch.o)
 .comment       0x0000000000000000       0x2a obj_cooja/mtype805.a(rtimer-arch.o)
 .comment       0x0000000000000000       0x2a obj_cooja/mtype805.a(beep.o)
 .comment       0x0000000000000000       0x2a obj_cooja/mtype805.a(button-sensor.o)
 .comment       0x0000000000000000       0x2a obj_cooja/mtype805.a(leds-arch.o)
 .comment       0x0000000000000000       0x2a obj_cooja/mtype805.a(moteid.o)
 .comment       0x0000000000000000       0x2a obj_cooja/mtype805.a(pir-sensor.o)
 .comment       0x0000000000000000       0x2a obj_cooja/mtype805.a(rs232.o)
 .comment       0x0000000000000000       0x2a obj_cooja/mtype805.a(vib-sensor.o)
 .comment       0x0000000000000000       0x2a obj_cooja/mtype805.a(clock.o)
 .comment       0x0000000000000000       0x2a obj_cooja/mtype805.a(log.o)
 .comment       0x0000000000000000       0x2a obj_cooja/mtype805.a(cfs-cooja.o)
 .comment       0x0000000000000000       0x2a obj_cooja/mtype805.a(cooja-radio.o)
 .comment       0x0000000000000000       0x2a obj_cooja/mtype805.a(eeprom.o)
 .comment       0x0000000000000000       0x2a obj_cooja/mtype805.a(random.o)
 .comment       0x0000000000000000       0x2a obj_cooja/mtype805.a(sensors.o)
 .comment       0x0000000000000000       0x2a obj_cooja/mtype805.a(leds.o)
 .comment       0x0000000000000000       0x2a obj_cooja/mtype805.a(autostart.o)
 .comment       0x0000000000000000       0x2a obj_cooja/mtype805.a(ctimer.o)
 .comment       0x0000000000000000       0x2a obj_cooja/mtype805.a(etimer.o)
 .comment       0x0000000000000000       0x2a obj_cooja/mtype805.a(process.o)
 .comment       0x0000000000000000       0x2a obj_cooja/mtype805.a(rtimer.o)
 .comment       0x0000000000000000       0x2a obj_cooja/mtype805.a(timer.o)
 .comment       0x0000000000000000       0x2a obj_cooja/mtype805.a(serial-line.o)
 .comment       0x0000000000000000       0x2a obj_cooja/mtype805.a(list.o)
 .comment       0x0000000000000000       0x2a obj_cooja/mtype805.a(ringbuf.o)
 .comment       0x0000000000000000       0x2a obj_cooja/mtype805.a(sicslowpan.o)
 .comment       0x0000000000000000       0x2a obj_cooja/mtype805.a(uip-ds6-nbr.o)
 .comment       0x0000000000000000       0x2a obj_cooja/mtype805.a(uip-ds6-route.o)
 .comment       0x0000000000000000       0x2a obj_cooja/mtype805.a(uip-ds6.o)
 .comment       0x0000000000000000       0x2a obj_cooja/mtype805.a(uip-nd6.o)
 .comment       0x0000000000000000       0x2a obj_cooja/mtype805.a(uip6.o)
 .comment       0x0000000000000000       0x2a obj_cooja/mtype805.a(tcpip.o)
 .comment       0x0000000000000000       0x2a obj_cooja/mtype805.a(uip-debug.o)
 .comment       0x0000000000000000       0x2a obj_cooja/mtype805.a(uip-packetqueue)
 .comment       0x0000000000000000       0x2a obj_cooja/mtype805.a(rpl-dag.o)
 .comment       0x0000000000000000       0x2a obj_cooja/mtype805.a(rpl-ext-header.)
 .comment       0x0000000000000000       0x2a obj_cooja/mtype805.a(rpl-icmp6.o)
 .comment       0x0000000000000000       0x2a obj_cooja/mtype805.a(rpl-mrhof.o)
 .comment       0x0000000000000000       0x2a obj_cooja/mtype805.a(rpl-timers.o)
 .comment       0x0000000000000000       0x2a obj_cooja/mtype805.a(rpl.o)
 .comment       0x0000000000000000       0x2a obj_cooja/mtype805.a(linkaddr.o)
 .comment       0x0000000000000000       0x2a obj_cooja/mtype805.a(nbr-table.o)
 .comment       0x0000000000000000       0x2a obj_cooja/mtype805.a(netstack.o)
 .comment       0x0000000000000000       0x2a obj_cooja/mtype805.a(packetbuf.o)
 .comment       0x0000000000000000       0x2a obj_cooja/mtype805.a(queuebuf.o)
 .comment       0x0000000000000000       0x2a obj_cooja/mtype805.a(csma.o)
 .comment       0x0000000000000000       0x2a obj_cooja/mtype805.a(framer-802154.o)
 .comment       0x0000000000000000       0x2a obj_cooja/mtype805.a(framer.o)
 .comment       0x0000000000000000       0x2a obj_cooja/mtype805.a(mac.o)
 .comment       0x0000000000000000       0x2a obj_cooja/mtype805.a(nullrdc.o)
 .comment       0x0000000000000000       0x2a obj_cooja/mtype805.a(nullsec.o)
 .comment       0x0000000000000000       0x2a obj_cooja/mtype805.a(watchdog.o)
 .comment       0x0000000000000000       0x2a obj_cooja/mtype805.a(rimestats.o)
 .comment       0x0000000000000000       0x2a obj_cooja/mtype805.a(stimer.o)
 .comment       0x0000000000000000       0x2a obj_cooja/mtype805.a(memb.o)
 .comment       0x0000000000000000       0x2a obj_cooja/mtype805.a(uip-icmp6.o)
 .comment       0x0000000000000000       0x2a obj_cooja/mtype805.a(frame802154.o)
 .comment       0x0000000000000000       0x2a obj_cooja/mtype805.a(mac-sequence.o)
 .comment       0x0000000000000000       0x2a /usr/lib/gcc/i686-linux-gnu/4.8/crtendS.o

.debug
 *(.debug)

.line
 *(.line)

.debug_srcinfo
 *(.debug_srcinfo)

.debug_sfnames
 *(.debug_sfnames)

.debug_aranges  0x0000000000000000      0x7d8
 *(.debug_aranges)
 .debug_aranges
                0x0000000000000000       0x20 presenca.co
 .debug_aranges
                0x0000000000000020       0x20 obj_cooja/mtype805.o
 .debug_aranges
                0x0000000000000040       0x20 obj_cooja/mtype805.a(simEnvChange.o)
 .debug_aranges
                0x0000000000000060       0x20 obj_cooja/mtype805.a(cooja_mt.o)
 .debug_aranges
                0x0000000000000080       0x20 obj_cooja/mtype805.a(cooja_mtarch.o)
 .debug_aranges
                0x00000000000000a0       0x20 obj_cooja/mtype805.a(rtimer-arch.o)
 .debug_aranges
                0x00000000000000c0       0x20 obj_cooja/mtype805.a(beep.o)
 .debug_aranges
                0x00000000000000e0       0x20 obj_cooja/mtype805.a(button-sensor.o)
 .debug_aranges
                0x0000000000000100       0x20 obj_cooja/mtype805.a(leds-arch.o)
 .debug_aranges
                0x0000000000000120       0x20 obj_cooja/mtype805.a(moteid.o)
 .debug_aranges
                0x0000000000000140       0x20 obj_cooja/mtype805.a(pir-sensor.o)
 .debug_aranges
                0x0000000000000160       0x20 obj_cooja/mtype805.a(rs232.o)
 .debug_aranges
                0x0000000000000180       0x20 obj_cooja/mtype805.a(vib-sensor.o)
 .debug_aranges
                0x00000000000001a0       0x20 obj_cooja/mtype805.a(clock.o)
 .debug_aranges
                0x00000000000001c0       0x20 obj_cooja/mtype805.a(log.o)
 .debug_aranges
                0x00000000000001e0       0x20 obj_cooja/mtype805.a(cfs-cooja.o)
 .debug_aranges
                0x0000000000000200       0x20 obj_cooja/mtype805.a(cooja-radio.o)
 .debug_aranges
                0x0000000000000220       0x20 obj_cooja/mtype805.a(eeprom.o)
 .debug_aranges
                0x0000000000000240       0x20 obj_cooja/mtype805.a(random.o)
 .debug_aranges
                0x0000000000000260       0x20 obj_cooja/mtype805.a(sensors.o)
 .debug_aranges
                0x0000000000000280       0x20 obj_cooja/mtype805.a(leds.o)
 .debug_aranges
                0x00000000000002a0       0x20 obj_cooja/mtype805.a(autostart.o)
 .debug_aranges
                0x00000000000002c0       0x20 obj_cooja/mtype805.a(ctimer.o)
 .debug_aranges
                0x00000000000002e0       0x20 obj_cooja/mtype805.a(etimer.o)
 .debug_aranges
                0x0000000000000300       0x20 obj_cooja/mtype805.a(process.o)
 .debug_aranges
                0x0000000000000320       0x20 obj_cooja/mtype805.a(rtimer.o)
 .debug_aranges
                0x0000000000000340       0x20 obj_cooja/mtype805.a(timer.o)
 .debug_aranges
                0x0000000000000360       0x20 obj_cooja/mtype805.a(serial-line.o)
 .debug_aranges
                0x0000000000000380       0x20 obj_cooja/mtype805.a(list.o)
 .debug_aranges
                0x00000000000003a0       0x20 obj_cooja/mtype805.a(ringbuf.o)
 .debug_aranges
                0x00000000000003c0       0x20 obj_cooja/mtype805.a(sicslowpan.o)
 .debug_aranges
                0x00000000000003e0       0x20 obj_cooja/mtype805.a(uip-ds6-nbr.o)
 .debug_aranges
                0x0000000000000400       0x20 obj_cooja/mtype805.a(uip-ds6-route.o)
 .debug_aranges
                0x0000000000000420       0x20 obj_cooja/mtype805.a(uip-ds6.o)
 .debug_aranges
                0x0000000000000440       0x20 obj_cooja/mtype805.a(uip-nd6.o)
 .debug_aranges
                0x0000000000000460       0x20 obj_cooja/mtype805.a(uip6.o)
 .debug_aranges
                0x0000000000000480       0x20 obj_cooja/mtype805.a(tcpip.o)
 .debug_aranges
                0x00000000000004a0       0x20 obj_cooja/mtype805.a(uip-debug.o)
 .debug_aranges
                0x00000000000004c0       0x20 obj_cooja/mtype805.a(uip-packetqueue)
 .debug_aranges
                0x00000000000004e0       0x20 obj_cooja/mtype805.a(rpl-dag.o)
 .debug_aranges
                0x0000000000000500       0x20 obj_cooja/mtype805.a(rpl-ext-header.)
 .debug_aranges
                0x0000000000000520       0x20 obj_cooja/mtype805.a(rpl-icmp6.o)
 .debug_aranges
                0x0000000000000540       0x20 obj_cooja/mtype805.a(rpl-mrhof.o)
 .debug_aranges
                0x0000000000000560       0x20 obj_cooja/mtype805.a(rpl-timers.o)
 .debug_aranges
                0x0000000000000580       0x20 obj_cooja/mtype805.a(rpl.o)
 .debug_aranges
                0x00000000000005a0       0x20 obj_cooja/mtype805.a(linkaddr.o)
 .debug_aranges
                0x00000000000005c0       0x20 obj_cooja/mtype805.a(nbr-table.o)
 .debug_aranges
                0x00000000000005e0       0x20 obj_cooja/mtype805.a(netstack.o)
 .debug_aranges
                0x0000000000000600       0x20 obj_cooja/mtype805.a(packetbuf.o)
 .debug_aranges
                0x0000000000000620       0x20 obj_cooja/mtype805.a(queuebuf.o)
 .debug_aranges
                0x0000000000000640       0x20 obj_cooja/mtype805.a(csma.o)
 .debug_aranges
                0x0000000000000660       0x20 obj_cooja/mtype805.a(framer-802154.o)
 .debug_aranges
                0x0000000000000680       0x20 obj_cooja/mtype805.a(framer.o)
 .debug_aranges
                0x00000000000006a0       0x20 obj_cooja/mtype805.a(mac.o)
 .debug_aranges
                0x00000000000006c0       0x20 obj_cooja/mtype805.a(nullrdc.o)
 .debug_aranges
                0x00000000000006e0       0x20 obj_cooja/mtype805.a(nullsec.o)
 .debug_aranges
                0x0000000000000700       0x20 obj_cooja/mtype805.a(watchdog.o)
 .debug_aranges
                0x0000000000000720       0x18 obj_cooja/mtype805.a(rimestats.o)
 .debug_aranges
                0x0000000000000738       0x20 obj_cooja/mtype805.a(stimer.o)
 .debug_aranges
                0x0000000000000758       0x20 obj_cooja/mtype805.a(memb.o)
 .debug_aranges
                0x0000000000000778       0x20 obj_cooja/mtype805.a(uip-icmp6.o)
 .debug_aranges
                0x0000000000000798       0x20 obj_cooja/mtype805.a(frame802154.o)
 .debug_aranges
                0x00000000000007b8       0x20 obj_cooja/mtype805.a(mac-sequence.o)

.debug_pubnames
 *(.debug_pubnames)

.debug_info     0x0000000000000000    0x1944d
 *(.debug_info .gnu.linkonce.wi.*)
 .debug_info    0x0000000000000000      0x333 presenca.co
 .debug_info    0x0000000000000333     0x3711 obj_cooja/mtype805.o
 .debug_info    0x0000000000003a44      0x15a obj_cooja/mtype805.a(simEnvChange.o)
 .debug_info    0x0000000000003b9e      0x1e2 obj_cooja/mtype805.a(cooja_mt.o)
 .debug_info    0x0000000000003d80      0x2e7 obj_cooja/mtype805.a(cooja_mtarch.o)
 .debug_info    0x0000000000004067      0x16b obj_cooja/mtype805.a(rtimer-arch.o)
 .debug_info    0x00000000000041d2      0x1f3 obj_cooja/mtype805.a(beep.o)
 .debug_info    0x00000000000043c5      0x257 obj_cooja/mtype805.a(button-sensor.o)
 .debug_info    0x000000000000461c      0x132 obj_cooja/mtype805.a(leds-arch.o)
 .debug_info    0x000000000000474e      0x10a obj_cooja/mtype805.a(moteid.o)
 .debug_info    0x0000000000004858      0x216 obj_cooja/mtype805.a(pir-sensor.o)
 .debug_info    0x0000000000004a6e      0x22b obj_cooja/mtype805.a(rs232.o)
 .debug_info    0x0000000000004c99      0x216 obj_cooja/mtype805.a(vib-sensor.o)
 .debug_info    0x0000000000004eaf      0x152 obj_cooja/mtype805.a(clock.o)
 .debug_info    0x0000000000005001      0x2bb obj_cooja/mtype805.a(log.o)
 .debug_info    0x00000000000052bc      0x3d5 obj_cooja/mtype805.a(cfs-cooja.o)
 .debug_info    0x0000000000005691      0xba8 obj_cooja/mtype805.a(cooja-radio.o)
 .debug_info    0x0000000000006239      0x214 obj_cooja/mtype805.a(eeprom.o)
 .debug_info    0x000000000000644d       0xb3 obj_cooja/mtype805.a(random.o)
 .debug_info    0x0000000000006500      0x36d obj_cooja/mtype805.a(sensors.o)
 .debug_info    0x000000000000686d      0x189 obj_cooja/mtype805.a(leds.o)
 .debug_info    0x00000000000069f6      0x1a5 obj_cooja/mtype805.a(autostart.o)
 .debug_info    0x0000000000006b9b      0x418 obj_cooja/mtype805.a(ctimer.o)
 .debug_info    0x0000000000006fb3      0x46b obj_cooja/mtype805.a(etimer.o)
 .debug_info    0x000000000000741e      0x4ba obj_cooja/mtype805.a(process.o)
 .debug_info    0x00000000000078d8      0x1ab obj_cooja/mtype805.a(rtimer.o)
 .debug_info    0x0000000000007a83      0x16c obj_cooja/mtype805.a(timer.o)
 .debug_info    0x0000000000007bef      0x2de obj_cooja/mtype805.a(serial-line.o)
 .debug_info    0x0000000000007ecd      0x2ed obj_cooja/mtype805.a(list.o)
 .debug_info    0x00000000000081ba      0x1aa obj_cooja/mtype805.a(ringbuf.o)
 .debug_info    0x0000000000008364      0xe39 obj_cooja/mtype805.a(sicslowpan.o)
 .debug_info    0x000000000000919d      0xab8 obj_cooja/mtype805.a(uip-ds6-nbr.o)
 .debug_info    0x0000000000009c55      0xcc7 obj_cooja/mtype805.a(uip-ds6-route.o)
 .debug_info    0x000000000000a91c      0xa45 obj_cooja/mtype805.a(uip-ds6.o)
 .debug_info    0x000000000000b361      0x9d6 obj_cooja/mtype805.a(uip-nd6.o)
 .debug_info    0x000000000000bd37      0xe26 obj_cooja/mtype805.a(uip6.o)
 .debug_info    0x000000000000cb5d     0x1574 obj_cooja/mtype805.a(tcpip.o)
 .debug_info    0x000000000000e0d1      0x1b5 obj_cooja/mtype805.a(uip-debug.o)
 .debug_info    0x000000000000e286      0x470 obj_cooja/mtype805.a(uip-packetqueue)
 .debug_info    0x000000000000e6f6     0x1863 obj_cooja/mtype805.a(rpl-dag.o)
 .debug_info    0x000000000000ff59      0xd5c obj_cooja/mtype805.a(rpl-ext-header.)
 .debug_info    0x0000000000010cb5     0x1467 obj_cooja/mtype805.a(rpl-icmp6.o)
 .debug_info    0x000000000001211c      0xaa8 obj_cooja/mtype805.a(rpl-mrhof.o)
 .debug_info    0x0000000000012bc4      0xb0f obj_cooja/mtype805.a(rpl-timers.o)
 .debug_info    0x00000000000136d3      0xc74 obj_cooja/mtype805.a(rpl.o)
 .debug_info    0x0000000000014347      0x165 obj_cooja/mtype805.a(linkaddr.o)
 .debug_info    0x00000000000144ac      0x812 obj_cooja/mtype805.a(nbr-table.o)
 .debug_info    0x0000000000014cbe      0x461 obj_cooja/mtype805.a(netstack.o)
 .debug_info    0x000000000001511f      0x4fa obj_cooja/mtype805.a(packetbuf.o)
 .debug_info    0x0000000000015619      0x583 obj_cooja/mtype805.a(queuebuf.o)
 .debug_info    0x0000000000015b9c      0xaeb obj_cooja/mtype805.a(csma.o)
 .debug_info    0x0000000000016687      0x643 obj_cooja/mtype805.a(framer-802154.o)
 .debug_info    0x0000000000016cca      0x285 obj_cooja/mtype805.a(framer.o)
 .debug_info    0x0000000000016f4f      0x112 obj_cooja/mtype805.a(mac.o)
 .debug_info    0x0000000000017061      0xc1f obj_cooja/mtype805.a(nullrdc.o)
 .debug_info    0x0000000000017c80      0x42c obj_cooja/mtype805.a(nullsec.o)
 .debug_info    0x00000000000180ac       0x7b obj_cooja/mtype805.a(watchdog.o)
 .debug_info    0x0000000000018127      0x119 obj_cooja/mtype805.a(rimestats.o)
 .debug_info    0x0000000000018240      0x179 obj_cooja/mtype805.a(stimer.o)
 .debug_info    0x00000000000183b9      0x1d7 obj_cooja/mtype805.a(memb.o)
 .debug_info    0x0000000000018590      0x780 obj_cooja/mtype805.a(uip-icmp6.o)
 .debug_info    0x0000000000018d10      0x4a0 obj_cooja/mtype805.a(frame802154.o)
 .debug_info    0x00000000000191b0      0x29d obj_cooja/mtype805.a(mac-sequence.o)

.debug_abbrev   0x0000000000000000     0x65c7
 *(.debug_abbrev)
 .debug_abbrev  0x0000000000000000      0x15c presenca.co
 .debug_abbrev  0x000000000000015c      0x2c0 obj_cooja/mtype805.o
 .debug_abbrev  0x000000000000041c       0xc3 obj_cooja/mtype805.a(simEnvChange.o)
 .debug_abbrev  0x00000000000004df       0xe6 obj_cooja/mtype805.a(cooja_mt.o)
 .debug_abbrev  0x00000000000005c5      0x147 obj_cooja/mtype805.a(cooja_mtarch.o)
 .debug_abbrev  0x000000000000070c       0xcc obj_cooja/mtype805.a(rtimer-arch.o)
 .debug_abbrev  0x00000000000007d8       0xe3 obj_cooja/mtype805.a(beep.o)
 .debug_abbrev  0x00000000000008bb      0x11c obj_cooja/mtype805.a(button-sensor.o)
 .debug_abbrev  0x00000000000009d7       0xe1 obj_cooja/mtype805.a(leds-arch.o)
 .debug_abbrev  0x0000000000000ab8       0x9c obj_cooja/mtype805.a(moteid.o)
 .debug_abbrev  0x0000000000000b54       0xe6 obj_cooja/mtype805.a(pir-sensor.o)
 .debug_abbrev  0x0000000000000c3a      0x160 obj_cooja/mtype805.a(rs232.o)
 .debug_abbrev  0x0000000000000d9a       0xe6 obj_cooja/mtype805.a(vib-sensor.o)
 .debug_abbrev  0x0000000000000e80       0xee obj_cooja/mtype805.a(clock.o)
 .debug_abbrev  0x0000000000000f6e      0x141 obj_cooja/mtype805.a(log.o)
 .debug_abbrev  0x00000000000010af      0x158 obj_cooja/mtype805.a(cfs-cooja.o)
 .debug_abbrev  0x0000000000001207      0x2d6 obj_cooja/mtype805.a(cooja-radio.o)
 .debug_abbrev  0x00000000000014dd      0x11b obj_cooja/mtype805.a(eeprom.o)
 .debug_abbrev  0x00000000000015f8       0x6d obj_cooja/mtype805.a(random.o)
 .debug_abbrev  0x0000000000001665      0x1c2 obj_cooja/mtype805.a(sensors.o)
 .debug_abbrev  0x0000000000001827       0xac obj_cooja/mtype805.a(leds.o)
 .debug_abbrev  0x00000000000018d3       0xfb obj_cooja/mtype805.a(autostart.o)
 .debug_abbrev  0x00000000000019ce      0x1a1 obj_cooja/mtype805.a(ctimer.o)
 .debug_abbrev  0x0000000000001b6f      0x1f1 obj_cooja/mtype805.a(etimer.o)
 .debug_abbrev  0x0000000000001d60      0x244 obj_cooja/mtype805.a(process.o)
 .debug_abbrev  0x0000000000001fa4      0x124 obj_cooja/mtype805.a(rtimer.o)
 .debug_abbrev  0x00000000000020c8       0xf5 obj_cooja/mtype805.a(timer.o)
 .debug_abbrev  0x00000000000021bd      0x190 obj_cooja/mtype805.a(serial-line.o)
 .debug_abbrev  0x000000000000234d      0x145 obj_cooja/mtype805.a(list.o)
 .debug_abbrev  0x0000000000002492       0xdb obj_cooja/mtype805.a(ringbuf.o)
 .debug_abbrev  0x000000000000256d      0x2b5 obj_cooja/mtype805.a(sicslowpan.o)
 .debug_abbrev  0x0000000000002822      0x2b5 obj_cooja/mtype805.a(uip-ds6-nbr.o)
 .debug_abbrev  0x0000000000002ad7      0x2d6 obj_cooja/mtype805.a(uip-ds6-route.o)
 .debug_abbrev  0x0000000000002dad      0x22d obj_cooja/mtype805.a(uip-ds6.o)
 .debug_abbrev  0x0000000000002fda      0x252 obj_cooja/mtype805.a(uip-nd6.o)
 .debug_abbrev  0x000000000000322c      0x2d8 obj_cooja/mtype805.a(uip6.o)
 .debug_abbrev  0x0000000000003504      0x34b obj_cooja/mtype805.a(tcpip.o)
 .debug_abbrev  0x000000000000384f       0xcb obj_cooja/mtype805.a(uip-debug.o)
 .debug_abbrev  0x000000000000391a      0x1d4 obj_cooja/mtype805.a(uip-packetqueue)
 .debug_abbrev  0x0000000000003aee      0x373 obj_cooja/mtype805.a(rpl-dag.o)
 .debug_abbrev  0x0000000000003e61      0x26c obj_cooja/mtype805.a(rpl-ext-header.)
 .debug_abbrev  0x00000000000040cd      0x325 obj_cooja/mtype805.a(rpl-icmp6.o)
 .debug_abbrev  0x00000000000043f2      0x204 obj_cooja/mtype805.a(rpl-mrhof.o)
 .debug_abbrev  0x00000000000045f6      0x267 obj_cooja/mtype805.a(rpl-timers.o)
 .debug_abbrev  0x000000000000485d      0x25c obj_cooja/mtype805.a(rpl.o)
 .debug_abbrev  0x0000000000004ab9       0xd8 obj_cooja/mtype805.a(linkaddr.o)
 .debug_abbrev  0x0000000000004b91      0x1e6 obj_cooja/mtype805.a(nbr-table.o)
 .debug_abbrev  0x0000000000004d77      0x102 obj_cooja/mtype805.a(netstack.o)
 .debug_abbrev  0x0000000000004e79      0x240 obj_cooja/mtype805.a(packetbuf.o)
 .debug_abbrev  0x00000000000050b9      0x1f4 obj_cooja/mtype805.a(queuebuf.o)
 .debug_abbrev  0x00000000000052ad      0x2c4 obj_cooja/mtype805.a(csma.o)
 .debug_abbrev  0x0000000000005571      0x209 obj_cooja/mtype805.a(framer-802154.o)
 .debug_abbrev  0x000000000000577a      0x144 obj_cooja/mtype805.a(framer.o)
 .debug_abbrev  0x00000000000058be       0xa3 obj_cooja/mtype805.a(mac.o)
 .debug_abbrev  0x0000000000005961      0x2f3 obj_cooja/mtype805.a(nullrdc.o)
 .debug_abbrev  0x0000000000005c54      0x1f6 obj_cooja/mtype805.a(nullsec.o)
 .debug_abbrev  0x0000000000005e4a       0x2c obj_cooja/mtype805.a(watchdog.o)