Archive member included to satisfy reference by file (symbol)

obj_cooja/mtype351.a(servreg-hack.o)
                              unicast-receiver.co (servreg_hack_init)
obj_cooja/mtype351.a(simEnvChange.o)
                              obj_cooja/mtype351.o (simDontFallAsleep)
obj_cooja/mtype351.a(cooja_mt.o)
                              obj_cooja/mtype351.o (cooja_mt_start)
obj_cooja/mtype351.a(cooja_mtarch.o)
                              obj_cooja/mtype351.a(cooja_mt.o) (cooja_mtarch_init)
obj_cooja/mtype351.a(rtimer-arch.o)
                              obj_cooja/mtype351.o (rtimer_arch_next)
obj_cooja/mtype351.a(beep.o)  obj_cooja/mtype351.o (beep_interface)
obj_cooja/mtype351.a(button-sensor.o)
                              obj_cooja/mtype351.o (button_interface)
obj_cooja/mtype351.a(leds-arch.o)
                              obj_cooja/mtype351.o (leds_interface)
obj_cooja/mtype351.a(moteid.o)
                              obj_cooja/mtype351.o (moteid_interface)
obj_cooja/mtype351.a(pir-sensor.o)
                              obj_cooja/mtype351.o (pir_interface)
obj_cooja/mtype351.a(rs232.o)
                              obj_cooja/mtype351.o (rs232_interface)
obj_cooja/mtype351.a(vib-sensor.o)
                              obj_cooja/mtype351.o (vib_interface)
obj_cooja/mtype351.a(clock.o)
                              obj_cooja/mtype351.o (clock_interface)
obj_cooja/mtype351.a(log.o)   obj_cooja/mtype351.o (simlog_interface)
obj_cooja/mtype351.a(cfs-cooja.o)
                              obj_cooja/mtype351.o (cfs_interface)
obj_cooja/mtype351.a(cooja-radio.o)
                              obj_cooja/mtype351.o (radio_interface)
obj_cooja/mtype351.a(eeprom.o)
                              obj_cooja/mtype351.o (eeprom_interface)
obj_cooja/mtype351.a(random.o)
                              obj_cooja/mtype351.a(moteid.o) (random_init)
obj_cooja/mtype351.a(sensors.o)
                              obj_cooja/mtype351.o (sensors_process)
obj_cooja/mtype351.a(autostart.o)
                              obj_cooja/mtype351.o (autostart_start)
obj_cooja/mtype351.a(ctimer.o)
                              obj_cooja/mtype351.o (ctimer_init)
obj_cooja/mtype351.a(etimer.o)
                              obj_cooja/mtype351.o (etimer_process)
obj_cooja/mtype351.a(process.o)
                              obj_cooja/mtype351.a(servreg-hack.o) (process_current)
obj_cooja/mtype351.a(rtimer.o)
                              obj_cooja/mtype351.a(rtimer-arch.o) (rtimer_run_next)
obj_cooja/mtype351.a(timer.o)
                              obj_cooja/mtype351.a(servreg-hack.o) (timer_set)
obj_cooja/mtype351.a(serial-line.o)
                              obj_cooja/mtype351.a(rs232.o) (serial_line_input_byte)
obj_cooja/mtype351.a(list.o)  obj_cooja/mtype351.a(servreg-hack.o) (list_init)
obj_cooja/mtype351.a(memb.o)  obj_cooja/mtype351.a(servreg-hack.o) (memb_init)
obj_cooja/mtype351.a(ringbuf.o)
                              obj_cooja/mtype351.a(serial-line.o) (ringbuf_init)
obj_cooja/mtype351.a(sicslowpan.o)
                              obj_cooja/mtype351.o (sicslowpan_driver)
obj_cooja/mtype351.a(uip-ds6-nbr.o)
                              obj_cooja/mtype351.a(sicslowpan.o) (uip_ds6_link_neighbor_callback)
obj_cooja/mtype351.a(uip-ds6-route.o)
                              obj_cooja/mtype351.a(uip-ds6-nbr.o) (uip_ds6_defrt_lookup)
obj_cooja/mtype351.a(uip-ds6.o)
                              unicast-receiver.co (uip_ds6_if)
obj_cooja/mtype351.a(uip-nd6.o)
                              obj_cooja/mtype351.a(uip-ds6-nbr.o) (uip_nd6_ns_output)
obj_cooja/mtype351.a(uip6.o)  unicast-receiver.co (uip_lladdr)
obj_cooja/mtype351.a(simple-udp.o)
                              unicast-receiver.co (simple_udp_register)
obj_cooja/mtype351.a(tcpip.o)
                              obj_cooja/mtype351.a(servreg-hack.o) (tcpip_event)
obj_cooja/mtype351.a(uip-debug.o)
                              unicast-receiver.co (uip_debug_ipaddr_print)
obj_cooja/mtype351.a(uip-packetqueue)
                              obj_cooja/mtype351.a(uip-ds6-nbr.o) (uip_packetqueue_new)
obj_cooja/mtype351.a(uip-udp-packet.)
                              obj_cooja/mtype351.a(servreg-hack.o) (uip_udp_packet_send)
obj_cooja/mtype351.a(rpl-dag.o)
                              unicast-receiver.co (rpl_set_root)
obj_cooja/mtype351.a(rpl-ext-header.)
                              obj_cooja/mtype351.a(uip6.o) (rpl_verify_header)
obj_cooja/mtype351.a(rpl-icmp6.o)
                              obj_cooja/mtype351.a(rpl-dag.o) (dao_output)
obj_cooja/mtype351.a(rpl-mrhof.o)
                              obj_cooja/mtype351.a(rpl-dag.o) (rpl_mrhof)
obj_cooja/mtype351.a(rpl-timers.o)
                              obj_cooja/mtype351.a(rpl-dag.o) (rpl_reset_dio_timer)
obj_cooja/mtype351.a(rpl.o)   obj_cooja/mtype351.a(rpl-icmp6.o) (rpl_get_mode)
obj_cooja/mtype351.a(linkaddr.o)
                              obj_cooja/mtype351.o (linkaddr_node_addr)
obj_cooja/mtype351.a(nbr-table.o)
[...]
Memory Configuration

Name             Origin             Length             Attributes
*default*        0x0000000000000000 0xffffffffffffffff

Linker script and memory map

LOAD /usr/lib/gcc/i686-linux-gnu/4.8/../../../i386-linux-gnu/crti.o
LOAD /usr/lib/gcc/i686-linux-gnu/4.8/crtbeginS.o
LOAD unicast-receiver.co
LOAD obj_cooja/mtype351.o
LOAD obj_cooja/mtype351.a
LOAD /usr/lib/gcc/i686-linux-gnu/4.8/libgcc.a
LOAD /usr/lib/gcc/i686-linux-gnu/4.8/libgcc_s.so
LOAD /usr/lib/gcc/i686-linux-gnu/4.8/../../../i386-linux-gnu/libc.so
START GROUP
LOAD /lib/i386-linux-gnu/libc.so.6
LOAD /usr/lib/i386-linux-gnu/libc_nonshared.a
LOAD /lib/i386-linux-gnu/ld-linux.so.2
END GROUP
LOAD /usr/lib/gcc/i686-linux-gnu/4.8/libgcc.a
LOAD /usr/lib/gcc/i686-linux-gnu/4.8/libgcc_s.so
LOAD /usr/lib/gcc/i686-linux-gnu/4.8/crtendS.o
LOAD /usr/lib/gcc/i686-linux-gnu/4.8/../../../i386-linux-gnu/crtn.o
                0x0000000000000114                . = (0x0 + SIZEOF_HEADERS)

.note.gnu.build-id
                0x0000000000000114       0x24
 *(.note.gnu.build-id)
 .note.gnu.build-id
                0x0000000000000114       0x24 /usr/lib/gcc/i686-linux-gnu/4.8/../../../i386-linux-gnu/crti.o

.hash
 *(.hash)

.gnu.hash       0x0000000000000138      0xe14
 *(.gnu.hash)
 .gnu.hash      0x0000000000000138      0xe14 /usr/lib/gcc/i686-linux-gnu/4.8/../../../i386-linux-gnu/crti.o

.dynsym         0x0000000000000f4c     0x20b0
 *(.dynsym)
 .dynsym        0x0000000000000f4c     0x20b0 /usr/lib/gcc/i686-linux-gnu/4.8/../../../i386-linux-gnu/crti.o

.dynstr         0x0000000000002ffc     0x219f
 *(.dynstr)
 .dynstr        0x0000000000002ffc     0x219f /usr/lib/gcc/i686-linux-gnu/4.8/../../../i386-linux-gnu/crti.o

.gnu.version    0x000000000000519c      0x416
 *(.gnu.version)
 .gnu.version   0x000000000000519c      0x416 /usr/lib/gcc/i686-linux-gnu/4.8/../../../i386-linux-gnu/crti.o

.gnu.version_d  0x00000000000055b4        0x0
 *(.gnu.version_d)
 .gnu.version_d
                0x0000000000000000        0x0 /usr/lib/gcc/i686-linux-gnu/4.8/../../../i386-linux-gnu/crti.o

.gnu.version_r  0x00000000000055b4       0x40
 *(.gnu.version_r)
 .gnu.version_r
                0x00000000000055b4       0x40 /usr/lib/gcc/i686-linux-gnu/4.8/../../../i386-linux-gnu/crti.o

.rel.dyn        0x00000000000055f4     0x8a30
 *(.rel.init)
 .rel.init      0x0000000000000000        0x0 /usr/lib/gcc/i686-linux-gnu/4.8/../../../i386-linux-gnu/crti.o
 *(.rel.text .rel.text.* .rel.gnu.linkonce.t.*)
 .rel.text      0x00000000000055f4     0x8248 /usr/lib/gcc/i686-linux-gnu/4.8/../../../i386-linux-gnu/crti.o
 *(.rel.fini)
 .rel.fini      0x0000000000000000        0x0 /usr/lib/gcc/i686-linux-gnu/4.8/../../../i386-linux-gnu/crti.o
 *(.rel.rodata .rel.rodata.* .rel.gnu.linkonce.r.*)
 .rel.rodata    0x000000000000d83c      0x4f8 /usr/lib/gcc/i686-linux-gnu/4.8/../../../i386-linux-gnu/crti.o
 *(.rel.data.rel.ro .rel.data.rel.ro.* .rel.gnu.linkonce.d.rel.ro.*)
 *(.rel.data .rel.data.* .rel.gnu.linkonce.d.*)
 .rel.data.rel  0x000000000000dd34        0x8 /usr/lib/gcc/i686-linux-gnu/4.8/../../../i386-linux-gnu/crti.o
 .rel.data      0x000000000000dd3c      0x2b0 /usr/lib/gcc/i686-linux-gnu/4.8/../../../i386-linux-gnu/crti.o
 *(.rel.tdata .rel.tdata.* .rel.gnu.linkonce.td.*)
 *(.rel.tbss .rel.tbss.* .rel.gnu.linkonce.tb.*)
 *(.rel.ctors)
 *(.rel.dtors)
 *(.rel.got)
 .rel.got       0x000000000000dfec       0x28 /usr/lib/gcc/i686-linux-gnu/4.8/../../../i386-linux-gnu/crti.o
 *(.rel.bss .rel.bss.* .rel.gnu.linkonce.b.*)
 *(.rel.ifunc)
 .rel.ifunc     0x0000000000000000        0x0 /usr/lib/gcc/i686-linux-gnu/4.8/../../../i386-linux-gnu/crti.o
 .rel.fini_array
                0x000000000000e014        0x8 /usr/lib/gcc/i686-linux-gnu/4.8/../../../i386-linux-gnu/crti.o
 .rel.init_array
                0x000000000000e01c        0x8 /usr/lib/gcc/i686-linux-gnu/4.8/../../../i386-linux-gnu/crti.o

.rel.plt        0x000000000000e024       0x10
 *(.rel.plt)
 .rel.plt       0x000000000000e024       0x10 /usr/lib/gcc/i686-linux-gnu/4.8/../../../i386-linux-gnu/crti.o
 *(.rel.iplt)

.init           0x000000000000e034       0x23
 *(SORT(.init))
 .init          0x000000000000e034       0x1e /usr/lib/gcc/i686-linux-gnu/4.8/../../../i386-linux-gnu/crti.o
                0x000000000000e034                _init
 .init          0x000000000000e052        0x5 /usr/lib/gcc/i686-linux-gnu/4.8/../../../i386-linux-gnu/crtn.o

.plt            0x000000000000e060       0x30
 *(.plt)
 .plt           0x000000000000e060       0x30 /usr/lib/gcc/i686-linux-gnu/4.8/../../../i386-linux-gnu/crti.o
 *(.iplt)

.text           0x000000000000e090    0x14722
 *(.text.unlikely .text.*_unlikely .text.unlikely.*)
 *(.text.exit .text.exit.*)
 *(.text.startup .text.startup.*)
 *(.text.hot .text.hot.*)
 *(.text .stub .text.* .gnu.linkonce.t.*)
 .text          0x000000000000e090        0x0 /usr/lib/gcc/i686-linux-gnu/4.8/../../../i386-linux-gnu/crti.o
 .gnu.linkonce.t.__x86.get_pc_thunk.bx
                0x000000000000e090        0x4 /usr/lib/gcc/i686-linux-gnu/4.8/../../../i386-linux-gnu/crti.o
                0x000000000000e090                __x86.get_pc_thunk.bx
 *fill*         0x000000000000e094        0xc 
 .text          0x000000000000e0a0      0x11b /usr/lib/gcc/i686-linux-gnu/4.8/crtbeginS.o
 .text          0x000000000000e1bb      0x38e unicast-receiver.co
 .text          0x000000000000e549      0x70e obj_cooja/mtype351.o
                0x000000000000e67f                contiki_init
                0x000000000000ea6e                Java_org_contikios_cooja_corecomm_Lib7_init
                0x000000000000eaae                Java_org_contikios_cooja_corecomm_Lib7_getMemory
                0x000000000000eaee                Java_org_contikios_cooja_corecomm_Lib7_setMemory
                0x000000000000eb65                Java_org_contikios_cooja_corecomm_Lib7_tick
                0x000000000000ec45                Java_org_contikios_cooja_corecomm_Lib7_setReferenceAddress
 .text          0x000000000000ec57      0x7cb obj_cooja/mtype351.a(servreg-hack.o)
                0x000000000000ed2c                servreg_hack_init
                0x000000000000ed80                servreg_hack_register
                0x000000000000ee9f                servreg_hack_list_head
                0x000000000000eeb9                servreg_hack_item_id
                0x000000000000eec5                servreg_hack_item_address
                0x000000000000eed0                servreg_hack_lookup
 .text          0x000000000000f422       0x63 obj_cooja/mtype351.a(simEnvChange.o)
                0x000000000000f422                doActionsBeforeTick
                0x000000000000f453                doActionsAfterTick
 .text          0x000000000000f485       0xbc obj_cooja/mtype351.a(cooja_mt.o)
                0x000000000000f485                cooja_mt_init
                0x000000000000f492                cooja_mt_remove
                0x000000000000f49f                cooja_mt_start
                0x000000000000f4cc                cooja_mt_exec
                0x000000000000f4fd                cooja_mt_exit
                0x000000000000f51f                cooja_mt_yield
 .text          0x000000000000f541      0x115 obj_cooja/mtype351.a(cooja_mtarch.o)
                0x000000000000f541                cooja_mtarch_init
                0x000000000000f546                cooja_mtarch_start
                0x000000000000f5c1                cooja_sw
                0x000000000000f5e3                cooja_mtarch_exec
                0x000000000000f5ff                cooja_mtarch_remove
                0x000000000000f604                cooja_mtarch_yield
                0x000000000000f60e                cooja_mtarch_pstop
                0x000000000000f613                cooja_mtarch_pstart
                0x000000000000f618                cooja_mtarch_stack_usage
 .text          0x000000000000f656       0xc2 obj_cooja/mtype351.a(rtimer-arch.o)
                0x000000000000f656                rtimer_arch_init
                0x000000000000f679                rtimer_arch_schedule
                0x000000000000f690                rtimer_arch_next
                0x000000000000f69a                rtimer_arch_pending
                0x000000000000f6a4                rtimer_arch_check
                0x000000000000f6d6                rtimer_arch_now
 .text          0x000000000000f718       0x76 obj_cooja/mtype351.a(beep.o)
                0x000000000000f718                beep_alarm
                0x000000000000f724                beep_beep
                0x000000000000f730                beep
                0x000000000000f73c                beep_down
                0x000000000000f748                beep_on
                0x000000000000f754                beep_off
                0x000000000000f760                beep_spinup
                0x000000000000f76c                beep_quick
                0x000000000000f778                beep_long
 .text          0x000000000000f78e      0x103 obj_cooja/mtype351.a(button-sensor.o)
 .text          0x000000000000f891       0x45 obj_cooja/mtype351.a(leds-arch.o)
                0x000000000000f891                leds_arch_init
                0x000000000000f89d                leds_arch_get
                0x000000000000f8a9                leds_arch_set
 .text          0x000000000000f8d6       0x2f obj_cooja/mtype351.a(moteid.o)
 .text          0x000000000000f905       0xb1 obj_cooja/mtype351.a(pir-sensor.o)
 .text          0x000000000000f9b6      0x12e obj_cooja/mtype351.a(rs232.o)
                0x000000000000f9b6                rs232_init
                0x000000000000f9bb                rs232_set_speed
                0x000000000000f9c9                rs232_set_input
                0x000000000000f9d6                rs232_send
                0x000000000000f9f8                rs232_print
                0x000000000000fa13                slip_arch_writeb
 .text          0x000000000000fae4       0xb1 obj_cooja/mtype351.a(vib-sensor.o)
 .text          0x000000000000fb95       0x34 obj_cooja/mtype351.a(clock.o)
                0x000000000000fb95                clock_init
                0x000000000000fb9a                clock_time
                0x000000000000fba4                clock_seconds
                0x000000000000fbba                clock_delay
 .text          0x000000000000fbc9      0x1ed obj_cooja/mtype351.a(log.o)
                0x000000000000fbc9                simlog_char
                0x000000000000fc0b                simlog
                0x000000000000fc78                log_message
                0x000000000000fca0                log_set_putchar_with_slip
                0x000000000000fcad                log_putchar
                0x000000000000fd31                log_puts
                0x000000000000fd55                log_printf
 .text          0x000000000000fdb6      0x28d obj_cooja/mtype351.a(cfs-cooja.o)
                0x000000000000fdb6                cfs_open
                0x000000000000fe01                cfs_close
                0x000000000000fe0d                cfs_read
                0x000000000000feab                cfs_write
                0x000000000000ff6f                cfs_seek
                0x000000000000fff7                cfs_remove
                0x0000000000010020                cfs_opendir
                0x000000000001002a                cfs_readdir
                0x0000000000010034                cfs_closedir
 .text          0x0000000000010043      0x3df obj_cooja/mtype351.a(cooja-radio.o)
                0x000000000001006d                radio_set_channel
                0x000000000001007a                radio_set_txpower
                0x0000000000010091                radio_signal_strength_last
                0x000000000001009b                radio_signal_strength_current
                0x00000000000100a5                radio_LQI
 .text          0x0000000000010422       0xef obj_cooja/mtype351.a(eeprom.o)
                0x0000000000010422                eeprom_init
                0x0000000000010427                eeprom_read
                0x0000000000010497                eeprom_write
 .text          0x0000000000010511       0x28 obj_cooja/mtype351.a(random.o)
                0x0000000000010511                random_init
                0x000000000001052c                random_rand
 .text          0x0000000000010539      0x2a1 obj_cooja/mtype351.a(sensors.o)
                0x0000000000010574                sensors_first
                0x000000000001057e                sensors_next
                0x000000000001059b                sensors_changed
                0x00000000000105ca                sensors_find
 .text          0x00000000000107da       0x8e obj_cooja/mtype351.a(autostart.o)
                0x00000000000107da                autostart_start
                0x0000000000010825                autostart_exit
 .text          0x0000000000010868      0x306 obj_cooja/mtype351.a(ctimer.o)
                0x000000000001097f                ctimer_init
                0x00000000000109af                ctimer_set
                0x0000000000010a2e                ctimer_reset
                0x0000000000010a7d                ctimer_restart
                0x0000000000010acc                ctimer_stop
                0x0000000000010b17                ctimer_expired
 .text          0x0000000000010b6e      0x3e4 obj_cooja/mtype351.a(etimer.o)
                0x0000000000010d81                etimer_request_poll
                0x0000000000010e05                etimer_set
                0x0000000000010e2a                etimer_reset
                0x0000000000010e48                etimer_restart
                0x0000000000010e66                etimer_adjust
                0x0000000000010e82                etimer_expired
                0x0000000000010e95                etimer_expiration_time
                0x0000000000010ea7                etimer_start_time
                0x0000000000010eb1                etimer_pending
                0x0000000000010ec3                etimer_next_expiration_time
                0x0000000000010edd                etimer_stop
 .text          0x0000000000010f52      0x560 obj_cooja/mtype351.a(process.o)
                0x0000000000010f52                process_alloc_event
                0x0000000000010f67                process_start
                0x0000000000011150                process_exit
                0x000000000001116c                process_init
                0x000000000001133d                process_run
                0x0000000000011370                process_nevents
                0x000000000001138b                process_post
                0x0000000000011437                process_post_synch
                0x000000000001146f                process_poll
                0x000000000001149e                process_is_running
 .text          0x00000000000114b2       0xba obj_cooja/mtype351.a(rtimer.o)
                0x00000000000114b2                rtimer_init
                0x00000000000114bf                rtimer_set
                0x0000000000011516                rtimer_run_next
 .text          0x000000000001156c       0x91 obj_cooja/mtype351.a(timer.o)
                0x000000000001156c                timer_set
                0x0000000000011587                timer_reset
                0x000000000001159e                timer_restart
                0x00000000000115b0                timer_expired
                0x00000000000115d9                timer_remaining
 .text          0x00000000000115fd      0x1fb obj_cooja/mtype351.a(serial-line.o)
                0x00000000000115fd                serial_line_input_byte
                0x00000000000117c0                serial_line_init
 .text          0x00000000000117f8      0x244 obj_cooja/mtype351.a(list.o)
                0x00000000000117f8                list_init
                0x0000000000011806                list_head
                0x0000000000011810                list_copy
                0x000000000001181f                list_tail
                0x0000000000011855                list_add
                0x000000000001189e                list_push
                0x00000000000118ca                list_chop
                0x0000000000011934                list_pop
                0x000000000001195c                list_remove
                0x00000000000119c3                list_length
                0x00000000000119f1                list_insert
                0x0000000000011a25                list_item_next
 .text          0x0000000000011a3c      0x1c1 obj_cooja/mtype351.a(memb.o)
                0x0000000000011a3c                memb_init
                0x0000000000011a9a                memb_alloc
                0x0000000000011aff                memb_free
                0x0000000000011b7a                memb_inmemb
                0x0000000000011bb9                memb_numfree
 .text          0x0000000000011bfd      0x155 obj_cooja/mtype351.a(ringbuf.o)
                0x0000000000011bfd                ringbuf_init
                0x0000000000011c2e                ringbuf_put
                0x0000000000011cac                ringbuf_get
                0x0000000000011d19                ringbuf_size
                0x0000000000011d2b                ringbuf_elements
 .text          0x0000000000011d52     0x218c obj_cooja/mtype351.a(sicslowpan.o)
                0x0000000000011de5                rime_sniffer_add
                0x0000000000011df2                rime_sniffer_remove
                0x0000000000013e7d                sicslowpan_init
                0x0000000000013ed4                sicslowpan_get_last_rssi
 .text          0x0000000000013ede      0x584 obj_cooja/mtype351.a(uip-ds6-nbr.o)
                0x0000000000013efb                uip_ds6_neighbors_init
                0x0000000000013f18                uip_ds6_nbr_add
                0x0000000000013fd3                uip_ds6_nbr_rm
                0x000000000001400f                uip_ds6_nbr_get_ipaddr
                0x0000000000014024                uip_ds6_nbr_get_ll
                0x0000000000014040                uip_ds6_nbr_num
                0x0000000000014085                uip_ds6_nbr_lookup
                0x00000000000140ea                uip_ds6_nbr_ll_lookup
                0x0000000000014106                uip_ds6_nbr_ipaddr_from_lladdr
                0x000000000001412c                uip_ds6_nbr_lladdr_from_ipaddr
                0x000000000001415a                uip_ds6_link_neighbor_callback
                0x00000000000141a3                uip_ds6_neighbor_periodic
                0x00000000000143e7                uip_ds6_get_least_lifetime_neighbor
 .text          0x0000000000014462      0x8ae obj_cooja/mtype351.a(uip-ds6-route.o)
                0x00000000000144d9                uip_ds6_notification_add
                0x000000000001450a                uip_ds6_notification_rm
                0x0000000000014526                uip_ds6_route_init
                0x00000000000145ae                uip_ds6_route_nexthop
                0x00000000000145d6                uip_ds6_route_head
                0x00000000000145eb                uip_ds6_route_next
                0x0000000000014611                uip_ds6_route_num_routes
                0x000000000001461b                uip_ds6_route_lookup
                0x00000000000146dd                uip_ds6_route_add
                0x00000000000148e8                uip_ds6_route_rm
                0x0000000000014a7c                uip_ds6_route_rm_by_nexthop
                0x0000000000014ab4                uip_ds6_defrt_add
                0x0000000000014b65                uip_ds6_defrt_rm
                0x0000000000014be4                uip_ds6_defrt_lookup
                0x0000000000014c3d                uip_ds6_defrt_choose
                0x0000000000014ca8                uip_ds6_defrt_periodic
 .text          0x0000000000014d10      0xb9c obj_cooja/mtype351.a(uip-ds6.o)
                0x0000000000014d10                uip_ds6_init
                0x0000000000014ee3                uip_ds6_periodic
                0x0000000000014f61                uip_ds6_list_loop
                0x0000000000015008                uip_ds6_prefix_add
                0x00000000000150c6                uip_ds6_prefix_rm
                0x00000000000150d8                uip_ds6_prefix_lookup
                0x0000000000015129                uip_ds6_is_addr_onlink
                0x000000000001519d                uip_ds6_addr_add
                0x00000000000152cb                uip_ds6_addr_rm
                0x000000000001536b                uip_ds6_addr_lookup
                0x00000000000153b6                uip_ds6_get_link_local
                0x0000000000015435                uip_ds6_get_global
                0x00000000000154b4                uip_ds6_maddr_add
                0x0000000000015526                uip_ds6_maddr_rm
                0x0000000000015538                uip_ds6_maddr_lookup
                0x0000000000015583                uip_ds6_aaddr_add
                0x00000000000155f5                uip_ds6_aaddr_rm
                0x0000000000015607                uip_ds6_aaddr_lookup
                0x0000000000015652                uip_ds6_select_src
                0x0000000000015797                uip_ds6_set_addr_iid
                0x00000000000157ce                get_match_length
                0x0000000000015860                uip_ds6_compute_reachable_time
 .text          0x00000000000158ac      0xd88 obj_cooja/mtype351.a(uip-nd6.o)
                0x0000000000015eb6                uip_nd6_ns_output
                0x0000000000016614                uip_nd6_init
 .text          0x0000000000016634     0x292c obj_cooja/mtype351.a(uip6.o)
                0x0000000000016634                uip_add32
                0x00000000000167cd                uip_chksum
                0x00000000000168bb                uip_icmp6chksum
                0x00000000000168cf                uip_tcpchksum
                0x00000000000168e3                uip_udpchksum
                0x00000000000168f7                uip_init
                0x00000000000169c7                uip_connect
                0x0000000000016b76                remove_ext_hdr
                0x0000000000016c4b                uip_udp_new
                0x0000000000016da7                uip_unlisten
                0x0000000000016e07                uip_listen
                0x00000000000170c9                uip_process
                0x0000000000018e54                uip_htons
                0x0000000000018e76                uip_htonl
                0x0000000000018eb6                uip_send
 .text          0x0000000000018f60      0x3b5 obj_cooja/mtype351.a(simple-udp.o)
                0x0000000000018f8e                simple_udp_send
                0x0000000000018ffb                simple_udp_sendto
                0x0000000000019060                simple_udp_sendto_port
                0x00000000000190c3                simple_udp_register
 .text          0x0000000000019315      0xbbc obj_cooja/mtype351.a(tcpip.o)
                0x0000000000019315                tcpip_output
                0x0000000000019343                tcpip_set_outputfunc
                0x00000000000193d7                tcp_connect
                0x000000000001942c                tcp_unlisten
                0x000000000001949a                tcp_listen
                0x0000000000019506                tcp_attach
                0x000000000001952b                udp_attach
                0x0000000000019550                udp_new
                0x00000000000195a2                udp_broadcast_new
                0x000000000001984c                tcpip_input
                0x0000000000019880                tcpip_ipv6_output
                0x0000000000019ce8                tcpip_poll_udp
                0x0000000000019d0b                tcpip_poll_tcp
                0x0000000000019d2e                tcpip_uipcall
 .text          0x0000000000019ed1      0x127 obj_cooja/mtype351.a(uip-debug.o)
                0x0000000000019ed1                uip_debug_ipaddr_print
                0x0000000000019f99                uip_debug_lladdr_print
 .text          0x0000000000019ff8      0x141 obj_cooja/mtype351.a(uip-packetqueue)
                0x000000000001a024                uip_packetqueue_new
                0x000000000001a032                uip_packetqueue_alloc
                0x000000000001a092                uip_packetqueue_free
                0x000000000001a0d3                uip_packetqueue_buf
                0x000000000001a0f0                uip_packetqueue_buflen
                0x000000000001a111                uip_packetqueue_set_buflen
 .text          0x000000000001a139      0x131 obj_cooja/mtype351.a(uip-udp-packet.)
                0x000000000001a139                uip_udp_packet_send
                0x000000000001a199                uip_udp_packet_sendto
 .text          0x000000000001a26a     0x227b obj_cooja/mtype351.a(rpl-dag.o)
                0x000000000001a26a                rpl_print_neighbor_list
                0x000000000001a417                rpl_get_nbr
                0x000000000001a471                rpl_dag_init
                0x000000000001a48e                rpl_get_parent
                0x000000000001a4b0                rpl_get_parent_rank
                0x000000000001a4e3                rpl_get_parent_link_metric
                0x000000000001a516                rpl_get_parent_ipaddr
                0x000000000001a822                rpl_set_root
                0x000000000001aa50                rpl_repair_root
                0x000000000001ac8c                rpl_set_prefix
                0x000000000001ad8b                rpl_set_default_route
                0x000000000001ae30                rpl_alloc_instance
                0x000000000001aec3                rpl_alloc_dag
                0x000000000001af74                rpl_set_default_instance
                0x000000000001af81                rpl_get_default_instance
                0x000000000001af8b                rpl_free_instance
                0x000000000001b03a                rpl_free_dag
                0x000000000001b0a0                rpl_add_parent
                0x000000000001b168                rpl_find_parent
                0x000000000001b1c2                rpl_find_parent_any_dag
                0x000000000001b200                rpl_select_dag
                0x000000000001b59e                rpl_select_parent
                0x000000000001b600                rpl_remove_parent
                0x000000000001b627                rpl_nullify_parent
                0x000000000001b6c6                rpl_move_parent
                0x000000000001b764                rpl_get_any_dag
                0x000000000001b7c6                rpl_get_instance
                0x000000000001b829                rpl_find_of
                0x000000000001b866                rpl_join_instance
                0x000000000001baf6                rpl_add_dag
                0x000000000001bec5                rpl_local_repair
                0x000000000001bf52                rpl_recalculate_ranks
                0x000000000001bfdb                rpl_process_parent_event
                0x000000000001c05c                rpl_process_dio
                0x000000000001c4c9                rpl_lock_parent
 .text          0x000000000001c4e5      0xb5f obj_cooja/mtype351.a(rpl-ext-header.)
                0x000000000001c502                rpl_verify_header
                0x000000000001c8e7                rpl_update_header_empty
                0x000000000001cbfe                rpl_update_header_final
                0x000000000001cd8e                rpl_remove_header
                0x000000000001ce98                rpl_invert_header
                0x000000000001d022                rpl_insert_header
 .text          0x000000000001d044     0x17dd obj_cooja/mtype351.a(rpl-icmp6.o)
                0x000000000001d2a5                dis_output
                0x000000000001d959                dio_output
                0x000000000001e47c                dao_output
                0x000000000001e4d5                dao_output_target
                0x000000000001e776                dao_ack_output
                0x000000000001e7e9                rpl_icmp6_register_handlers
 .text          0x000000000001e821      0x292 obj_cooja/mtype351.a(rpl-mrhof.o)
 .text          0x000000000001eab3      0x740 obj_cooja/mtype351.a(rpl-timers.o)
                0x000000000001ed03                rpl_reset_periodic_timer
                0x000000000001ed58                rpl_reset_dio_timer
                0x000000000001ef74                rpl_schedule_dao
                0x000000000001ef8f                rpl_schedule_dao_immediately
                0x000000000001efaa                rpl_cancel_dao
                0x000000000001f19b                rpl_schedule_probing
 .text          0x000000000001f1f3      0x487 obj_cooja/mtype351.a(rpl.o)
                0x000000000001f1f3                rpl_get_mode
                0x000000000001f1fd                rpl_set_mode
                0x000000000001f264                rpl_purge_routes
                0x000000000001f35e                rpl_remove_routes
                0x000000000001f3a4                rpl_remove_routes_by_nexthop
                0x000000000001f410                rpl_add_route
                0x000000000001f480                rpl_link_neighbor_callback
                0x000000000001f585                rpl_ipv6_neighbor_callback
                0x000000000001f5f4                rpl_init
 .text          0x000000000001f67a       0x67 obj_cooja/mtype351.a(linkaddr.o)
                0x000000000001f67a                linkaddr_copy
                0x000000000001f69c                linkaddr_cmp
                0x000000000001f6c6                linkaddr_set_node_addr
 .text          0x000000000001f6e1      0x6dc obj_cooja/mtype351.a(nbr-table.o)
                0x000000000001fac0                nbr_table_register
                0x000000000001fb08                nbr_table_head
                0x000000000001fb64                nbr_table_next
                0x000000000001fbcb                nbr_table_add_lladdr
                0x000000000001fc9a                nbr_table_get_from_lladdr
                0x000000000001fce7                nbr_table_remove
                0x000000000001fd39                nbr_table_lock
                0x000000000001fd63                nbr_table_unlock
                0x000000000001fd8d                nbr_table_get_lladdr
 .text          0x000000000001fdbd       0x24 obj_cooja/mtype351.a(netstack.o)
                0x000000000001fdbd                netstack_init
 .text          0x000000000001fde1      0x46c obj_cooja/mtype351.a(packetbuf.o)
                0x000000000001fde1                packetbuf_clear
                0x000000000001fe18                packetbuf_clear_hdr
                0x000000000001fe24                packetbuf_copyfrom
                0x000000000001fe76                packetbuf_compact
                0x000000000001fee2                packetbuf_copyto_hdr
                0x000000000001ff35                packetbuf_copyto
                0x0000000000020007                packetbuf_hdralloc
                0x0000000000020051                packetbuf_hdr_remove
                0x0000000000020069                packetbuf_hdrreduce
                0x00000000000200b1                packetbuf_set_datalen
                0x00000000000200ca                packetbuf_dataptr
                0x00000000000200e3                packetbuf_hdrptr
                0x00000000000200fa                packetbuf_datalen
                0x0000000000020106                packetbuf_hdrlen
                0x0000000000020134                packetbuf_totlen
                0x000000000002014a                packetbuf_attr_clear
                0x00000000000201a0                packetbuf_attr_copyto
                0x00000000000201e9                packetbuf_attr_copyfrom
                0x0000000000020231                packetbuf_holds_broadcast
 .text          0x000000000002024d      0x2b4 obj_cooja/mtype351.a(queuebuf.o)
                0x0000000000020257                queuebuf_init
                0x0000000000020277                queuebuf_numfree
                0x000000000002028b                queuebuf_new_from_packetbuf
                0x000000000002031b                queuebuf_update_attr_from_packetbuf
                0x000000000002034e                queuebuf_update_from_packetbuf
                0x0000000000020398                queuebuf_free
                0x00000000000203df                queuebuf_to_packetbuf
                0x0000000000020445                queuebuf_dataptr
                0x000000000002047c                queuebuf_datalen
                0x000000000002049f                queuebuf_addr
                0x00000000000204d1                queuebuf_attr
                0x00000000000204fc                queuebuf_debug_print
 .text          0x0000000000020501      0x734 obj_cooja/mtype351.a(csma.o)
 .text          0x0000000000020c35      0x400 obj_cooja/mtype351.a(framer-802154.o)
 .text          0x0000000000021035       0x32 obj_cooja/mtype351.a(framer.o)
                0x0000000000021035                framer_canonical_create_and_secure
 .text          0x0000000000021067       0x3c obj_cooja/mtype351.a(mac.o)
                0x0000000000021067                mac_call_sent_callback
 .text          0x00000000000210a3      0x41b obj_cooja/mtype351.a(nullrdc.o)
 .text          0x00000000000214be       0x8a obj_cooja/mtype351.a(nullsec.o)
 .text          0x0000000000021548       0x19 obj_cooja/mtype351.a(watchdog.o)
                0x0000000000021548                watchdog_init
                0x000000000002154d                watchdog_start
                0x0000000000021552                watchdog_periodic
                0x0000000000021557                watchdog_stop
                0x000000000002155c                watchdog_reboot
 .text          0x0000000000021561        0x0 obj_cooja/mtype351.a(rimestats.o)
 .text          0x0000000000021561       0xa3 obj_cooja/mtype351.a(stimer.o)
                0x0000000000021561                stimer_set
                0x000000000002157c                stimer_reset
                0x0000000000021593                stimer_restart
                0x00000000000215a5                stimer_expired
                0x00000000000215cc                stimer_remaining
                0x00000000000215f0                stimer_elapsed
 .text          0x0000000000021604      0xa8f obj_cooja/mtype351.a(uip-icmp6.o)
                0x0000000000021672                uip_icmp6_input
                0x00000000000216c8                uip_icmp6_register_input_handler
                0x0000000000021990                uip_icmp6_error_output
                0x0000000000021cb9                uip_icmp6_send
                0x0000000000022026                uip_icmp6_echo_reply_callback_add
                0x0000000000022057                uip_icmp6_echo_reply_callback_rm
                0x0000000000022073                uip_icmp6_init
 .text          0x0000000000022093      0x59e obj_cooja/mtype351.a(frame802154.o)
                0x0000000000022198                frame802154_hdrlen
                0x00000000000221e0                frame802154_create
                0x000000000002239a                frame802154_parse
 .text          0x0000000000022631      0x181 obj_cooja/mtype351.a(mac-sequence.o)
                0x0000000000022668                mac_sequence_is_duplicate
                0x00000000000226eb                mac_sequence_register_seqno
 .text          0x00000000000227b2        0x0 /usr/lib/gcc/i686-linux-gnu/4.8/crtendS.o
 .text          0x00000000000227b2        0x0 /usr/lib/gcc/i686-linux-gnu/4.8/../../../i386-linux-gnu/crtn.o
 *(.gnu.warning)

.fini           0x00000000000227b4       0x14
 *(SORT(.fini))
 .fini          0x00000000000227b4        0xf /usr/lib/gcc/i686-linux-gnu/4.8/../../../i386-linux-gnu/crti.o
                0x00000000000227b4                _fini
 .fini          0x00000000000227c3        0x5 /usr/lib/gcc/i686-linux-gnu/4.8/../../../i386-linux-gnu/crtn.o
                0x00000000000227c8                PROVIDE (__etext, .)
                0x00000000000227c8                PROVIDE (_etext, .)
                0x00000000000227c8                PROVIDE (etext, .)

.rodata         0x00000000000227e0      0x6a0
 *(.rodata .rodata.* .gnu.linkonce.r.*)
 .rodata        0x00000000000227e0       0x84 unicast-receiver.co
                0x0000000000022804                autostart_processes
 .rodata        0x0000000000022864      0x133 obj_cooja/mtype351.o
 *fill*         0x0000000000022997        0x1 
 .rodata        0x0000000000022998       0x9d obj_cooja/mtype351.a(servreg-hack.o)
 *fill*         0x0000000000022a35        0x3 
 .rodata        0x0000000000022a38        0x8 obj_cooja/mtype351.a(beep.o)
                0x0000000000022a38                beep_interface
 .rodata        0x0000000000022a40       0x20 obj_cooja/mtype351.a(button-sensor.o)
                0x0000000000022a40                button_interface
                0x0000000000022a50                button_sensor
 .rodata        0x0000000000022a60        0x8 obj_cooja/mtype351.a(leds-arch.o)
                0x0000000000022a60                leds_interface
 .rodata        0x0000000000022a68        0x8 obj_cooja/mtype351.a(moteid.o)
                0x0000000000022a68                moteid_interface
 .rodata        0x0000000000022a70       0x1c obj_cooja/mtype351.a(pir-sensor.o)
                0x0000000000022a70                pir_interface
                0x0000000000022a7c                pir_sensor
 .rodata        0x0000000000022a8c        0xe obj_cooja/mtype351.a(rs232.o)
                0x0000000000022a8c                rs232_interface
 *fill*         0x0000000000022a9a        0x2 
 .rodata        0x0000000000022a9c       0x24 obj_cooja/mtype351.a(vib-sensor.o)
                0x0000000000022a9c                vib_interface
                0x0000000000022ab0                vib_sensor
 .rodata        0x0000000000022ac0        0x8 obj_cooja/mtype351.a(clock.o)
                0x0000000000022ac0                clock_interface
 .rodata        0x0000000000022ac8        0x8 obj_cooja/mtype351.a(log.o)
                0x0000000000022ac8                simlog_interface
 .rodata        0x0000000000022ad0       0x2f obj_cooja/mtype351.a(cfs-cooja.o)
                0x0000000000022ad0                cfs_interface
 *fill*         0x0000000000022aff        0x1 
 .rodata        0x0000000000022b00       0x58 obj_cooja/mtype351.a(cooja-radio.o)
                0x0000000000022b00                radio_interface
                0x0000000000022b20                cooja_radio_driver
 .rodata        0x0000000000022b58        0x8 obj_cooja/mtype351.a(eeprom.o)
                0x0000000000022b58                eeprom_interface
 .rodata        0x0000000000022b60        0x8 obj_cooja/mtype351.a(sensors.o)
 .rodata        0x0000000000022b68        0xf obj_cooja/mtype351.a(ctimer.o)
 .rodata        0x0000000000022b77        0xc obj_cooja/mtype351.a(etimer.o)
 .rodata        0x0000000000022b83        0xe obj_cooja/mtype351.a(serial-line.o)
 *fill*         0x0000000000022b91        0x3 
 .rodata        0x0000000000022b94       0x2c obj_cooja/mtype351.a(sicslowpan.o)
                0x0000000000022b94                unc_llconf
                0x0000000000022b98                unc_ctxconf
                0x0000000000022b9c                unc_mxconf
                0x0000000000022ba0                llprefix
                0x0000000000022bb4                sicslowpan_driver
 .rodata        0x0000000000022bc0      0x13c obj_cooja/mtype351.a(uip6.o)
 .rodata        0x0000000000022cfc       0x13 obj_cooja/mtype351.a(simple-udp.o)
 .rodata        0x0000000000022d0f       0x29 obj_cooja/mtype351.a(tcpip.o)
 .rodata        0x0000000000022d38       0x2b obj_cooja/mtype351.a(uip-debug.o)
 *fill*         0x0000000000022d63        0x1 
 .rodata        0x0000000000022d64       0x70 obj_cooja/mtype351.a(rpl-dag.o)
 .rodata        0x0000000000022dd4        0x8 obj_cooja/mtype351.a(linkaddr.o)
                0x0000000000022dd4                linkaddr_null
 .rodata        0x0000000000022ddc       0x24 obj_cooja/mtype351.a(csma.o)
                0x0000000000022de4                csma_driver
 .rodata        0x0000000000022e00       0x14 obj_cooja/mtype351.a(framer-802154.o)
                0x0000000000022e04                framer_802154
 *fill*         0x0000000000022e14        0xc 
 .rodata        0x0000000000022e20       0x40 obj_cooja/mtype351.a(nullrdc.o)
                0x0000000000022e40                nullrdc_driver
 .rodata        0x0000000000022e60       0x20 obj_cooja/mtype351.a(nullsec.o)
                0x0000000000022e68                nullsec_driver

.rodata1
 *(.rodata1)

.eh_frame_hdr   0x0000000000022e80     0x1274
 *(.eh_frame_hdr)
 .eh_frame_hdr  0x0000000000022e80     0x1274 unicast-receiver.co

.eh_frame       0x00000000000240f4     0x4b14
 *(.eh_frame)
 .eh_frame      0x00000000000240f4       0x3c /usr/lib/gcc/i686-linux-gnu/4.8/../../../i386-linux-gnu/crti.o
                                         0x40 (size before relaxing)
 .eh_frame      0x0000000000024130       0xa4 unicast-receiver.co
                                         0xbc (size before relaxing)
 .eh_frame      0x00000000000241d4      0x148 obj_cooja/mtype351.o
                                        0x160 (size before relaxing)
 .eh_frame      0x000000000002431c      0x16c obj_cooja/mtype351.a(servreg-hack.o)
                                        0x184 (size before relaxing)
 .eh_frame      0x0000000000024488       0x40 obj_cooja/mtype351.a(simEnvChange.o)
                                         0x58 (size before relaxing)
 .eh_frame      0x00000000000244c8       0xc0 obj_cooja/mtype351.a(cooja_mt.o)
                                         0xd8 (size before relaxing)
 .eh_frame      0x0000000000024588      0x120 obj_cooja/mtype351.a(cooja_mtarch.o)
                                        0x138 (size before relaxing)
 .eh_frame      0x00000000000246a8       0xc0 obj_cooja/mtype351.a(rtimer-arch.o)
                                         0xd8 (size before relaxing)
 .eh_frame      0x0000000000024768      0x160 obj_cooja/mtype351.a(beep.o)
                                        0x178 (size before relaxing)
 .eh_frame      0x00000000000248c8       0xa0 obj_cooja/mtype351.a(button-sensor.o)
                                         0xb8 (size before relaxing)
 .eh_frame      0x0000000000024968       0xa0 obj_cooja/mtype351.a(leds-arch.o)
                                         0xb8 (size before relaxing)
 .eh_frame      0x0000000000024a08       0x40 obj_cooja/mtype351.a(moteid.o)
                                         0x58 (size before relaxing)
 .eh_frame      0x0000000000024a48       0xa0 obj_cooja/mtype351.a(pir-sensor.o)
                                         0xb8 (size before relaxing)
 .eh_frame      0x0000000000024ae8      0x100 obj_cooja/mtype351.a(rs232.o)
                                        0x118 (size before relaxing)
 .eh_frame      0x0000000000024be8       0xa0 obj_cooja/mtype351.a(vib-sensor.o)
                                         0xb8 (size before relaxing)
 .eh_frame      0x0000000000024c88       0xc0 obj_cooja/mtype351.a(clock.o)
                                         0xd8 (size before relaxing)
 .eh_frame      0x0000000000024d48      0x120 obj_cooja/mtype351.a(log.o)
                                        0x138 (size before relaxing)
 .eh_frame      0x0000000000024e68      0x160 obj_cooja/mtype351.a(cfs-cooja.o)
                                        0x178 (size before relaxing)
 .eh_frame      0x0000000000024fc8      0x2e0 obj_cooja/mtype351.a(cooja-radio.o)
                                        0x2f8 (size before relaxing)
 .eh_frame      0x00000000000252a8       0xa0 obj_cooja/mtype351.a(eeprom.o)
                                         0xb8 (size before relaxing)
 .eh_frame      0x0000000000025348       0x40 obj_cooja/mtype351.a(random.o)
                                         0x58 (size before relaxing)
 .eh_frame      0x0000000000025388       0xc0 obj_cooja/mtype351.a(sensors.o)
                                         0xd8 (size before relaxing)
 .eh_frame      0x0000000000025448       0x40 obj_cooja/mtype351.a(autostart.o)
                                         0x58 (size before relaxing)
 .eh_frame      0x0000000000025488       0xe0 obj_cooja/mtype351.a(ctimer.o)
                                         0xf8 (size before relaxing)
 .eh_frame      0x0000000000025568      0x1c0 obj_cooja/mtype351.a(etimer.o)
                                        0x1d8 (size before relaxing)
 .eh_frame      0x0000000000025728      0x1c8 obj_cooja/mtype351.a(process.o)
                                        0x1e0 (size before relaxing)
 .eh_frame      0x00000000000258f0       0x60 obj_cooja/mtype351.a(rtimer.o)
                                         0x78 (size before relaxing)
 .eh_frame      0x0000000000025950       0xa4 obj_cooja/mtype351.a(timer.o)
                                         0xbc (size before relaxing)
 .eh_frame      0x00000000000259f4       0x60 obj_cooja/mtype351.a(serial-line.o)
                                         0x78 (size before relaxing)
 .eh_frame      0x0000000000025a54      0x180 obj_cooja/mtype351.a(list.o)
                                        0x198 (size before relaxing)
 .eh_frame      0x0000000000025bd4       0xa0 obj_cooja/mtype351.a(memb.o)
                                         0xb8 (size before relaxing)
 .eh_frame      0x0000000000025c74       0xa0 obj_cooja/mtype351.a(ringbuf.o)
                                         0xb8 (size before relaxing)
 .eh_frame      0x0000000000025d14      0x2a4 obj_cooja/mtype351.a(sicslowpan.o)
                                        0x2bc (size before relaxing)
 .eh_frame      0x0000000000025fb8      0x1c0 obj_cooja/mtype351.a(uip-ds6-nbr.o)
                                        0x1d8 (size before relaxing)
 .eh_frame      0x0000000000026178      0x280 obj_cooja/mtype351.a(uip-ds6-route.o)
                                        0x298 (size before relaxing)
 .eh_frame      0x00000000000263f8      0x2c8 obj_cooja/mtype351.a(uip-ds6.o)
                                        0x2e0 (size before relaxing)
 .eh_frame      0x00000000000266c0       0xb8 obj_cooja/mtype351.a(uip-nd6.o)
                                         0xd0 (size before relaxing)
 .eh_frame      0x0000000000026778      0x27c obj_cooja/mtype351.a(uip6.o)
                                        0x294 (size before relaxing)
 .eh_frame      0x00000000000269f4       0xd0 obj_cooja/mtype351.a(simple-udp.o)
                                         0xe8 (size before relaxing)
 .eh_frame      0x0000000000026ac4      0x270 obj_cooja/mtype351.a(tcpip.o)
                                        0x288 (size before relaxing)
 .eh_frame      0x0000000000026d34       0x40 obj_cooja/mtype351.a(uip-debug.o)
                                         0x58 (size before relaxing)
 .eh_frame      0x0000000000026d74       0xe0 obj_cooja/mtype351.a(uip-packetqueue)
                                         0xf8 (size before relaxing)
 .eh_frame      0x0000000000026e54       0x40 obj_cooja/mtype351.a(uip-udp-packet.)
                                         0x58 (size before relaxing)
 .eh_frame      0x0000000000026e94      0x63c obj_cooja/mtype351.a(rpl-dag.o)
                                        0x654 (size before relaxing)
 .eh_frame      0x00000000000274d0      0x10c obj_cooja/mtype351.a(rpl-ext-header.)
                                        0x124 (size before relaxing)
 .eh_frame      0x00000000000275dc      0x218 obj_cooja/mtype351.a(rpl-icmp6.o)
                                        0x230 (size before relaxing)
 .eh_frame      0x00000000000277f4       0xe0 obj_cooja/mtype351.a(rpl-mrhof.o)
                                         0xf8 (size before relaxing)
 .eh_frame      0x00000000000278d4      0x1cc obj_cooja/mtype351.a(rpl-timers.o)
                                        0x1e4 (size before relaxing)
 .eh_frame      0x0000000000027aa0      0x120 obj_cooja/mtype351.a(rpl.o)
                                        0x138 (size before relaxing)
 .eh_frame      0x0000000000027bc0       0x60 obj_cooja/mtype351.a(linkaddr.o)
                                         0x78 (size before relaxing)
 .eh_frame      0x0000000000027c20      0x26c obj_cooja/mtype351.a(nbr-table.o)
                                        0x284 (size before relaxing)
 .eh_frame      0x0000000000027e8c       0x20 obj_cooja/mtype351.a(netstack.o)
                                         0x38 (size before relaxing)
 .eh_frame      0x0000000000027eac      0x26c obj_cooja/mtype351.a(packetbuf.o)
                                        0x284 (size before relaxing)
 .eh_frame      0x0000000000028118      0x1a0 obj_cooja/mtype351.a(queuebuf.o)
                                        0x1b8 (size before relaxing)
 .eh_frame      0x00000000000282b8      0x1c8 obj_cooja/mtype351.a(csma.o)
                                        0x1e0 (size before relaxing)
 .eh_frame      0x0000000000028480      0x128 obj_cooja/mtype351.a(framer-802154.o)
                                        0x140 (size before relaxing)
 .eh_frame      0x00000000000285a8       0x20 obj_cooja/mtype351.a(framer.o)
                                         0x38 (size before relaxing)
 .eh_frame      0x00000000000285c8       0x20 obj_cooja/mtype351.a(mac.o)
                                         0x38 (size before relaxing)
 .eh_frame      0x00000000000285e8      0x16c obj_cooja/mtype351.a(nullrdc.o)
                                        0x184 (size before relaxing)
 .eh_frame      0x0000000000028754       0xc0 obj_cooja/mtype351.a(nullsec.o)
                                         0xd8 (size before relaxing)
 .eh_frame      0x0000000000028814       0xa0 obj_cooja/mtype351.a(watchdog.o)
                                         0xb8 (size before relaxing)
 .eh_frame      0x00000000000288b4       0xc4 obj_cooja/mtype351.a(stimer.o)
                                         0xdc (size before relaxing)
 .eh_frame      0x0000000000028978      0x164 obj_cooja/mtype351.a(uip-icmp6.o)
                                        0x17c (size before relaxing)
 .eh_frame      0x0000000000028adc       0xa0 obj_cooja/mtype351.a(frame802154.o)
                                         0xb8 (size before relaxing)
 .eh_frame      0x0000000000028b7c       0x88 obj_cooja/mtype351.a(mac-sequence.o)
                                         0xa0 (size before relaxing)
 .eh_frame      0x0000000000028c04        0x4 /usr/lib/gcc/i686-linux-gnu/4.8/crtendS.o

.gcc_except_table
 *(.gcc_except_table .gcc_except_table.*)

.exception_ranges
 *(.exception_ranges .exception_ranges*)
                0x0000000000028c08                . = (ALIGN (0x1000) - ((0x1000 - .) & 0xfff))
                0x0000000000029ef8                . = DATA_SEGMENT_ALIGN (0x1000, 0x1000)

.eh_frame
 *(.eh_frame)

.gcc_except_table
 *(.gcc_except_table .gcc_except_table.*)

.exception_ranges
 *(.exception_ranges .exception_ranges*)

.tdata
 *(.tdata .tdata.* .gnu.linkonce.td.*)

.tbss
 *(.tbss .tbss.* .gnu.linkonce.tb.*)
 *(.tcommon)

.preinit_array
 *(.preinit_array)

.init_array     0x0000000000029ef8        0x4
 *(SORT(.init_array.*) SORT(.ctors.*))
 *(.init_array EXCLUDE_FILE(*crtend?.o *crtend.o *crtbegin?.o *crtbegin.o) .ctors)
 .init_array    0x0000000000029ef8        0x4 /usr/lib/gcc/i686-linux-gnu/4.8/crtbeginS.o

.fini_array     0x0000000000029efc        0x4
 *(SORT(.fini_array.*) SORT(.dtors.*))
 *(.fini_array EXCLUDE_FILE(*crtend?.o *crtend.o *crtbegin?.o *crtbegin.o) .dtors)
 .fini_array    0x0000000000029efc        0x4 /usr/lib/gcc/i686-linux-gnu/4.8/crtbeginS.o

.ctors
 *crtbegin.o(.ctors)
 *crtbegin?.o(.ctors)
 *(EXCLUDE_FILE(*crtend?.o *crtend.o) .ctors)
 *(SORT(.ctors.*))
 *(.ctors)

.dtors
 *crtbegin.o(.dtors)
 *crtbegin?.o(.dtors)
 *(EXCLUDE_FILE(*crtend?.o *crtend.o) .dtors)
 *(SORT(.dtors.*))
 *(.dtors)

.jcr            0x0000000000029f00        0x4
 *(.jcr)
 .jcr           0x0000000000029f00        0x0 /usr/lib/gcc/i686-linux-gnu/4.8/crtbeginS.o
 .jcr           0x0000000000029f00        0x4 /usr/lib/gcc/i686-linux-gnu/4.8/crtendS.o

.data.rel.ro
 *(.data.rel.ro.local* .gnu.linkonce.d.rel.ro.local.*)
 *(.data.rel.ro .data.rel.ro.* .gnu.linkonce.d.rel.ro.*)

.dynamic        0x0000000000029f04       0xe8
 *(.dynamic)
 .dynamic       0x0000000000029f04       0xe8 /usr/lib/gcc/i686-linux-gnu/4.8/../../../i386-linux-gnu/crti.o
                0x0000000000029f04                _DYNAMIC

.got            0x0000000000029fec       0x14
 *(.got)
 .got           0x0000000000029fec       0x14 /usr/lib/gcc/i686-linux-gnu/4.8/../../../i386-linux-gnu/crti.o
 *(.igot)
                0x000000000002aff4                . = DATA_SEGMENT_RELRO_END (., (SIZEOF (.got.plt) >= 0xc)?0xc:0x0)

.got.plt        0x000000000002a000       0x14
 *(.got.plt)
 .got.plt       0x000000000002a000       0x14 /usr/lib/gcc/i686-linux-gnu/4.8/../../../i386-linux-gnu/crti.o
                0x000000000002a000                _GLOBAL_OFFSET_TABLE_
 *(.igot.plt)

.data           0x000000000002a020      0x268
 *(.data .data.* .gnu.linkonce.d.*)
 .data          0x000000000002a020        0x0 /usr/lib/gcc/i686-linux-gnu/4.8/../../../i386-linux-gnu/crti.o
 .data          0x000000000002a020        0x0 /usr/lib/gcc/i686-linux-gnu/4.8/crtbeginS.o
 .data.rel      0x000000000002a020        0x4 /usr/lib/gcc/i686-linux-gnu/4.8/crtbeginS.o
                0x000000000002a020                __dso_handle
 .data          0x000000000002a024       0x10 unicast-receiver.co
                0x000000000002a024                unicast_receiver_process
 *fill*         0x000000000002a034        0xc 
 .data          0x000000000002a040       0x44 obj_cooja/mtype351.o
                0x000000000002a040                simInterfaces
                0x000000000002a074                sensors
 .data          0x000000000002a084       0x24 obj_cooja/mtype351.a(servreg-hack.o)
                0x000000000002a098                servreg_hack_process
 .data          0x000000000002a0a8        0x0 obj_cooja/mtype351.a(simEnvChange.o)
 .data          0x000000000002a0a8        0x0 obj_cooja/mtype351.a(cooja_mt.o)
 .data          0x000000000002a0a8        0x0 obj_cooja/mtype351.a(cooja_mtarch.o)
 .data          0x000000000002a0a8        0x0 obj_cooja/mtype351.a(rtimer-arch.o)
 .data          0x000000000002a0a8        0x0 obj_cooja/mtype351.a(beep.o)
 .data          0x000000000002a0a8        0x0 obj_cooja/mtype351.a(button-sensor.o)
 .data          0x000000000002a0a8        0x0 obj_cooja/mtype351.a(leds-arch.o)
 .data          0x000000000002a0a8        0x0 obj_cooja/mtype351.a(moteid.o)
 .data          0x000000000002a0a8        0x0 obj_cooja/mtype351.a(pir-sensor.o)
 .data          0x000000000002a0a8        0x0 obj_cooja/mtype351.a(rs232.o)
 .data          0x000000000002a0a8        0x0 obj_cooja/mtype351.a(vib-sensor.o)
 .data          0x000000000002a0a8        0x0 obj_cooja/mtype351.a(clock.o)
 .data          0x000000000002a0a8        0x0 obj_cooja/mtype351.a(log.o)
 .data          0x000000000002a0a8        0x0 obj_cooja/mtype351.a(cfs-cooja.o)
 .data          0x000000000002a0a8       0x28 obj_cooja/mtype351.a(cooja-radio.o)
                0x000000000002a0a8                simRadioHWOn
                0x000000000002a0ac                simSignalStrength
                0x000000000002a0b0                simLastSignalStrength
                0x000000000002a0b4                simPower
                0x000000000002a0b8                simRadioChannel
                0x000000000002a0bc                simLQI
                0x000000000002a0c0                cooja_radio_process
 .data          0x000000000002a0d0        0x0 obj_cooja/mtype351.a(eeprom.o)
 .data          0x000000000002a0d0        0x0 obj_cooja/mtype351.a(random.o)
 .data          0x000000000002a0d0       0x10 obj_cooja/mtype351.a(sensors.o)
                0x000000000002a0d0                sensors_process
 .data          0x000000000002a0e0        0x0 obj_cooja/mtype351.a(autostart.o)
 .data          0x000000000002a0e0       0x14 obj_cooja/mtype351.a(ctimer.o)
                0x000000000002a0e4                ctimer_process
 .data          0x000000000002a0f4       0x10 obj_cooja/mtype351.a(etimer.o)
                0x000000000002a0f4                etimer_process
 .data          0x000000000002a104        0x0 obj_cooja/mtype351.a(process.o)
 .data          0x000000000002a104        0x0 obj_cooja/mtype351.a(rtimer.o)
 .data          0x000000000002a104        0x0 obj_cooja/mtype351.a(timer.o)
 .data          0x000000000002a104       0x10 obj_cooja/mtype351.a(serial-line.o)
                0x000000000002a104                serial_line_process
 .data          0x000000000002a114        0x0 obj_cooja/mtype351.a(list.o)
 .data          0x000000000002a114        0x0 obj_cooja/mtype351.a(memb.o)
 .data          0x000000000002a114        0x0 obj_cooja/mtype351.a(ringbuf.o)
 .data          0x000000000002a114        0x0 obj_cooja/mtype351.a(sicslowpan.o)
 .data          0x000000000002a114       0x14 obj_cooja/mtype351.a(uip-ds6-nbr.o)
                0x000000000002a124                ds6_neighbors
 .data          0x000000000002a128       0x44 obj_cooja/mtype351.a(uip-ds6-route.o)
 .data          0x000000000002a16c        0x0 obj_cooja/mtype351.a(uip-ds6.o)
 .data          0x000000000002a16c       0x18 obj_cooja/mtype351.a(uip-nd6.o)
 .data          0x000000000002a184        0x0 obj_cooja/mtype351.a(uip6.o)
 .data          0x000000000002a184       0x10 obj_cooja/mtype351.a(simple-udp.o)
                0x000000000002a184                simple_udp_process
 .data          0x000000000002a194       0x10 obj_cooja/mtype351.a(tcpip.o)
                0x000000000002a194                tcpip_process
 .data          0x000000000002a1a4        0x0 obj_cooja/mtype351.a(uip-debug.o)
 .data          0x000000000002a1a4        0xc obj_cooja/mtype351.a(uip-packetqueue)
 .data          0x000000000002a1b0        0x0 obj_cooja/mtype351.a(uip-udp-packet.)
 .data          0x000000000002a1b0       0x14 obj_cooja/mtype351.a(rpl-dag.o)
                0x000000000002a1c0                rpl_parents
 .data          0x000000000002a1c4        0x0 obj_cooja/mtype351.a(rpl-ext-header.)
 .data          0x000000000002a1c4       0x34 obj_cooja/mtype351.a(rpl-icmp6.o)
 .data          0x000000000002a1f8       0x1c obj_cooja/mtype351.a(rpl-mrhof.o)
                0x000000000002a1f8                rpl_mrhof
 .data          0x000000000002a214        0x0 obj_cooja/mtype351.a(rpl-timers.o)
 .data          0x000000000002a214        0x0 obj_cooja/mtype351.a(rpl.o)
 .data          0x000000000002a214        0x0 obj_cooja/mtype351.a(linkaddr.o)
 .data          0x000000000002a214       0x10 obj_cooja/mtype351.a(nbr-table.o)
 .data          0x000000000002a224        0x0 obj_cooja/mtype351.a(netstack.o)
 .data          0x000000000002a224        0x4 obj_cooja/mtype351.a(packetbuf.o)
 .data          0x000000000002a228       0x18 obj_cooja/mtype351.a(queuebuf.o)
 .data          0x000000000002a240       0x28 obj_cooja/mtype351.a(csma.o)
 .data          0x000000000002a268        0x0 obj_cooja/mtype351.a(framer-802154.o)
 .data          0x000000000002a268        0x0 obj_cooja/mtype351.a(framer.o)
 .data          0x000000000002a268        0x0 obj_cooja/mtype351.a(mac.o)
 .data          0x000000000002a268        0x0 obj_cooja/mtype351.a(nullrdc.o)
 .data          0x000000000002a268        0x0 obj_cooja/mtype351.a(nullsec.o)
 .data          0x000000000002a268        0x0 obj_cooja/mtype351.a(watchdog.o)
 .data          0x000000000002a268        0x0 obj_cooja/mtype351.a(rimestats.o)
 .data          0x000000000002a268        0x0 obj_cooja/mtype351.a(stimer.o)
 .data          0x000000000002a268       0x20 obj_cooja/mtype351.a(uip-icmp6.o)
 .data          0x000000000002a288        0x0 obj_cooja/mtype351.a(frame802154.o)
 .data          0x000000000002a288        0x0 obj_cooja/mtype351.a(mac-sequence.o)
 .data          0x000000000002a288        0x0 /usr/lib/gcc/i686-linux-gnu/4.8/crtendS.o
 .data          0x000000000002a288        0x0 /usr/lib/gcc/i686-linux-gnu/4.8/../../../i386-linux-gnu/crtn.o

.tm_clone_table
                0x000000000002a288        0x0
 .tm_clone_table
                0x000000000002a288        0x0 /usr/lib/gcc/i686-linux-gnu/4.8/crtbeginS.o
 .tm_clone_table
                0x000000000002a288        0x0 /usr/lib/gcc/i686-linux-gnu/4.8/crtendS.o

.data1
 *(.data1)
                0x000000000002a288                _edata = .
                0x000000000002a288                PROVIDE (edata, .)
                0x000000000002a288                . = .
                0x000000000002a288                __bss_start = .

.bss            0x000000000002a2a0    0x120c8
 *(.dynbss)
 .dynbss        0x0000000000000000        0x0 /usr/lib/gcc/i686-linux-gnu/4.8/../../../i386-linux-gnu/crti.o
 *(.bss .bss.* .gnu.linkonce.b.*)
 .bss           0x000000000002a2a0        0x0 /usr/lib/gcc/i686-linux-gnu/4.8/../../../i386-linux-gnu/crti.o
 .bss           0x000000000002a2a0        0x1 /usr/lib/gcc/i686-linux-gnu/4.8/crtbeginS.o
 *fill*         0x000000000002a2a1       0x1f 
 .bss           0x000000000002a2c0       0x38 unicast-receiver.co
 *fill*         0x000000000002a2f8        0x8 
 .bss           0x000000000002a300     0x2030 obj_cooja/mtype351.o
 *fill*         0x000000000002c330       0x10 
 .bss           0x000000000002c340      0x24c obj_cooja/mtype351.a(servreg-hack.o)
 .bss           0x000000000002c58c        0x1 obj_cooja/mtype351.a(simEnvChange.o)
                0x000000000002c58c                simDontFallAsleep
 *fill*         0x000000000002c58d        0x3 
 .bss           0x000000000002c590        0x4 obj_cooja/mtype351.a(cooja_mt.o)
 .bss           0x000000000002c594        0x4 obj_cooja/mtype351.a(cooja_mtarch.o)
 .bss           0x000000000002c598        0xc obj_cooja/mtype351.a(rtimer-arch.o)
 .bss           0x000000000002c5a4        0x0 obj_cooja/mtype351.a(beep.o)
 .bss           0x000000000002c5a4        0x8 obj_cooja/mtype351.a(button-sensor.o)
 .bss           0x000000000002c5ac        0x0 obj_cooja/mtype351.a(leds-arch.o)
 .bss           0x000000000002c5ac        0x0 obj_cooja/mtype351.a(moteid.o)
 .bss           0x000000000002c5ac        0x1 obj_cooja/mtype351.a(pir-sensor.o)
                0x000000000002c5ac                simPirValue
 *fill*         0x000000000002c5ad        0x3 
 .bss           0x000000000002c5b0        0x4 obj_cooja/mtype351.a(rs232.o)
 .bss           0x000000000002c5b4        0x1 obj_cooja/mtype351.a(vib-sensor.o)
                0x000000000002c5b4                simVibValue
 .bss           0x000000000002c5b5        0x0 obj_cooja/mtype351.a(clock.o)
 *fill*         0x000000000002c5b5        0xb 
 .bss           0x000000000002c5c0      0x420 obj_cooja/mtype351.a(log.o)
 .bss           0x000000000002c9e0      0xfbc obj_cooja/mtype351.a(cfs-cooja.o)
                0x000000000002c9e0                simCFSData
                0x000000000002d980                simCFSChanged
                0x000000000002d984                simCFSRead
                0x000000000002d988                simCFSWritten
 .bss           0x000000000002d99c       0x10 obj_cooja/mtype351.a(cooja-radio.o)
                0x000000000002d99c                simReceiving
                0x000000000002d9a0                simInSize
                0x000000000002d9a4                simOutSize
 .bss           0x000000000002d9ac        0xc obj_cooja/mtype351.a(eeprom.o)
                0x000000000002d9ac                simEEPROMChanged
                0x000000000002d9b0                simEEPROMRead
                0x000000000002d9b4                simEEPROMWritten
 .bss           0x000000000002d9b8        0x0 obj_cooja/mtype351.a(random.o)
 .bss           0x000000000002d9b8        0xc obj_cooja/mtype351.a(sensors.o)
 .bss           0x000000000002d9c4        0x0 obj_cooja/mtype351.a(autostart.o)
 .bss           0x000000000002d9c4        0x5 obj_cooja/mtype351.a(ctimer.o)
 *fill*         0x000000000002d9c9        0x3 
 .bss           0x000000000002d9cc        0x8 obj_cooja/mtype351.a(etimer.o)
 *fill*         0x000000000002d9d4        0xc 
 .bss           0x000000000002d9e0      0x1b1 obj_cooja/mtype351.a(process.o)
                0x000000000002d9e0                process_list
                0x000000000002d9e4                process_current
 *fill*         0x000000000002db91        0x3 
 .bss           0x000000000002db94        0x4 obj_cooja/mtype351.a(rtimer.o)
 .bss           0x000000000002db98        0x0 obj_cooja/mtype351.a(timer.o)
 *fill*         0x000000000002db98        0x8 
 .bss           0x000000000002dba0      0x140 obj_cooja/mtype351.a(serial-line.o)
 .bss           0x000000000002dce0        0x0 obj_cooja/mtype351.a(list.o)
 .bss           0x000000000002dce0        0x0 obj_cooja/mtype351.a(memb.o)
 .bss           0x000000000002dce0        0x0 obj_cooja/mtype351.a(ringbuf.o)
 .bss           0x000000000002dce0      0x694 obj_cooja/mtype351.a(sicslowpan.o)
 *fill*         0x000000000002e374        0xc 
 .bss           0x000000000002e380     0x3390 obj_cooja/mtype351.a(uip-ds6-nbr.o)
 *fill*         0x0000000000031710       0x10 
 .bss           0x0000000000031720     0x44a8 obj_cooja/mtype351.a(uip-ds6-route.o)
 .bss           0x0000000000035bc8       0x20 obj_cooja/mtype351.a(uip-ds6.o)
 .bss           0x0000000000035be8       0x14 obj_cooja/mtype351.a(uip-nd6.o)
 .bss           0x0000000000035bfc        0xe obj_cooja/mtype351.a(uip6.o)
                0x0000000000035bfc                uip_ext_bitmap
                0x0000000000035bfd                uip_ext_len
                0x0000000000035bfe                uip_ext_opt_offset
 *fill*         0x0000000000035c0a       0x16 
 .bss           0x0000000000035c20      0x660 obj_cooja/mtype351.a(simple-udp.o)
 .bss           0x0000000000036280       0x6f obj_cooja/mtype351.a(tcpip.o)
 .bss           0x00000000000362ef        0x0 obj_cooja/mtype351.a(uip-debug.o)
 *fill*         0x00000000000362ef       0x11 
 .bss           0x0000000000036300      0xcf8 obj_cooja/mtype351.a(uip-packetqueue)
 .bss           0x0000000000036ff8        0x0 obj_cooja/mtype351.a(uip-udp-packet.)
 *fill*         0x0000000000036ff8        0x8 
 .bss           0x0000000000037000     0x1770 obj_cooja/mtype351.a(rpl-dag.o)
 .bss           0x0000000000038770        0x0 obj_cooja/mtype351.a(rpl-ext-header.)
 .bss           0x0000000000038770        0x0 obj_cooja/mtype351.a(rpl-icmp6.o)
 .bss           0x0000000000038770        0x0 obj_cooja/mtype351.a(rpl-mrhof.o)
 *fill*         0x0000000000038770       0x10 
 .bss           0x0000000000038780       0x23 obj_cooja/mtype351.a(rpl-timers.o)
 *fill*         0x00000000000387a3        0x1 
 .bss           0x00000000000387a4        0x4 obj_cooja/mtype351.a(rpl.o)
 .bss           0x00000000000387a8        0x0 obj_cooja/mtype351.a(linkaddr.o)
 *fill*         0x00000000000387a8       0x18 
 .bss           0x00000000000387c0     0x1214 obj_cooja/mtype351.a(nbr-table.o)
 .bss           0x00000000000399d4        0x0 obj_cooja/mtype351.a(netstack.o)
 *fill*         0x00000000000399d4        0xc 
 .bss           0x00000000000399e0       0xd4 obj_cooja/mtype351.a(packetbuf.o)
 *fill*         0x0000000000039ab4        0xc 
 .bss           0x0000000000039ac0      0xb80 obj_cooja/mtype351.a(queuebuf.o)
 .bss           0x000000000003a640      0x248 obj_cooja/mtype351.a(csma.o)
 .bss           0x000000000003a888        0x2 obj_cooja/mtype351.a(framer-802154.o)
 .bss           0x000000000003a88a        0x0 obj_cooja/mtype351.a(framer.o)
 .bss           0x000000000003a88a        0x0 obj_cooja/mtype351.a(mac.o)
 .bss           0x000000000003a88a        0x0 obj_cooja/mtype351.a(nullrdc.o)
 .bss           0x000000000003a88a        0x0 obj_cooja/mtype351.a(nullsec.o)
 .bss           0x000000000003a88a        0x0 obj_cooja/mtype351.a(watchdog.o)
 .bss           0x000000000003a88a        0x0 obj_cooja/mtype351.a(rimestats.o)
 .bss           0x000000000003a88a        0x0 obj_cooja/mtype351.a(stimer.o)
 *fill*         0x000000000003a88a        0x2 
 .bss           0x000000000003a88c       0x18 obj_cooja/mtype351.a(uip-icmp6.o)
 .bss           0x000000000003a8a4        0x0 obj_cooja/mtype351.a(frame802154.o)
 *fill*         0x000000000003a8a4       0x1c 
 .bss           0x000000000003a8c0       0x90 obj_cooja/mtype351.a(mac-sequence.o)
 .bss           0x000000000003a950        0x0 /usr/lib/gcc/i686-linux-gnu/4.8/crtendS.o
 .bss           0x000000000003a950        0x0 /usr/lib/gcc/i686-linux-gnu/4.8/../../../i386-linux-gnu/crtn.o
 *(COMMON)
 COMMON         0x000000000003a950        0x8 obj_cooja/mtype351.o
                0x000000000003a950                referenceVar
                0x000000000003a954                sensors_flags
 COMMON         0x000000000003a958        0xc obj_cooja/mtype351.a(simEnvChange.o)
                0x000000000003a958                simEtimerPending
                0x000000000003a95c                simProcessRunValue
                0x000000000003a960                simNextExpirationTime
 COMMON         0x000000000003a964        0x1 obj_cooja/mtype351.a(beep.o)
                0x000000000003a964                simBeeped
 COMMON         0x000000000003a965        0x3 obj_cooja/mtype351.a(button-sensor.o)
                0x000000000003a965                simButtonIsActive
                0x000000000003a966                simButtonIsDown
                0x000000000003a967                simButtonChanged
 COMMON         0x000000000003a968        0x1 obj_cooja/mtype351.a(leds-arch.o)
                0x000000000003a968                simLedsValue
 *fill*         0x000000000003a969        0x3 
 COMMON         0x000000000003a96c        0xc obj_cooja/mtype351.a(moteid.o)
                0x000000000003a96c                simRandomSeed
                0x000000000003a970                simMoteIDChanged
                0x000000000003a974                simMoteID
 COMMON         0x000000000003a978        0x2 obj_cooja/mtype351.a(pir-sensor.o)
                0x000000000003a978                simPirIsActive
                0x000000000003a979                simPirChanged
 *fill*         0x000000000003a97a        0x6 
 COMMON         0x000000000003a980      0x420 obj_cooja/mtype351.a(rs232.o)
                0x000000000003a980                simSerialReceivingFlag
                0x000000000003a984                simSerialReceivingLength
                0x000000000003a9a0                simSerialReceivingData
 COMMON         0x000000000003ada0        0x2 obj_cooja/mtype351.a(vib-sensor.o)
                0x000000000003ada0                simVibChanged
                0x000000000003ada1                simVibIsActive
 *fill*         0x000000000003ada2        0x2 
 COMMON         0x000000000003ada4        0x4 obj_cooja/mtype351.a(clock.o)
                0x000000000003ada4                simCurrentTime
 *fill*         0x000000000003ada8       0x18 
 COMMON         0x000000000003adc0      0x420 obj_cooja/mtype351.a(log.o)
                0x000000000003adc0                simLoggedLength
                0x000000000003adc4                simLoggedFlag
                0x000000000003ade0                simLoggedData
 COMMON         0x000000000003b1e0      0x100 obj_cooja/mtype351.a(cooja-radio.o)
                0x000000000003b1e0                simOutDataBuffer
                0x000000000003b260                simInDataBuffer
 COMMON         0x000000000003b2e0      0x400 obj_cooja/mtype351.a(eeprom.o)
                0x000000000003b2e0                simEEPROMData
 COMMON         0x000000000003b6e0        0x1 obj_cooja/mtype351.a(sensors.o)
                0x000000000003b6e0                sensors_event
 COMMON         0x000000000003b6e1        0x1 obj_cooja/mtype351.a(serial-line.o)
                0x000000000003b6e1                serial_line_event_message
 COMMON         0x000000000003b6e2        0x8 obj_cooja/mtype351.a(sicslowpan.o)
                0x000000000003b6e2                frag_sender
 *fill*         0x000000000003b6ea       0x16 
 COMMON         0x000000000003b700      0x181 obj_cooja/mtype351.a(uip-ds6.o)
                0x000000000003b700                uip_ds6_prefix_list
                0x000000000003b760                uip_ds6_timer_periodic
                0x000000000003b770                uip_ds6_netif_addr_list_offset
                0x000000000003b780                uip_ds6_if
                0x000000000003b878                uip_ds6_timer_ra
                0x000000000003b880                uip_ds6_addr_size
 *fill*         0x000000000003b881       0x1f 
 COMMON         0x000000000003b8a0      0x8ec obj_cooja/mtype351.a(uip6.o)
                0x000000000003b8a0                uip_slen
                0x000000000003b8a2                uip_acc32
                0x000000000003b8c0                uip_conns
                0x000000000003b980                uip_lladdr
                0x000000000003b988                uip_appdata
                0x000000000003b98c                uip_flags
                0x000000000003b9a0                uip_aligned_buf
                0x000000000003bfe0                uip_listenports
                0x000000000003bff0                uip_len
                0x000000000003bff4                uip_sappdata
                0x000000000003c000                uip_udp_conns
                0x000000000003c180                uip_udp_conn
                0x000000000003c184                uip_next_hdr
                0x000000000003c188                uip_conn
 COMMON         0x000000000003c18c        0x1 obj_cooja/mtype351.a(tcpip.o)
                0x000000000003c18c                tcpip_event
 *fill*         0x000000000003c18d       0x13 
 COMMON         0x000000000003c1a0      0x144 obj_cooja/mtype351.a(rpl-dag.o)
                0x000000000003c1a0                default_instance
                0x000000000003c1c0                instance_table
 COMMON         0x000000000003c2e4        0x8 obj_cooja/mtype351.a(linkaddr.o)
                0x000000000003c2e4                linkaddr_node_addr
 COMMON         0x000000000003c2ec       0x2e obj_cooja/mtype351.a(packetbuf.o)
                0x000000000003c2ec                packetbuf_attrs
                0x000000000003c30a                packetbuf_addrs
 *fill*         0x000000000003c31a        0x6 
 COMMON         0x000000000003c320       0x48 obj_cooja/mtype351.a(rimestats.o)
                0x000000000003c320                rimestats
                0x000000000003c368                . = ALIGN ((. != 0x0)?0x4:0x1)
                0x000000000003c368                . = ALIGN (0x4)
                0x000000000003c368                . = SEGMENT_START ("ldata-segment", .)
                0x000000000003c368                . = ALIGN (0x4)
                0x000000000003c368                _end = .
                0x000000000003c368                PROVIDE (end, .)
                0x000000000003c368                . = DATA_SEGMENT_END (.)

.stab
 *(.stab)

.stabstr
 *(.stabstr)

.stab.excl
 *(.stab.excl)

.stab.exclstr
 *(.stab.exclstr)

.stab.index
 *(.stab.index)

.stab.indexstr
 *(.stab.indexstr)

.comment        0x0000000000000000       0x29
 *(.comment)
 .comment       0x0000000000000000       0x29 /usr/lib/gcc/i686-linux-gnu/4.8/crtbeginS.o
                                         0x2a (size before relaxing)
 .comment       0x0000000000000000       0x2a unicast-receiver.co
 .comment       0x0000000000000000       0x2a obj_cooja/mtype351.o
 .comment       0x0000000000000000       0x2a obj_cooja/mtype351.a(servreg-hack.o)
 .comment       0x0000000000000000       0x2a obj_cooja/mtype351.a(simEnvChange.o)
 .comment       0x0000000000000000       0x2a obj_cooja/mtype351.a(cooja_mt.o)
 .comment       0x0000000000000000       0x2a obj_cooja/mtype351.a(cooja_mtarch.o)
 .comment       0x0000000000000000       0x2a obj_cooja/mtype351.a(rtimer-arch.o)
 .comment       0x0000000000000000       0x2a obj_cooja/mtype351.a(beep.o)
 .comment       0x0000000000000000       0x2a obj_cooja/mtype351.a(button-sensor.o)
 .comment       0x0000000000000000       0x2a obj_cooja/mtype351.a(leds-arch.o)
 .comment       0x0000000000000000       0x2a obj_cooja/mtype351.a(moteid.o)
 .comment       0x0000000000000000       0x2a obj_cooja/mtype351.a(pir-sensor.o)
 .comment       0x0000000000000000       0x2a obj_cooja/mtype351.a(rs232.o)
 .comment       0x0000000000000000       0x2a obj_cooja/mtype351.a(vib-sensor.o)
 .comment       0x0000000000000000       0x2a obj_cooja/mtype351.a(clock.o)
 .comment       0x0000000000000000       0x2a obj_cooja/mtype351.a(log.o)
 .comment       0x0000000000000000       0x2a obj_cooja/mtype351.a(cfs-cooja.o)
 .comment       0x0000000000000000       0x2a obj_cooja/mtype351.a(cooja-radio.o)
 .comment       0x0000000000000000       0x2a obj_cooja/mtype351.a(eeprom.o)
 .comment       0x0000000000000000       0x2a obj_cooja/mtype351.a(random.o)
 .comment       0x0000000000000000       0x2a obj_cooja/mtype351.a(sensors.o)
 .comment       0x0000000000000000       0x2a obj_cooja/mtype351.a(autostart.o)
 .comment       0x0000000000000000       0x2a obj_cooja/mtype351.a(ctimer.o)
 .comment       0x0000000000000000       0x2a obj_cooja/mtype351.a(etimer.o)
 .comment       0x0000000000000000       0x2a obj_cooja/mtype351.a(process.o)
 .comment       0x0000000000000000       0x2a obj_cooja/mtype351.a(rtimer.o)
 .comment       0x0000000000000000       0x2a obj_cooja/mtype351.a(timer.o)
 .comment       0x0000000000000000       0x2a obj_cooja/mtype351.a(serial-line.o)
 .comment       0x0000000000000000       0x2a obj_cooja/mtype351.a(list.o)
 .comment       0x0000000000000000       0x2a obj_cooja/mtype351.a(memb.o)
 .comment       0x0000000000000000       0x2a obj_cooja/mtype351.a(ringbuf.o)
 .comment       0x0000000000000000       0x2a obj_cooja/mtype351.a(sicslowpan.o)
 .comment       0x0000000000000000       0x2a obj_cooja/mtype351.a(uip-ds6-nbr.o)
 .comment       0x0000000000000000       0x2a obj_cooja/mtype351.a(uip-ds6-route.o)
 .comment       0x0000000000000000       0x2a obj_cooja/mtype351.a(uip-ds6.o)
 .comment       0x0000000000000000       0x2a obj_cooja/mtype351.a(uip-nd6.o)
 .comment       0x0000000000000000       0x2a obj_cooja/mtype351.a(uip6.o)
 .comment       0x0000000000000000       0x2a obj_cooja/mtype351.a(simple-udp.o)
 .comment       0x0000000000000000       0x2a obj_cooja/mtype351.a(tcpip.o)
 .comment       0x0000000000000000       0x2a obj_cooja/mtype351.a(uip-debug.o)
 .comment       0x0000000000000000       0x2a obj_cooja/mtype351.a(uip-packetqueue)
 .comment       0x0000000000000000       0x2a obj_cooja/mtype351.a(uip-udp-packet.)
 .comment       0x0000000000000000       0x2a obj_cooja/mtype351.a(rpl-dag.o)
 .comment       0x0000000000000000       0x2a obj_cooja/mtype351.a(rpl-ext-header.)
 .comment       0x0000000000000000       0x2a obj_cooja/mtype351.a(rpl-icmp6.o)
 .comment       0x0000000000000000       0x2a obj_cooja/mtype351.a(rpl-mrhof.o)
 .comment       0x0000000000000000       0x2a obj_cooja/mtype351.a(rpl-timers.o)
 .comment       0x0000000000000000       0x2a obj_cooja/mtype351.a(rpl.o)
 .comment       0x0000000000000000       0x2a obj_cooja/mtype351.a(linkaddr.o)
 .comment       0x0000000000000000       0x2a obj_cooja/mtype351.a(nbr-table.o)
 .comment       0x0000000000000000       0x2a obj_cooja/mtype351.a(netstack.o)
 .comment       0x0000000000000000       0x2a obj_cooja/mtype351.a(packetbuf.o)
 .comment       0x0000000000000000       0x2a obj_cooja/mtype351.a(queuebuf.o)
 .comment       0x0000000000000000       0x2a obj_cooja/mtype351.a(csma.o)
 .comment       0x0000000000000000       0x2a obj_cooja/mtype351.a(framer-802154.o)
 .comment       0x0000000000000000       0x2a obj_cooja/mtype351.a(framer.o)
 .comment       0x0000000000000000       0x2a obj_cooja/mtype351.a(mac.o)
 .comment       0x0000000000000000       0x2a obj_cooja/mtype351.a(nullrdc.o)
 .comment       0x0000000000000000       0x2a obj_cooja/mtype351.a(nullsec.o)
 .comment       0x0000000000000000       0x2a obj_cooja/mtype351.a(watchdog.o)
 .comment       0x0000000000000000       0x2a obj_cooja/mtype351.a(rimestats.o)
 .comment       0x0000000000000000       0x2a obj_cooja/mtype351.a(stimer.o)
 .comment       0x0000000000000000       0x2a obj_cooja/mtype351.a(uip-icmp6.o)
 .comment       0x0000000000000000       0x2a obj_cooja/mtype351.a(frame802154.o)
 .comment       0x0000000000000000       0x2a obj_cooja/mtype351.a(mac-sequence.o)
 .comment       0x0000000000000000       0x2a /usr/lib/gcc/i686-linux-gnu/4.8/crtendS.o

.debug
 *(.debug)

.line
 *(.line)

.debug_srcinfo
 *(.debug_srcinfo)

.debug_sfnames
 *(.debug_sfnames)

.debug_aranges  0x0000000000000000      0x818
 *(.debug_aranges)
 .debug_aranges
                0x0000000000000000       0x20 unicast-receiver.co
 .debug_aranges
                0x0000000000000020       0x20 obj_cooja/mtype351.o
 .debug_aranges
                0x0000000000000040       0x20 obj_cooja/mtype351.a(servreg-hack.o)
 .debug_aranges
                0x0000000000000060       0x20 obj_cooja/mtype351.a(simEnvChange.o)
 .debug_aranges
                0x0000000000000080       0x20 obj_cooja/mtype351.a(cooja_mt.o)
 .debug_aranges
                0x00000000000000a0       0x20 obj_cooja/mtype351.a(cooja_mtarch.o)
 .debug_aranges
                0x00000000000000c0       0x20 obj_cooja/mtype351.a(rtimer-arch.o)
 .debug_aranges
                0x00000000000000e0       0x20 obj_cooja/mtype351.a(beep.o)
 .debug_aranges
                0x0000000000000100       0x20 obj_cooja/mtype351.a(button-sensor.o)
 .debug_aranges
                0x0000000000000120       0x20 obj_cooja/mtype351.a(leds-arch.o)
 .debug_aranges
                0x0000000000000140       0x20 obj_cooja/mtype351.a(moteid.o)
 .debug_aranges
                0x0000000000000160       0x20 obj_cooja/mtype351.a(pir-sensor.o)
 .debug_aranges
                0x0000000000000180       0x20 obj_cooja/mtype351.a(rs232.o)
 .debug_aranges
                0x00000000000001a0       0x20 obj_cooja/mtype351.a(vib-sensor.o)
 .debug_aranges
                0x00000000000001c0       0x20 obj_cooja/mtype351.a(clock.o)
 .debug_aranges
                0x00000000000001e0       0x20 obj_cooja/mtype351.a(log.o)
 .debug_aranges
                0x0000000000000200       0x20 obj_cooja/mtype351.a(cfs-cooja.o)
 .debug_aranges
                0x0000000000000220       0x20 obj_cooja/mtype351.a(cooja-radio.o)
 .debug_aranges
                0x0000000000000240       0x20 obj_cooja/mtype351.a(eeprom.o)
 .debug_aranges
                0x0000000000000260       0x20 obj_cooja/mtype351.a(random.o)
 .debug_aranges
                0x0000000000000280       0x20 obj_cooja/mtype351.a(sensors.o)
 .debug_aranges
                0x00000000000002a0       0x20 obj_cooja/mtype351.a(autostart.o)
 .debug_aranges
                0x00000000000002c0       0x20 obj_cooja/mtype351.a(ctimer.o)
 .debug_aranges
                0x00000000000002e0       0x20 obj_cooja/mtype351.a(etimer.o)
 .debug_aranges
                0x0000000000000300       0x20 obj_cooja/mtype351.a(process.o)
 .debug_aranges
                0x0000000000000320       0x20 obj_cooja/mtype351.a(rtimer.o)
 .debug_aranges
                0x0000000000000340       0x20 obj_cooja/mtype351.a(timer.o)
 .debug_aranges
                0x0000000000000360       0x20 obj_cooja/mtype351.a(serial-line.o)
 .debug_aranges
                0x0000000000000380       0x20 obj_cooja/mtype351.a(list.o)
 .debug_aranges
                0x00000000000003a0       0x20 obj_cooja/mtype351.a(memb.o)
 .debug_aranges
                0x00000000000003c0       0x20 obj_cooja/mtype351.a(ringbuf.o)
 .debug_aranges
                0x00000000000003e0       0x20 obj_cooja/mtype351.a(sicslowpan.o)
 .debug_aranges
                0x0000000000000400       0x20 obj_cooja/mtype351.a(uip-ds6-nbr.o)
 .debug_aranges
                0x0000000000000420       0x20 obj_cooja/mtype351.a(uip-ds6-route.o)
 .debug_aranges
                0x0000000000000440       0x20 obj_cooja/mtype351.a(uip-ds6.o)
 .debug_aranges
                0x0000000000000460       0x20 obj_cooja/mtype351.a(uip-nd6.o)
 .debug_aranges
                0x0000000000000480       0x20 obj_cooja/mtype351.a(uip6.o)
 .debug_aranges
                0x00000000000004a0       0x20 obj_cooja/mtype351.a(simple-udp.o)
 .debug_aranges
                0x00000000000004c0       0x20 obj_cooja/mtype351.a(tcpip.o)
 .debug_aranges
                0x00000000000004e0       0x20 obj_cooja/mtype351.a(uip-debug.o)
 .debug_aranges
                0x0000000000000500       0x20 obj_cooja/mtype351.a(uip-packetqueue)
 .debug_aranges
                0x0000000000000520       0x20 obj_cooja/mtype351.a(uip-udp-packet.)
 .debug_aranges
                0x0000000000000540       0x20 obj_cooja/mtype351.a(rpl-dag.o)
 .debug_aranges
                0x0000000000000560       0x20 obj_cooja/mtype351.a(rpl-ext-header.)
 .debug_aranges
                0x0000000000000580       0x20 obj_cooja/mtype351.a(rpl-icmp6.o)
 .debug_aranges
                0x00000000000005a0       0x20 obj_cooja/mtype351.a(rpl-mrhof.o)
 .debug_aranges
                0x00000000000005c0       0x20 obj_cooja/mtype351.a(rpl-timers.o)
 .debug_aranges
                0x00000000000005e0       0x20 obj_cooja/mtype351.a(rpl.o)
 .debug_aranges
                0x0000000000000600       0x20 obj_cooja/mtype351.a(linkaddr.o)
 .debug_aranges
                0x0000000000000620       0x20 obj_cooja/mtype351.a(nbr-table.o)
 .debug_aranges
                0x0000000000000640       0x20 obj_cooja/mtype351.a(netstack.o)
 .debug_aranges
                0x0000000000000660       0x20 obj_cooja/mtype351.a(packetbuf.o)
 .debug_aranges
                0x0000000000000680       0x20 obj_cooja/mtype351.a(queuebuf.o)
 .debug_aranges
                0x00000000000006a0       0x20 obj_cooja/mtype351.a(csma.o)
 .debug_aranges
                0x00000000000006c0       0x20 obj_cooja/mtype351.a(framer-802154.o)
 .debug_aranges
                0x00000000000006e0       0x20 obj_cooja/mtype351.a(framer.o)
 .debug_aranges
                0x0000000000000700       0x20 obj_cooja/mtype351.a(mac.o)
 .debug_aranges
                0x0000000000000720       0x20 obj_cooja/mtype351.a(nullrdc.o)
 .debug_aranges
                0x0000000000000740       0x20 obj_cooja/mtype351.a(nullsec.o)
 .debug_aranges
                0x0000000000000760       0x20 obj_cooja/mtype351.a(watchdog.o)
 .debug_aranges
                0x0000000000000780       0x18 obj_cooja/mtype351.a(rimestats.o)
 .debug_aranges
                0x0000000000000798       0x20 obj_cooja/mtype351.a(stimer.o)
 .debug_aranges
                0x00000000000007b8       0x20 obj_cooja/mtype351.a(uip-icmp6.o)
 .debug_aranges
                0x00000000000007d8       0x20 obj_cooja/mtype351.a(frame802154.o)
 .debug_aranges
                0x00000000000007f8       0x20 obj_cooja/mtype351.a(mac-sequence.o)

.debug_pubnames
 *(.debug_pubnames)

.debug_info     0x0000000000000000    0x1af00
 *(.debug_info .gnu.linkonce.wi.*)
 .debug_info    0x0000000000000000      0xcd3 unicast-receiver.co
 .debug_info    0x0000000000000cd3     0x3711 obj_cooja/mtype351.o
 .debug_info    0x00000000000043e4      0x806 obj_cooja/mtype351.a(servreg-hack.o)
 .debug_info    0x0000000000004bea      0x15a obj_cooja/mtype351.a(simEnvChange.o)
 .debug_info    0x0000000000004d44      0x1e2 obj_cooja/mtype351.a(cooja_mt.o)
 .debug_info    0x0000000000004f26      0x2e7 obj_cooja/mtype351.a(cooja_mtarch.o)
 .debug_info    0x000000000000520d      0x16b obj_cooja/mtype351.a(rtimer-arch.o)
 .debug_info    0x0000000000005378      0x1f3 obj_cooja/mtype351.a(beep.o)
 .debug_info    0x000000000000556b      0x257 obj_cooja/mtype351.a(button-sensor.o)
 .debug_info    0x00000000000057c2      0x132 obj_cooja/mtype351.a(leds-arch.o)
 .debug_info    0x00000000000058f4      0x10a obj_cooja/mtype351.a(moteid.o)
 .debug_info    0x00000000000059fe      0x216 obj_cooja/mtype351.a(pir-sensor.o)
 .debug_info    0x0000000000005c14      0x22b obj_cooja/mtype351.a(rs232.o)
 .debug_info    0x0000000000005e3f      0x216 obj_cooja/mtype351.a(vib-sensor.o)
 .debug_info    0x0000000000006055      0x152 obj_cooja/mtype351.a(clock.o)
 .debug_info    0x00000000000061a7      0x2bb obj_cooja/mtype351.a(log.o)
 .debug_info    0x0000000000006462      0x3d5 obj_cooja/mtype351.a(cfs-cooja.o)
 .debug_info    0x0000000000006837      0xba8 obj_cooja/mtype351.a(cooja-radio.o)
 .debug_info    0x00000000000073df      0x214 obj_cooja/mtype351.a(eeprom.o)
 .debug_info    0x00000000000075f3       0xb3 obj_cooja/mtype351.a(random.o)
 .debug_info    0x00000000000076a6      0x36d obj_cooja/mtype351.a(sensors.o)
 .debug_info    0x0000000000007a13      0x1a5 obj_cooja/mtype351.a(autostart.o)
 .debug_info    0x0000000000007bb8      0x418 obj_cooja/mtype351.a(ctimer.o)
 .debug_info    0x0000000000007fd0      0x46b obj_cooja/mtype351.a(etimer.o)
 .debug_info    0x000000000000843b      0x4ba obj_cooja/mtype351.a(process.o)
 .debug_info    0x00000000000088f5      0x1ab obj_cooja/mtype351.a(rtimer.o)
 .debug_info    0x0000000000008aa0      0x16c obj_cooja/mtype351.a(timer.o)
 .debug_info    0x0000000000008c0c      0x2de obj_cooja/mtype351.a(serial-line.o)
 .debug_info    0x0000000000008eea      0x2ed obj_cooja/mtype351.a(list.o)
 .debug_info    0x00000000000091d7      0x1d7 obj_cooja/mtype351.a(memb.o)
 .debug_info    0x00000000000093ae      0x1aa obj_cooja/mtype351.a(ringbuf.o)
 .debug_info    0x0000000000009558      0xe39 obj_cooja/mtype351.a(sicslowpan.o)
 .debug_info    0x000000000000a391      0xab8 obj_cooja/mtype351.a(uip-ds6-nbr.o)
 .debug_info    0x000000000000ae49      0xcc7 obj_cooja/mtype351.a(uip-ds6-route.o)
 .debug_info    0x000000000000bb10      0xa45 obj_cooja/mtype351.a(uip-ds6.o)
 .debug_info    0x000000000000c555      0x9d6 obj_cooja/mtype351.a(uip-nd6.o)
 .debug_info    0x000000000000cf2b      0xe26 obj_cooja/mtype351.a(uip6.o)
 .debug_info    0x000000000000dd51      0x71c obj_cooja/mtype351.a(simple-udp.o)
 .debug_info    0x000000000000e46d     0x1574 obj_cooja/mtype351.a(tcpip.o)
 .debug_info    0x000000000000f9e1      0x1b5 obj_cooja/mtype351.a(uip-debug.o)
 .debug_info    0x000000000000fb96      0x470 obj_cooja/mtype351.a(uip-packetqueue)
 .debug_info    0x0000000000010006      0x37a obj_cooja/mtype351.a(uip-udp-packet.)
 .debug_info    0x0000000000010380     0x1863 obj_cooja/mtype351.a(rpl-dag.o)
 .debug_info    0x0000000000011be3      0xd5c obj_cooja/mtype351.a(rpl-ext-header.)
 .debug_info    0x000000000001293f     0x1467 obj_cooja/mtype351.a(rpl-icmp6.o)
 .debug_info    0x0000000000013da6      0xaa8 obj_cooja/mtype351.a(rpl-mrhof.o)
 .debug_info    0x000000000001484e      0xb0f obj_cooja/mtype351.a(rpl-timers.o)
 .debug_info    0x000000000001535d      0xc74 obj_cooja/mtype351.a(rpl.o)
 .debug_info    0x0000000000015fd1      0x165 obj_cooja/mtype351.a(linkaddr.o)
 .debug_info    0x0000000000016136      0x812 obj_cooja/mtype351.a(nbr-table.o)
 .debug_info    0x0000000000016948      0x461 obj_cooja/mtype351.a(netstack.o)
 .debug_info    0x0000000000016da9      0x4fa obj_cooja/mtype351.a(packetbuf.o)
 .debug_info    0x00000000000172a3      0x583 obj_cooja/mtype351.a(queuebuf.o)
 .debug_info    0x0000000000017826      0xaeb obj_cooja/mtype351.a(csma.o)
 .debug_info    0x0000000000018311      0x643 obj_cooja/mtype351.a(framer-802154.o)
 .debug_info    0x0000000000018954      0x285 obj_cooja/mtype351.a(framer.o)
 .debug_info    0x0000000000018bd9      0x112 obj_cooja/mtype351.a(mac.o)
 .debug_info    0x0000000000018ceb      0xc1f obj_cooja/mtype351.a(nullrdc.o)
 .debug_info    0x000000000001990a      0x42c obj_cooja/mtype351.a(nullsec.o)
 .debug_info    0x0000000000019d36       0x7b obj_cooja/mtype351.a(watchdog.o)
 .debug_info    0x0000000000019db1      0x119 obj_cooja/mtype351.a(rimestats.o)
 .debug_info    0x0000000000019eca      0x179 obj_cooja/mtype351.a(stimer.o)
 .debug_info    0x000000000001a043      0x780 obj_cooja/mtype351.a(uip-icmp6.o)
 .debug_info    0x000000000001a7c3      0x4a0 obj_cooja/mtype351.a(frame802154.o)
 .debug_info    0x000000000001ac63      0x29d obj_cooja/mtype351.a(mac-sequence.o)

.debug_abbrev   0x0000000000000000     0x6bb5
 *(.debug_abbrev)
 .debug_abbrev  0x0000000000000000      0x1d5 unicast-receiver.co
 .debug_abbrev  0x00000000000001d5      0x2c0 obj_cooja/mtype351.o
 .debug_abbrev  0x0000000000000495      0x292 obj_cooja/mtype351.a(servreg-hack.o)
 .debug_abbrev  0x0000000000000727       0xc3 obj_cooja/mtype351.a(simEnvChange.o)
 .debug_abbrev  0x00000000000007ea       0xe6 obj_cooja/mtype351.a(cooja_mt.o)
 .debug_abbrev  0x00000000000008d0      0x147 obj_cooja/mtype351.a(cooja_mtarch.o)
 .debug_abbrev  0x0000000000000a17       0xcc obj_cooja/mtype351.a(rtimer-arch.o)
 .debug_abbrev  0x0000000000000ae3       0xe3 obj_cooja/mtype351.a(beep.o)
 .debug_abbrev  0x0000000000000bc6      0x11c obj_cooja/mtype351.a(button-sensor.o)
 .debug_abbrev  0x0000000000000ce2       0xe1 obj_cooja/mtype351.a(leds-arch.o)
 .debug_abbrev  0x0000000000000dc3       0x9c obj_cooja/mtype351.a(moteid.o)
 .debug_abbrev  0x0000000000000e5f       0xe6 obj_cooja/mtype351.a(pir-sensor.o)
 .debug_abbrev  0x0000000000000f45      0x160 obj_cooja/mtype351.a(rs232.o)
 .debug_abbrev  0x00000000000010a5       0xe6 obj_cooja/mtype351.a(vib-sensor.o)
 .debug_abbrev  0x000000000000118b       0xee obj_cooja/mtype351.a(clock.o)
 .debug_abbrev  0x0000000000001279      0x141 obj_cooja/mtype351.a(log.o)
 .debug_abbrev  0x00000000000013ba      0x158 obj_cooja/mtype351.a(cfs-cooja.o)
 .debug_abbrev  0x0000000000001512      0x2d6 obj_cooja/mtype351.a(cooja-radio.o)
 .debug_abbrev  0x00000000000017e8      0x11b obj_cooja/mtype351.a(eeprom.o)
 .debug_abbrev  0x0000000000001903       0x6d obj_cooja/mtype351.a(random.o)
 .debug_abbrev  0x0000000000001970      0x1c2 obj_cooja/mtype351.a(sensors.o)
 .debug_abbrev  0x0000000000001b32       0xfb obj_cooja/mtype351.a(autostart.o)
 .debug_abbrev  0x0000000000001c2d      0x1a1 obj_cooja/mtype351.a(ctimer.o)
 .debug_abbrev  0x0000000000001dce      0x1f1 obj_cooja/mtype351.a(etimer.o)
 .debug_abbrev  0x0000000000001fbf      0x244 obj_cooja/mtype351.a(process.o)
 .debug_abbrev  0x0000000000002203      0x124 obj_cooja/mtype351.a(rtimer.o)
 .debug_abbrev  0x0000000000002327       0xf5 obj_cooja/mtype351.a(timer.o)