Archive member included to satisfy reference by file (symbol)

obj_cooja/mtype252.a(servreg-hack.o)
                              unicast-receiver.co (servreg_hack_init)
obj_cooja/mtype252.a(simEnvChange.o)
                              obj_cooja/mtype252.o (simDontFallAsleep)
obj_cooja/mtype252.a(cooja_mt.o)
                              obj_cooja/mtype252.o (cooja_mt_start)
obj_cooja/mtype252.a(cooja_mtarch.o)
                              obj_cooja/mtype252.a(cooja_mt.o) (cooja_mtarch_init)
obj_cooja/mtype252.a(rtimer-arch.o)
                              obj_cooja/mtype252.o (rtimer_arch_next)
obj_cooja/mtype252.a(beep.o)  obj_cooja/mtype252.o (beep_interface)
obj_cooja/mtype252.a(button-sensor.o)
                              obj_cooja/mtype252.o (button_interface)
obj_cooja/mtype252.a(leds-arch.o)
                              obj_cooja/mtype252.o (leds_interface)
obj_cooja/mtype252.a(moteid.o)
                              obj_cooja/mtype252.o (moteid_interface)
obj_cooja/mtype252.a(pir-sensor.o)
                              obj_cooja/mtype252.o (pir_interface)
obj_cooja/mtype252.a(rs232.o)
                              obj_cooja/mtype252.o (rs232_interface)
obj_cooja/mtype252.a(vib-sensor.o)
                              obj_cooja/mtype252.o (vib_interface)
obj_cooja/mtype252.a(clock.o)
                              obj_cooja/mtype252.o (clock_interface)
obj_cooja/mtype252.a(log.o)   obj_cooja/mtype252.o (simlog_interface)
obj_cooja/mtype252.a(cfs-cooja.o)
                              obj_cooja/mtype252.o (cfs_interface)
obj_cooja/mtype252.a(cooja-radio.o)
                              obj_cooja/mtype252.o (radio_interface)
obj_cooja/mtype252.a(eeprom.o)
                              obj_cooja/mtype252.o (eeprom_interface)
obj_cooja/mtype252.a(random.o)
                              obj_cooja/mtype252.a(moteid.o) (random_init)
obj_cooja/mtype252.a(sensors.o)
                              obj_cooja/mtype252.o (sensors_process)
obj_cooja/mtype252.a(autostart.o)
                              obj_cooja/mtype252.o (autostart_start)
obj_cooja/mtype252.a(ctimer.o)
                              obj_cooja/mtype252.o (ctimer_init)
obj_cooja/mtype252.a(etimer.o)
                              obj_cooja/mtype252.o (etimer_process)
obj_cooja/mtype252.a(process.o)
                              obj_cooja/mtype252.a(servreg-hack.o) (process_current)
obj_cooja/mtype252.a(rtimer.o)
                              obj_cooja/mtype252.a(rtimer-arch.o) (rtimer_run_next)
obj_cooja/mtype252.a(timer.o)
                              obj_cooja/mtype252.a(servreg-hack.o) (timer_set)
obj_cooja/mtype252.a(serial-line.o)
                              obj_cooja/mtype252.a(rs232.o) (serial_line_input_byte)
obj_cooja/mtype252.a(list.o)  obj_cooja/mtype252.a(servreg-hack.o) (list_init)
obj_cooja/mtype252.a(memb.o)  obj_cooja/mtype252.a(servreg-hack.o) (memb_init)
obj_cooja/mtype252.a(ringbuf.o)
                              obj_cooja/mtype252.a(serial-line.o) (ringbuf_init)
obj_cooja/mtype252.a(sicslowpan.o)
                              obj_cooja/mtype252.o (sicslowpan_driver)
obj_cooja/mtype252.a(uip-ds6-nbr.o)
                              obj_cooja/mtype252.a(sicslowpan.o) (uip_ds6_link_neighbor_callback)
obj_cooja/mtype252.a(uip-ds6-route.o)
                              obj_cooja/mtype252.a(uip-ds6-nbr.o) (uip_ds6_defrt_lookup)
obj_cooja/mtype252.a(uip-ds6.o)
                              unicast-receiver.co (uip_ds6_if)
obj_cooja/mtype252.a(uip-nd6.o)
                              obj_cooja/mtype252.a(uip-ds6-nbr.o) (uip_nd6_ns_output)
obj_cooja/mtype252.a(uip6.o)  unicast-receiver.co (uip_lladdr)
obj_cooja/mtype252.a(simple-udp.o)
                              unicast-receiver.co (simple_udp_register)
obj_cooja/mtype252.a(tcpip.o)
                              obj_cooja/mtype252.a(servreg-hack.o) (tcpip_event)
obj_cooja/mtype252.a(uip-debug.o)
                              unicast-receiver.co (uip_debug_ipaddr_print)
obj_cooja/mtype252.a(uip-packetqueue)
                              obj_cooja/mtype252.a(uip-ds6-nbr.o) (uip_packetqueue_new)
obj_cooja/mtype252.a(uip-udp-packet.)
                              obj_cooja/mtype252.a(servreg-hack.o) (uip_udp_packet_send)
obj_cooja/mtype252.a(rpl-dag.o)
                              unicast-receiver.co (rpl_set_root)
obj_cooja/mtype252.a(rpl-ext-header.)
                              obj_cooja/mtype252.a(uip6.o) (rpl_verify_header)
obj_cooja/mtype252.a(rpl-icmp6.o)
                              obj_cooja/mtype252.a(rpl-dag.o) (dao_output)
obj_cooja/mtype252.a(rpl-mrhof.o)
                              obj_cooja/mtype252.a(rpl-dag.o) (rpl_mrhof)
obj_cooja/mtype252.a(rpl-timers.o)
                              obj_cooja/mtype252.a(rpl-dag.o) (rpl_reset_dio_timer)
obj_cooja/mtype252.a(rpl.o)   obj_cooja/mtype252.a(rpl-icmp6.o) (rpl_get_mode)
obj_cooja/mtype252.a(linkaddr.o)
                              obj_cooja/mtype252.o (linkaddr_node_addr)
obj_cooja/mtype252.a(nbr-table.o)
[...]
Memory Configuration

Name             Origin             Length             Attributes
*default*        0x0000000000000000 0xffffffffffffffff

Linker script and memory map

LOAD /usr/lib/gcc/i686-linux-gnu/4.8/../../../i386-linux-gnu/crti.o
LOAD /usr/lib/gcc/i686-linux-gnu/4.8/crtbeginS.o
LOAD unicast-receiver.co
LOAD obj_cooja/mtype252.o
LOAD obj_cooja/mtype252.a
LOAD /usr/lib/gcc/i686-linux-gnu/4.8/libgcc.a
LOAD /usr/lib/gcc/i686-linux-gnu/4.8/libgcc_s.so
LOAD /usr/lib/gcc/i686-linux-gnu/4.8/../../../i386-linux-gnu/libc.so
START GROUP
LOAD /lib/i386-linux-gnu/libc.so.6
LOAD /usr/lib/i386-linux-gnu/libc_nonshared.a
LOAD /lib/i386-linux-gnu/ld-linux.so.2
END GROUP
LOAD /usr/lib/gcc/i686-linux-gnu/4.8/libgcc.a
LOAD /usr/lib/gcc/i686-linux-gnu/4.8/libgcc_s.so
LOAD /usr/lib/gcc/i686-linux-gnu/4.8/crtendS.o
LOAD /usr/lib/gcc/i686-linux-gnu/4.8/../../../i386-linux-gnu/crtn.o
                0x0000000000000114                . = (0x0 + SIZEOF_HEADERS)

.note.gnu.build-id
                0x0000000000000114       0x24
 *(.note.gnu.build-id)
 .note.gnu.build-id
                0x0000000000000114       0x24 /usr/lib/gcc/i686-linux-gnu/4.8/../../../i386-linux-gnu/crti.o

.hash
 *(.hash)

.gnu.hash       0x0000000000000138      0xe14
 *(.gnu.hash)
 .gnu.hash      0x0000000000000138      0xe14 /usr/lib/gcc/i686-linux-gnu/4.8/../../../i386-linux-gnu/crti.o

.dynsym         0x0000000000000f4c     0x20c0
 *(.dynsym)
 .dynsym        0x0000000000000f4c     0x20c0 /usr/lib/gcc/i686-linux-gnu/4.8/../../../i386-linux-gnu/crti.o

.dynstr         0x000000000000300c     0x21ac
 *(.dynstr)
 .dynstr        0x000000000000300c     0x21ac /usr/lib/gcc/i686-linux-gnu/4.8/../../../i386-linux-gnu/crti.o

.gnu.version    0x00000000000051b8      0x418
 *(.gnu.version)
 .gnu.version   0x00000000000051b8      0x418 /usr/lib/gcc/i686-linux-gnu/4.8/../../../i386-linux-gnu/crti.o

.gnu.version_d  0x00000000000055d0        0x0
 *(.gnu.version_d)
 .gnu.version_d
                0x0000000000000000        0x0 /usr/lib/gcc/i686-linux-gnu/4.8/../../../i386-linux-gnu/crti.o

.gnu.version_r  0x00000000000055d0       0x40
 *(.gnu.version_r)
 .gnu.version_r
                0x00000000000055d0       0x40 /usr/lib/gcc/i686-linux-gnu/4.8/../../../i386-linux-gnu/crti.o

.rel.dyn        0x0000000000005610     0x8a60
 *(.rel.init)
 .rel.init      0x0000000000000000        0x0 /usr/lib/gcc/i686-linux-gnu/4.8/../../../i386-linux-gnu/crti.o
 *(.rel.text .rel.text.* .rel.gnu.linkonce.t.*)
 .rel.text      0x0000000000005610     0x8278 /usr/lib/gcc/i686-linux-gnu/4.8/../../../i386-linux-gnu/crti.o
 *(.rel.fini)
 .rel.fini      0x0000000000000000        0x0 /usr/lib/gcc/i686-linux-gnu/4.8/../../../i386-linux-gnu/crti.o
 *(.rel.rodata .rel.rodata.* .rel.gnu.linkonce.r.*)
 .rel.rodata    0x000000000000d888      0x4f8 /usr/lib/gcc/i686-linux-gnu/4.8/../../../i386-linux-gnu/crti.o
 *(.rel.data.rel.ro .rel.data.rel.ro.* .rel.gnu.linkonce.d.rel.ro.*)
 *(.rel.data .rel.data.* .rel.gnu.linkonce.d.*)
 .rel.data.rel  0x000000000000dd80        0x8 /usr/lib/gcc/i686-linux-gnu/4.8/../../../i386-linux-gnu/crti.o
 .rel.data      0x000000000000dd88      0x2b0 /usr/lib/gcc/i686-linux-gnu/4.8/../../../i386-linux-gnu/crti.o
 *(.rel.tdata .rel.tdata.* .rel.gnu.linkonce.td.*)
 *(.rel.tbss .rel.tbss.* .rel.gnu.linkonce.tb.*)
 *(.rel.ctors)
 *(.rel.dtors)
 *(.rel.got)
 .rel.got       0x000000000000e038       0x28 /usr/lib/gcc/i686-linux-gnu/4.8/../../../i386-linux-gnu/crti.o
 *(.rel.bss .rel.bss.* .rel.gnu.linkonce.b.*)
 *(.rel.ifunc)
 .rel.ifunc     0x0000000000000000        0x0 /usr/lib/gcc/i686-linux-gnu/4.8/../../../i386-linux-gnu/crti.o
 .rel.fini_array
                0x000000000000e060        0x8 /usr/lib/gcc/i686-linux-gnu/4.8/../../../i386-linux-gnu/crti.o
 .rel.init_array
                0x000000000000e068        0x8 /usr/lib/gcc/i686-linux-gnu/4.8/../../../i386-linux-gnu/crti.o

.rel.plt        0x000000000000e070       0x10
 *(.rel.plt)
 .rel.plt       0x000000000000e070       0x10 /usr/lib/gcc/i686-linux-gnu/4.8/../../../i386-linux-gnu/crti.o
 *(.rel.iplt)

.init           0x000000000000e080       0x23
 *(SORT(.init))
 .init          0x000000000000e080       0x1e /usr/lib/gcc/i686-linux-gnu/4.8/../../../i386-linux-gnu/crti.o
                0x000000000000e080                _init
 .init          0x000000000000e09e        0x5 /usr/lib/gcc/i686-linux-gnu/4.8/../../../i386-linux-gnu/crtn.o

.plt            0x000000000000e0b0       0x30
 *(.plt)
 .plt           0x000000000000e0b0       0x30 /usr/lib/gcc/i686-linux-gnu/4.8/../../../i386-linux-gnu/crti.o
 *(.iplt)

.text           0x000000000000e0e0    0x14760
 *(.text.unlikely .text.*_unlikely .text.unlikely.*)
 *(.text.exit .text.exit.*)
 *(.text.startup .text.startup.*)
 *(.text.hot .text.hot.*)
 *(.text .stub .text.* .gnu.linkonce.t.*)
 .text          0x000000000000e0e0        0x0 /usr/lib/gcc/i686-linux-gnu/4.8/../../../i386-linux-gnu/crti.o
 .gnu.linkonce.t.__x86.get_pc_thunk.bx
                0x000000000000e0e0        0x4 /usr/lib/gcc/i686-linux-gnu/4.8/../../../i386-linux-gnu/crti.o
                0x000000000000e0e0                __x86.get_pc_thunk.bx
 *fill*         0x000000000000e0e4        0xc 
 .text          0x000000000000e0f0      0x11b /usr/lib/gcc/i686-linux-gnu/4.8/crtbeginS.o
 .text          0x000000000000e20b      0x3cc unicast-receiver.co
 .text          0x000000000000e5d7      0x70e obj_cooja/mtype252.o
                0x000000000000e70d                contiki_init
                0x000000000000eafc                Java_org_contikios_cooja_corecomm_Lib30_init
                0x000000000000eb3c                Java_org_contikios_cooja_corecomm_Lib30_getMemory
                0x000000000000eb7c                Java_org_contikios_cooja_corecomm_Lib30_setMemory
                0x000000000000ebf3                Java_org_contikios_cooja_corecomm_Lib30_tick
                0x000000000000ecd3                Java_org_contikios_cooja_corecomm_Lib30_setReferenceAddress
 .text          0x000000000000ece5      0x7cb obj_cooja/mtype252.a(servreg-hack.o)
                0x000000000000edba                servreg_hack_init
                0x000000000000ee0e                servreg_hack_register
                0x000000000000ef2d                servreg_hack_list_head
                0x000000000000ef47                servreg_hack_item_id
                0x000000000000ef53                servreg_hack_item_address
                0x000000000000ef5e                servreg_hack_lookup
 .text          0x000000000000f4b0       0x63 obj_cooja/mtype252.a(simEnvChange.o)
                0x000000000000f4b0                doActionsBeforeTick
                0x000000000000f4e1                doActionsAfterTick
 .text          0x000000000000f513       0xbc obj_cooja/mtype252.a(cooja_mt.o)
                0x000000000000f513                cooja_mt_init
                0x000000000000f520                cooja_mt_remove
                0x000000000000f52d                cooja_mt_start
                0x000000000000f55a                cooja_mt_exec
                0x000000000000f58b                cooja_mt_exit
                0x000000000000f5ad                cooja_mt_yield
 .text          0x000000000000f5cf      0x115 obj_cooja/mtype252.a(cooja_mtarch.o)
                0x000000000000f5cf                cooja_mtarch_init
                0x000000000000f5d4                cooja_mtarch_start
                0x000000000000f64f                cooja_sw
                0x000000000000f671                cooja_mtarch_exec
                0x000000000000f68d                cooja_mtarch_remove
                0x000000000000f692                cooja_mtarch_yield
                0x000000000000f69c                cooja_mtarch_pstop
                0x000000000000f6a1                cooja_mtarch_pstart
                0x000000000000f6a6                cooja_mtarch_stack_usage
 .text          0x000000000000f6e4       0xc2 obj_cooja/mtype252.a(rtimer-arch.o)
                0x000000000000f6e4                rtimer_arch_init
                0x000000000000f707                rtimer_arch_schedule
                0x000000000000f71e                rtimer_arch_next
                0x000000000000f728                rtimer_arch_pending
                0x000000000000f732                rtimer_arch_check
                0x000000000000f764                rtimer_arch_now
 .text          0x000000000000f7a6       0x76 obj_cooja/mtype252.a(beep.o)
                0x000000000000f7a6                beep_alarm
                0x000000000000f7b2                beep_beep
                0x000000000000f7be                beep
                0x000000000000f7ca                beep_down
                0x000000000000f7d6                beep_on
                0x000000000000f7e2                beep_off
                0x000000000000f7ee                beep_spinup
                0x000000000000f7fa                beep_quick
                0x000000000000f806                beep_long
 .text          0x000000000000f81c      0x103 obj_cooja/mtype252.a(button-sensor.o)
 .text          0x000000000000f91f       0x45 obj_cooja/mtype252.a(leds-arch.o)
                0x000000000000f91f                leds_arch_init
                0x000000000000f92b                leds_arch_get
                0x000000000000f937                leds_arch_set
 .text          0x000000000000f964       0x2f obj_cooja/mtype252.a(moteid.o)
 .text          0x000000000000f993       0xb1 obj_cooja/mtype252.a(pir-sensor.o)
 .text          0x000000000000fa44      0x12e obj_cooja/mtype252.a(rs232.o)
                0x000000000000fa44                rs232_init
                0x000000000000fa49                rs232_set_speed
                0x000000000000fa57                rs232_set_input
                0x000000000000fa64                rs232_send
                0x000000000000fa86                rs232_print
                0x000000000000faa1                slip_arch_writeb
 .text          0x000000000000fb72       0xb1 obj_cooja/mtype252.a(vib-sensor.o)
 .text          0x000000000000fc23       0x34 obj_cooja/mtype252.a(clock.o)
                0x000000000000fc23                clock_init
                0x000000000000fc28                clock_time
                0x000000000000fc32                clock_seconds
                0x000000000000fc48                clock_delay
 .text          0x000000000000fc57      0x1ed obj_cooja/mtype252.a(log.o)
                0x000000000000fc57                simlog_char
                0x000000000000fc99                simlog
                0x000000000000fd06                log_message
                0x000000000000fd2e                log_set_putchar_with_slip
                0x000000000000fd3b                log_putchar
                0x000000000000fdbf                log_puts
                0x000000000000fde3                log_printf
 .text          0x000000000000fe44      0x28d obj_cooja/mtype252.a(cfs-cooja.o)
                0x000000000000fe44                cfs_open
                0x000000000000fe8f                cfs_close
                0x000000000000fe9b                cfs_read
                0x000000000000ff39                cfs_write
                0x000000000000fffd                cfs_seek
                0x0000000000010085                cfs_remove
                0x00000000000100ae                cfs_opendir
                0x00000000000100b8                cfs_readdir
                0x00000000000100c2                cfs_closedir
 .text          0x00000000000100d1      0x3df obj_cooja/mtype252.a(cooja-radio.o)
                0x00000000000100fb                radio_set_channel
                0x0000000000010108                radio_set_txpower
                0x000000000001011f                radio_signal_strength_last
                0x0000000000010129                radio_signal_strength_current
                0x0000000000010133                radio_LQI
 .text          0x00000000000104b0       0xef obj_cooja/mtype252.a(eeprom.o)
                0x00000000000104b0                eeprom_init
                0x00000000000104b5                eeprom_read
                0x0000000000010525                eeprom_write
 .text          0x000000000001059f       0x28 obj_cooja/mtype252.a(random.o)
                0x000000000001059f                random_init
                0x00000000000105ba                random_rand
 .text          0x00000000000105c7      0x2a1 obj_cooja/mtype252.a(sensors.o)
                0x0000000000010602                sensors_first
                0x000000000001060c                sensors_next
                0x0000000000010629                sensors_changed
                0x0000000000010658                sensors_find
 .text          0x0000000000010868       0x8e obj_cooja/mtype252.a(autostart.o)
                0x0000000000010868                autostart_start
                0x00000000000108b3                autostart_exit
 .text          0x00000000000108f6      0x306 obj_cooja/mtype252.a(ctimer.o)
                0x0000000000010a0d                ctimer_init
                0x0000000000010a3d                ctimer_set
                0x0000000000010abc                ctimer_reset
                0x0000000000010b0b                ctimer_restart
                0x0000000000010b5a                ctimer_stop
                0x0000000000010ba5                ctimer_expired
 .text          0x0000000000010bfc      0x3e4 obj_cooja/mtype252.a(etimer.o)
                0x0000000000010e0f                etimer_request_poll
                0x0000000000010e93                etimer_set
                0x0000000000010eb8                etimer_reset
                0x0000000000010ed6                etimer_restart
                0x0000000000010ef4                etimer_adjust
                0x0000000000010f10                etimer_expired
                0x0000000000010f23                etimer_expiration_time
                0x0000000000010f35                etimer_start_time
                0x0000000000010f3f                etimer_pending
                0x0000000000010f51                etimer_next_expiration_time
                0x0000000000010f6b                etimer_stop
 .text          0x0000000000010fe0      0x560 obj_cooja/mtype252.a(process.o)
                0x0000000000010fe0                process_alloc_event
                0x0000000000010ff5                process_start
                0x00000000000111de                process_exit
                0x00000000000111fa                process_init
                0x00000000000113cb                process_run
                0x00000000000113fe                process_nevents
                0x0000000000011419                process_post
                0x00000000000114c5                process_post_synch
                0x00000000000114fd                process_poll
                0x000000000001152c                process_is_running
 .text          0x0000000000011540       0xba obj_cooja/mtype252.a(rtimer.o)
                0x0000000000011540                rtimer_init
                0x000000000001154d                rtimer_set
                0x00000000000115a4                rtimer_run_next
 .text          0x00000000000115fa       0x91 obj_cooja/mtype252.a(timer.o)
                0x00000000000115fa                timer_set
                0x0000000000011615                timer_reset
                0x000000000001162c                timer_restart
                0x000000000001163e                timer_expired
                0x0000000000011667                timer_remaining
 .text          0x000000000001168b      0x1fb obj_cooja/mtype252.a(serial-line.o)
                0x000000000001168b                serial_line_input_byte
                0x000000000001184e                serial_line_init
 .text          0x0000000000011886      0x244 obj_cooja/mtype252.a(list.o)
                0x0000000000011886                list_init
                0x0000000000011894                list_head
                0x000000000001189e                list_copy
                0x00000000000118ad                list_tail
                0x00000000000118e3                list_add
                0x000000000001192c                list_push
                0x0000000000011958                list_chop
                0x00000000000119c2                list_pop
                0x00000000000119ea                list_remove
                0x0000000000011a51                list_length
                0x0000000000011a7f                list_insert
                0x0000000000011ab3                list_item_next
 .text          0x0000000000011aca      0x1c1 obj_cooja/mtype252.a(memb.o)
                0x0000000000011aca                memb_init
                0x0000000000011b28                memb_alloc
                0x0000000000011b8d                memb_free
                0x0000000000011c08                memb_inmemb
                0x0000000000011c47                memb_numfree
 .text          0x0000000000011c8b      0x155 obj_cooja/mtype252.a(ringbuf.o)
                0x0000000000011c8b                ringbuf_init
                0x0000000000011cbc                ringbuf_put
                0x0000000000011d3a                ringbuf_get
                0x0000000000011da7                ringbuf_size
                0x0000000000011db9                ringbuf_elements
 .text          0x0000000000011de0     0x218c obj_cooja/mtype252.a(sicslowpan.o)
                0x0000000000011e73                rime_sniffer_add
                0x0000000000011e80                rime_sniffer_remove
                0x0000000000013f0b                sicslowpan_init
                0x0000000000013f62                sicslowpan_get_last_rssi
 .text          0x0000000000013f6c      0x584 obj_cooja/mtype252.a(uip-ds6-nbr.o)
                0x0000000000013f89                uip_ds6_neighbors_init
                0x0000000000013fa6                uip_ds6_nbr_add
                0x0000000000014061                uip_ds6_nbr_rm
                0x000000000001409d                uip_ds6_nbr_get_ipaddr
                0x00000000000140b2                uip_ds6_nbr_get_ll
                0x00000000000140ce                uip_ds6_nbr_num
                0x0000000000014113                uip_ds6_nbr_lookup
                0x0000000000014178                uip_ds6_nbr_ll_lookup
                0x0000000000014194                uip_ds6_nbr_ipaddr_from_lladdr
                0x00000000000141ba                uip_ds6_nbr_lladdr_from_ipaddr
                0x00000000000141e8                uip_ds6_link_neighbor_callback
                0x0000000000014231                uip_ds6_neighbor_periodic
                0x0000000000014475                uip_ds6_get_least_lifetime_neighbor
 .text          0x00000000000144f0      0x8ae obj_cooja/mtype252.a(uip-ds6-route.o)
                0x0000000000014567                uip_ds6_notification_add
                0x0000000000014598                uip_ds6_notification_rm
                0x00000000000145b4                uip_ds6_route_init
                0x000000000001463c                uip_ds6_route_nexthop
                0x0000000000014664                uip_ds6_route_head
                0x0000000000014679                uip_ds6_route_next
                0x000000000001469f                uip_ds6_route_num_routes
                0x00000000000146a9                uip_ds6_route_lookup
                0x000000000001476b                uip_ds6_route_add
                0x0000000000014976                uip_ds6_route_rm
                0x0000000000014b0a                uip_ds6_route_rm_by_nexthop
                0x0000000000014b42                uip_ds6_defrt_add
                0x0000000000014bf3                uip_ds6_defrt_rm
                0x0000000000014c72                uip_ds6_defrt_lookup
                0x0000000000014ccb                uip_ds6_defrt_choose
                0x0000000000014d36                uip_ds6_defrt_periodic
 .text          0x0000000000014d9e      0xb9c obj_cooja/mtype252.a(uip-ds6.o)
                0x0000000000014d9e                uip_ds6_init
                0x0000000000014f71                uip_ds6_periodic
                0x0000000000014fef                uip_ds6_list_loop
                0x0000000000015096                uip_ds6_prefix_add
                0x0000000000015154                uip_ds6_prefix_rm
                0x0000000000015166                uip_ds6_prefix_lookup
                0x00000000000151b7                uip_ds6_is_addr_onlink
                0x000000000001522b                uip_ds6_addr_add
                0x0000000000015359                uip_ds6_addr_rm
                0x00000000000153f9                uip_ds6_addr_lookup
                0x0000000000015444                uip_ds6_get_link_local
                0x00000000000154c3                uip_ds6_get_global
                0x0000000000015542                uip_ds6_maddr_add
                0x00000000000155b4                uip_ds6_maddr_rm
                0x00000000000155c6                uip_ds6_maddr_lookup
                0x0000000000015611                uip_ds6_aaddr_add
                0x0000000000015683                uip_ds6_aaddr_rm
                0x0000000000015695                uip_ds6_aaddr_lookup
                0x00000000000156e0                uip_ds6_select_src
                0x0000000000015825                uip_ds6_set_addr_iid
                0x000000000001585c                get_match_length
                0x00000000000158ee                uip_ds6_compute_reachable_time
 .text          0x000000000001593a      0xd88 obj_cooja/mtype252.a(uip-nd6.o)
                0x0000000000015f44                uip_nd6_ns_output
                0x00000000000166a2                uip_nd6_init
 .text          0x00000000000166c2     0x292c obj_cooja/mtype252.a(uip6.o)
                0x00000000000166c2                uip_add32
                0x000000000001685b                uip_chksum
                0x0000000000016949                uip_icmp6chksum
                0x000000000001695d                uip_tcpchksum
                0x0000000000016971                uip_udpchksum
                0x0000000000016985                uip_init
                0x0000000000016a55                uip_connect
                0x0000000000016c04                remove_ext_hdr
                0x0000000000016cd9                uip_udp_new
                0x0000000000016e35                uip_unlisten
                0x0000000000016e95                uip_listen
                0x0000000000017157                uip_process
                0x0000000000018ee2                uip_htons
                0x0000000000018f04                uip_htonl
                0x0000000000018f44                uip_send
 .text          0x0000000000018fee      0x3b5 obj_cooja/mtype252.a(simple-udp.o)
                0x000000000001901c                simple_udp_send
                0x0000000000019089                simple_udp_sendto
                0x00000000000190ee                simple_udp_sendto_port
                0x0000000000019151                simple_udp_register
 .text          0x00000000000193a3      0xbbc obj_cooja/mtype252.a(tcpip.o)
                0x00000000000193a3                tcpip_output
                0x00000000000193d1                tcpip_set_outputfunc
                0x0000000000019465                tcp_connect
                0x00000000000194ba                tcp_unlisten
                0x0000000000019528                tcp_listen
                0x0000000000019594                tcp_attach
                0x00000000000195b9                udp_attach
                0x00000000000195de                udp_new
                0x0000000000019630                udp_broadcast_new
                0x00000000000198da                tcpip_input
                0x000000000001990e                tcpip_ipv6_output
                0x0000000000019d76                tcpip_poll_udp
                0x0000000000019d99                tcpip_poll_tcp
                0x0000000000019dbc                tcpip_uipcall
 .text          0x0000000000019f5f      0x127 obj_cooja/mtype252.a(uip-debug.o)
                0x0000000000019f5f                uip_debug_ipaddr_print
                0x000000000001a027                uip_debug_lladdr_print
 .text          0x000000000001a086      0x141 obj_cooja/mtype252.a(uip-packetqueue)
                0x000000000001a0b2                uip_packetqueue_new
                0x000000000001a0c0                uip_packetqueue_alloc
                0x000000000001a120                uip_packetqueue_free
                0x000000000001a161                uip_packetqueue_buf
                0x000000000001a17e                uip_packetqueue_buflen
                0x000000000001a19f                uip_packetqueue_set_buflen
 .text          0x000000000001a1c7      0x131 obj_cooja/mtype252.a(uip-udp-packet.)
                0x000000000001a1c7                uip_udp_packet_send
                0x000000000001a227                uip_udp_packet_sendto
 .text          0x000000000001a2f8     0x227b obj_cooja/mtype252.a(rpl-dag.o)
                0x000000000001a2f8                rpl_print_neighbor_list
                0x000000000001a4a5                rpl_get_nbr
                0x000000000001a4ff                rpl_dag_init
                0x000000000001a51c                rpl_get_parent
                0x000000000001a53e                rpl_get_parent_rank
                0x000000000001a571                rpl_get_parent_link_metric
                0x000000000001a5a4                rpl_get_parent_ipaddr
                0x000000000001a8b0                rpl_set_root
                0x000000000001aade                rpl_repair_root
                0x000000000001ad1a                rpl_set_prefix
                0x000000000001ae19                rpl_set_default_route
                0x000000000001aebe                rpl_alloc_instance
                0x000000000001af51                rpl_alloc_dag
                0x000000000001b002                rpl_set_default_instance
                0x000000000001b00f                rpl_get_default_instance
                0x000000000001b019                rpl_free_instance
                0x000000000001b0c8                rpl_free_dag
                0x000000000001b12e                rpl_add_parent
                0x000000000001b1f6                rpl_find_parent
                0x000000000001b250                rpl_find_parent_any_dag
                0x000000000001b28e                rpl_select_dag
                0x000000000001b62c                rpl_select_parent
                0x000000000001b68e                rpl_remove_parent
                0x000000000001b6b5                rpl_nullify_parent
                0x000000000001b754                rpl_move_parent
                0x000000000001b7f2                rpl_get_any_dag
                0x000000000001b854                rpl_get_instance
                0x000000000001b8b7                rpl_find_of
                0x000000000001b8f4                rpl_join_instance
                0x000000000001bb84                rpl_add_dag
                0x000000000001bf53                rpl_local_repair
                0x000000000001bfe0                rpl_recalculate_ranks
                0x000000000001c069                rpl_process_parent_event
                0x000000000001c0ea                rpl_process_dio
                0x000000000001c557                rpl_lock_parent
 .text          0x000000000001c573      0xb5f obj_cooja/mtype252.a(rpl-ext-header.)
                0x000000000001c590                rpl_verify_header
                0x000000000001c975                rpl_update_header_empty
                0x000000000001cc8c                rpl_update_header_final
                0x000000000001ce1c                rpl_remove_header
                0x000000000001cf26                rpl_invert_header
                0x000000000001d0b0                rpl_insert_header
 .text          0x000000000001d0d2     0x17dd obj_cooja/mtype252.a(rpl-icmp6.o)
                0x000000000001d333                dis_output
                0x000000000001d9e7                dio_output
                0x000000000001e50a                dao_output
                0x000000000001e563                dao_output_target
                0x000000000001e804                dao_ack_output
                0x000000000001e877                rpl_icmp6_register_handlers
 .text          0x000000000001e8af      0x292 obj_cooja/mtype252.a(rpl-mrhof.o)
 .text          0x000000000001eb41      0x740 obj_cooja/mtype252.a(rpl-timers.o)
                0x000000000001ed91                rpl_reset_periodic_timer
                0x000000000001ede6                rpl_reset_dio_timer
                0x000000000001f002                rpl_schedule_dao
                0x000000000001f01d                rpl_schedule_dao_immediately
                0x000000000001f038                rpl_cancel_dao
                0x000000000001f229                rpl_schedule_probing
 .text          0x000000000001f281      0x487 obj_cooja/mtype252.a(rpl.o)
                0x000000000001f281                rpl_get_mode
                0x000000000001f28b                rpl_set_mode
                0x000000000001f2f2                rpl_purge_routes
                0x000000000001f3ec                rpl_remove_routes
                0x000000000001f432                rpl_remove_routes_by_nexthop
                0x000000000001f49e                rpl_add_route
                0x000000000001f50e                rpl_link_neighbor_callback
                0x000000000001f613                rpl_ipv6_neighbor_callback
                0x000000000001f682                rpl_init
 .text          0x000000000001f708       0x67 obj_cooja/mtype252.a(linkaddr.o)
                0x000000000001f708                linkaddr_copy
                0x000000000001f72a                linkaddr_cmp
                0x000000000001f754                linkaddr_set_node_addr
 .text          0x000000000001f76f      0x6dc obj_cooja/mtype252.a(nbr-table.o)
                0x000000000001fb4e                nbr_table_register
                0x000000000001fb96                nbr_table_head
                0x000000000001fbf2                nbr_table_next
                0x000000000001fc59                nbr_table_add_lladdr
                0x000000000001fd28                nbr_table_get_from_lladdr
                0x000000000001fd75                nbr_table_remove
                0x000000000001fdc7                nbr_table_lock
                0x000000000001fdf1                nbr_table_unlock
                0x000000000001fe1b                nbr_table_get_lladdr
 .text          0x000000000001fe4b       0x24 obj_cooja/mtype252.a(netstack.o)
                0x000000000001fe4b                netstack_init
 .text          0x000000000001fe6f      0x46c obj_cooja/mtype252.a(packetbuf.o)
                0x000000000001fe6f                packetbuf_clear
                0x000000000001fea6                packetbuf_clear_hdr
                0x000000000001feb2                packetbuf_copyfrom
                0x000000000001ff04                packetbuf_compact
                0x000000000001ff70                packetbuf_copyto_hdr
                0x000000000001ffc3                packetbuf_copyto
                0x0000000000020095                packetbuf_hdralloc
                0x00000000000200df                packetbuf_hdr_remove
                0x00000000000200f7                packetbuf_hdrreduce
                0x000000000002013f                packetbuf_set_datalen
                0x0000000000020158                packetbuf_dataptr
                0x0000000000020171                packetbuf_hdrptr
                0x0000000000020188                packetbuf_datalen
                0x0000000000020194                packetbuf_hdrlen
                0x00000000000201c2                packetbuf_totlen
                0x00000000000201d8                packetbuf_attr_clear
                0x000000000002022e                packetbuf_attr_copyto
                0x0000000000020277                packetbuf_attr_copyfrom
                0x00000000000202bf                packetbuf_holds_broadcast
 .text          0x00000000000202db      0x2b4 obj_cooja/mtype252.a(queuebuf.o)
                0x00000000000202e5                queuebuf_init
                0x0000000000020305                queuebuf_numfree
                0x0000000000020319                queuebuf_new_from_packetbuf
                0x00000000000203a9                queuebuf_update_attr_from_packetbuf
                0x00000000000203dc                queuebuf_update_from_packetbuf
                0x0000000000020426                queuebuf_free
                0x000000000002046d                queuebuf_to_packetbuf
                0x00000000000204d3                queuebuf_dataptr
                0x000000000002050a                queuebuf_datalen
                0x000000000002052d                queuebuf_addr
                0x000000000002055f                queuebuf_attr
                0x000000000002058a                queuebuf_debug_print
 .text          0x000000000002058f      0x734 obj_cooja/mtype252.a(csma.o)
 .text          0x0000000000020cc3      0x400 obj_cooja/mtype252.a(framer-802154.o)
 .text          0x00000000000210c3       0x32 obj_cooja/mtype252.a(framer.o)
                0x00000000000210c3                framer_canonical_create_and_secure
 .text          0x00000000000210f5       0x3c obj_cooja/mtype252.a(mac.o)
                0x00000000000210f5                mac_call_sent_callback
 .text          0x0000000000021131      0x41b obj_cooja/mtype252.a(nullrdc.o)
 .text          0x000000000002154c       0x8a obj_cooja/mtype252.a(nullsec.o)
 .text          0x00000000000215d6       0x19 obj_cooja/mtype252.a(watchdog.o)
                0x00000000000215d6                watchdog_init
                0x00000000000215db                watchdog_start
                0x00000000000215e0                watchdog_periodic
                0x00000000000215e5                watchdog_stop
                0x00000000000215ea                watchdog_reboot
 .text          0x00000000000215ef        0x0 obj_cooja/mtype252.a(rimestats.o)
 .text          0x00000000000215ef       0xa3 obj_cooja/mtype252.a(stimer.o)
                0x00000000000215ef                stimer_set
                0x000000000002160a                stimer_reset
                0x0000000000021621                stimer_restart
                0x0000000000021633                stimer_expired
                0x000000000002165a                stimer_remaining
                0x000000000002167e                stimer_elapsed
 .text          0x0000000000021692      0xa8f obj_cooja/mtype252.a(uip-icmp6.o)
                0x0000000000021700                uip_icmp6_input
                0x0000000000021756                uip_icmp6_register_input_handler
                0x0000000000021a1e                uip_icmp6_error_output
                0x0000000000021d47                uip_icmp6_send
                0x00000000000220b4                uip_icmp6_echo_reply_callback_add
                0x00000000000220e5                uip_icmp6_echo_reply_callback_rm
                0x0000000000022101                uip_icmp6_init
 .text          0x0000000000022121      0x59e obj_cooja/mtype252.a(frame802154.o)
                0x0000000000022226                frame802154_hdrlen
                0x000000000002226e                frame802154_create
                0x0000000000022428                frame802154_parse
 .text          0x00000000000226bf      0x181 obj_cooja/mtype252.a(mac-sequence.o)
                0x00000000000226f6                mac_sequence_is_duplicate
                0x0000000000022779                mac_sequence_register_seqno
 .text          0x0000000000022840        0x0 /usr/lib/gcc/i686-linux-gnu/4.8/crtendS.o
 .text          0x0000000000022840        0x0 /usr/lib/gcc/i686-linux-gnu/4.8/../../../i386-linux-gnu/crtn.o
 *(.gnu.warning)

.fini           0x0000000000022840       0x14
 *(SORT(.fini))
 .fini          0x0000000000022840        0xf /usr/lib/gcc/i686-linux-gnu/4.8/../../../i386-linux-gnu/crti.o
                0x0000000000022840                _fini
 .fini          0x000000000002284f        0x5 /usr/lib/gcc/i686-linux-gnu/4.8/../../../i386-linux-gnu/crtn.o
                0x0000000000022854                PROVIDE (__etext, .)
                0x0000000000022854                PROVIDE (_etext, .)
                0x0000000000022854                PROVIDE (etext, .)

.rodata         0x0000000000022860      0x6c0
 *(.rodata .rodata.* .gnu.linkonce.r.*)
 .rodata        0x0000000000022860       0x8c unicast-receiver.co
                0x0000000000022884                autostart_processes
 .rodata        0x00000000000228ec      0x133 obj_cooja/mtype252.o
 *fill*         0x0000000000022a1f        0x1 
 .rodata        0x0000000000022a20       0x9d obj_cooja/mtype252.a(servreg-hack.o)
 *fill*         0x0000000000022abd        0x3 
 .rodata        0x0000000000022ac0        0x8 obj_cooja/mtype252.a(beep.o)
                0x0000000000022ac0                beep_interface
 .rodata        0x0000000000022ac8       0x20 obj_cooja/mtype252.a(button-sensor.o)
                0x0000000000022ac8                button_interface
                0x0000000000022ad8                button_sensor
 .rodata        0x0000000000022ae8        0x8 obj_cooja/mtype252.a(leds-arch.o)
                0x0000000000022ae8                leds_interface
 .rodata        0x0000000000022af0        0x8 obj_cooja/mtype252.a(moteid.o)
                0x0000000000022af0                moteid_interface
 .rodata        0x0000000000022af8       0x1c obj_cooja/mtype252.a(pir-sensor.o)
                0x0000000000022af8                pir_interface
                0x0000000000022b04                pir_sensor
 .rodata        0x0000000000022b14        0xe obj_cooja/mtype252.a(rs232.o)
                0x0000000000022b14                rs232_interface
 *fill*         0x0000000000022b22        0x2 
 .rodata        0x0000000000022b24       0x24 obj_cooja/mtype252.a(vib-sensor.o)
                0x0000000000022b24                vib_interface
                0x0000000000022b38                vib_sensor
 .rodata        0x0000000000022b48        0x8 obj_cooja/mtype252.a(clock.o)
                0x0000000000022b48                clock_interface
 .rodata        0x0000000000022b50        0x8 obj_cooja/mtype252.a(log.o)
                0x0000000000022b50                simlog_interface
 .rodata        0x0000000000022b58       0x2f obj_cooja/mtype252.a(cfs-cooja.o)
                0x0000000000022b58                cfs_interface
 *fill*         0x0000000000022b87       0x19 
 .rodata        0x0000000000022ba0       0x58 obj_cooja/mtype252.a(cooja-radio.o)
                0x0000000000022ba0                radio_interface
                0x0000000000022bc0                cooja_radio_driver
 .rodata        0x0000000000022bf8        0x8 obj_cooja/mtype252.a(eeprom.o)
                0x0000000000022bf8                eeprom_interface
 .rodata        0x0000000000022c00        0x8 obj_cooja/mtype252.a(sensors.o)
 .rodata        0x0000000000022c08        0xf obj_cooja/mtype252.a(ctimer.o)
 .rodata        0x0000000000022c17        0xc obj_cooja/mtype252.a(etimer.o)
 .rodata        0x0000000000022c23        0xe obj_cooja/mtype252.a(serial-line.o)
 *fill*         0x0000000000022c31        0x3 
 .rodata        0x0000000000022c34       0x2c obj_cooja/mtype252.a(sicslowpan.o)
                0x0000000000022c34                unc_llconf
                0x0000000000022c38                unc_ctxconf
                0x0000000000022c3c                unc_mxconf
                0x0000000000022c40                llprefix
                0x0000000000022c54                sicslowpan_driver
 .rodata        0x0000000000022c60      0x13c obj_cooja/mtype252.a(uip6.o)
 .rodata        0x0000000000022d9c       0x13 obj_cooja/mtype252.a(simple-udp.o)
 .rodata        0x0000000000022daf       0x29 obj_cooja/mtype252.a(tcpip.o)
 .rodata        0x0000000000022dd8       0x2b obj_cooja/mtype252.a(uip-debug.o)
 *fill*         0x0000000000022e03        0x1 
 .rodata        0x0000000000022e04       0x70 obj_cooja/mtype252.a(rpl-dag.o)
 .rodata        0x0000000000022e74        0x8 obj_cooja/mtype252.a(linkaddr.o)
                0x0000000000022e74                linkaddr_null
 .rodata        0x0000000000022e7c       0x24 obj_cooja/mtype252.a(csma.o)
                0x0000000000022e84                csma_driver
 .rodata        0x0000000000022ea0       0x14 obj_cooja/mtype252.a(framer-802154.o)
                0x0000000000022ea4                framer_802154
 *fill*         0x0000000000022eb4        0xc 
 .rodata        0x0000000000022ec0       0x40 obj_cooja/mtype252.a(nullrdc.o)
                0x0000000000022ee0                nullrdc_driver
 .rodata        0x0000000000022f00       0x20 obj_cooja/mtype252.a(nullsec.o)
                0x0000000000022f08                nullsec_driver

.rodata1
 *(.rodata1)

.eh_frame_hdr   0x0000000000022f20     0x1274
 *(.eh_frame_hdr)
 .eh_frame_hdr  0x0000000000022f20     0x1274 unicast-receiver.co

.eh_frame       0x0000000000024194     0x4b14
 *(.eh_frame)
 .eh_frame      0x0000000000024194       0x3c /usr/lib/gcc/i686-linux-gnu/4.8/../../../i386-linux-gnu/crti.o
                                         0x40 (size before relaxing)
 .eh_frame      0x00000000000241d0       0xa4 unicast-receiver.co
                                         0xbc (size before relaxing)
 .eh_frame      0x0000000000024274      0x148 obj_cooja/mtype252.o
                                        0x160 (size before relaxing)
 .eh_frame      0x00000000000243bc      0x16c obj_cooja/mtype252.a(servreg-hack.o)
                                        0x184 (size before relaxing)
 .eh_frame      0x0000000000024528       0x40 obj_cooja/mtype252.a(simEnvChange.o)
                                         0x58 (size before relaxing)
 .eh_frame      0x0000000000024568       0xc0 obj_cooja/mtype252.a(cooja_mt.o)
                                         0xd8 (size before relaxing)
 .eh_frame      0x0000000000024628      0x120 obj_cooja/mtype252.a(cooja_mtarch.o)
                                        0x138 (size before relaxing)
 .eh_frame      0x0000000000024748       0xc0 obj_cooja/mtype252.a(rtimer-arch.o)
                                         0xd8 (size before relaxing)
 .eh_frame      0x0000000000024808      0x160 obj_cooja/mtype252.a(beep.o)
                                        0x178 (size before relaxing)
 .eh_frame      0x0000000000024968       0xa0 obj_cooja/mtype252.a(button-sensor.o)
                                         0xb8 (size before relaxing)
 .eh_frame      0x0000000000024a08       0xa0 obj_cooja/mtype252.a(leds-arch.o)
                                         0xb8 (size before relaxing)
 .eh_frame      0x0000000000024aa8       0x40 obj_cooja/mtype252.a(moteid.o)
                                         0x58 (size before relaxing)
 .eh_frame      0x0000000000024ae8       0xa0 obj_cooja/mtype252.a(pir-sensor.o)
                                         0xb8 (size before relaxing)
 .eh_frame      0x0000000000024b88      0x100 obj_cooja/mtype252.a(rs232.o)
                                        0x118 (size before relaxing)
 .eh_frame      0x0000000000024c88       0xa0 obj_cooja/mtype252.a(vib-sensor.o)
                                         0xb8 (size before relaxing)
 .eh_frame      0x0000000000024d28       0xc0 obj_cooja/mtype252.a(clock.o)
                                         0xd8 (size before relaxing)
 .eh_frame      0x0000000000024de8      0x120 obj_cooja/mtype252.a(log.o)
                                        0x138 (size before relaxing)
 .eh_frame      0x0000000000024f08      0x160 obj_cooja/mtype252.a(cfs-cooja.o)
                                        0x178 (size before relaxing)
 .eh_frame      0x0000000000025068      0x2e0 obj_cooja/mtype252.a(cooja-radio.o)
                                        0x2f8 (size before relaxing)
 .eh_frame      0x0000000000025348       0xa0 obj_cooja/mtype252.a(eeprom.o)
                                         0xb8 (size before relaxing)
 .eh_frame      0x00000000000253e8       0x40 obj_cooja/mtype252.a(random.o)
                                         0x58 (size before relaxing)
 .eh_frame      0x0000000000025428       0xc0 obj_cooja/mtype252.a(sensors.o)
                                         0xd8 (size before relaxing)
 .eh_frame      0x00000000000254e8       0x40 obj_cooja/mtype252.a(autostart.o)
                                         0x58 (size before relaxing)
 .eh_frame      0x0000000000025528       0xe0 obj_cooja/mtype252.a(ctimer.o)
                                         0xf8 (size before relaxing)
 .eh_frame      0x0000000000025608      0x1c0 obj_cooja/mtype252.a(etimer.o)
                                        0x1d8 (size before relaxing)
 .eh_frame      0x00000000000257c8      0x1c8 obj_cooja/mtype252.a(process.o)
                                        0x1e0 (size before relaxing)
 .eh_frame      0x0000000000025990       0x60 obj_cooja/mtype252.a(rtimer.o)
                                         0x78 (size before relaxing)
 .eh_frame      0x00000000000259f0       0xa4 obj_cooja/mtype252.a(timer.o)
                                         0xbc (size before relaxing)
 .eh_frame      0x0000000000025a94       0x60 obj_cooja/mtype252.a(serial-line.o)
                                         0x78 (size before relaxing)
 .eh_frame      0x0000000000025af4      0x180 obj_cooja/mtype252.a(list.o)
                                        0x198 (size before relaxing)
 .eh_frame      0x0000000000025c74       0xa0 obj_cooja/mtype252.a(memb.o)
                                         0xb8 (size before relaxing)
 .eh_frame      0x0000000000025d14       0xa0 obj_cooja/mtype252.a(ringbuf.o)
                                         0xb8 (size before relaxing)
 .eh_frame      0x0000000000025db4      0x2a4 obj_cooja/mtype252.a(sicslowpan.o)
                                        0x2bc (size before relaxing)
 .eh_frame      0x0000000000026058      0x1c0 obj_cooja/mtype252.a(uip-ds6-nbr.o)
                                        0x1d8 (size before relaxing)
 .eh_frame      0x0000000000026218      0x280 obj_cooja/mtype252.a(uip-ds6-route.o)
                                        0x298 (size before relaxing)
 .eh_frame      0x0000000000026498      0x2c8 obj_cooja/mtype252.a(uip-ds6.o)
                                        0x2e0 (size before relaxing)
 .eh_frame      0x0000000000026760       0xb8 obj_cooja/mtype252.a(uip-nd6.o)
                                         0xd0 (size before relaxing)
 .eh_frame      0x0000000000026818      0x27c obj_cooja/mtype252.a(uip6.o)
                                        0x294 (size before relaxing)
 .eh_frame      0x0000000000026a94       0xd0 obj_cooja/mtype252.a(simple-udp.o)
                                         0xe8 (size before relaxing)
 .eh_frame      0x0000000000026b64      0x270 obj_cooja/mtype252.a(tcpip.o)
                                        0x288 (size before relaxing)
 .eh_frame      0x0000000000026dd4       0x40 obj_cooja/mtype252.a(uip-debug.o)
                                         0x58 (size before relaxing)
 .eh_frame      0x0000000000026e14       0xe0 obj_cooja/mtype252.a(uip-packetqueue)
                                         0xf8 (size before relaxing)
 .eh_frame      0x0000000000026ef4       0x40 obj_cooja/mtype252.a(uip-udp-packet.)
                                         0x58 (size before relaxing)
 .eh_frame      0x0000000000026f34      0x63c obj_cooja/mtype252.a(rpl-dag.o)
                                        0x654 (size before relaxing)
 .eh_frame      0x0000000000027570      0x10c obj_cooja/mtype252.a(rpl-ext-header.)
                                        0x124 (size before relaxing)
 .eh_frame      0x000000000002767c      0x218 obj_cooja/mtype252.a(rpl-icmp6.o)
                                        0x230 (size before relaxing)
 .eh_frame      0x0000000000027894       0xe0 obj_cooja/mtype252.a(rpl-mrhof.o)
                                         0xf8 (size before relaxing)
 .eh_frame      0x0000000000027974      0x1cc obj_cooja/mtype252.a(rpl-timers.o)
                                        0x1e4 (size before relaxing)
 .eh_frame      0x0000000000027b40      0x120 obj_cooja/mtype252.a(rpl.o)
                                        0x138 (size before relaxing)
 .eh_frame      0x0000000000027c60       0x60 obj_cooja/mtype252.a(linkaddr.o)
                                         0x78 (size before relaxing)
 .eh_frame      0x0000000000027cc0      0x26c obj_cooja/mtype252.a(nbr-table.o)
                                        0x284 (size before relaxing)
 .eh_frame      0x0000000000027f2c       0x20 obj_cooja/mtype252.a(netstack.o)
                                         0x38 (size before relaxing)
 .eh_frame      0x0000000000027f4c      0x26c obj_cooja/mtype252.a(packetbuf.o)
                                        0x284 (size before relaxing)
 .eh_frame      0x00000000000281b8      0x1a0 obj_cooja/mtype252.a(queuebuf.o)
                                        0x1b8 (size before relaxing)
 .eh_frame      0x0000000000028358      0x1c8 obj_cooja/mtype252.a(csma.o)
                                        0x1e0 (size before relaxing)
 .eh_frame      0x0000000000028520      0x128 obj_cooja/mtype252.a(framer-802154.o)
                                        0x140 (size before relaxing)
 .eh_frame      0x0000000000028648       0x20 obj_cooja/mtype252.a(framer.o)
                                         0x38 (size before relaxing)
 .eh_frame      0x0000000000028668       0x20 obj_cooja/mtype252.a(mac.o)
                                         0x38 (size before relaxing)
 .eh_frame      0x0000000000028688      0x16c obj_cooja/mtype252.a(nullrdc.o)
                                        0x184 (size before relaxing)
 .eh_frame      0x00000000000287f4       0xc0 obj_cooja/mtype252.a(nullsec.o)
                                         0xd8 (size before relaxing)
 .eh_frame      0x00000000000288b4       0xa0 obj_cooja/mtype252.a(watchdog.o)
                                         0xb8 (size before relaxing)
 .eh_frame      0x0000000000028954       0xc4 obj_cooja/mtype252.a(stimer.o)
                                         0xdc (size before relaxing)
 .eh_frame      0x0000000000028a18      0x164 obj_cooja/mtype252.a(uip-icmp6.o)
                                        0x17c (size before relaxing)
 .eh_frame      0x0000000000028b7c       0xa0 obj_cooja/mtype252.a(frame802154.o)
                                         0xb8 (size before relaxing)
 .eh_frame      0x0000000000028c1c       0x88 obj_cooja/mtype252.a(mac-sequence.o)
                                         0xa0 (size before relaxing)
 .eh_frame      0x0000000000028ca4        0x4 /usr/lib/gcc/i686-linux-gnu/4.8/crtendS.o

.gcc_except_table
 *(.gcc_except_table .gcc_except_table.*)

.exception_ranges
 *(.exception_ranges .exception_ranges*)
                0x0000000000028ca8                . = (ALIGN (0x1000) - ((0x1000 - .) & 0xfff))
                0x0000000000029ef8                . = DATA_SEGMENT_ALIGN (0x1000, 0x1000)

.eh_frame
 *(.eh_frame)

.gcc_except_table
 *(.gcc_except_table .gcc_except_table.*)

.exception_ranges
 *(.exception_ranges .exception_ranges*)

.tdata
 *(.tdata .tdata.* .gnu.linkonce.td.*)

.tbss
 *(.tbss .tbss.* .gnu.linkonce.tb.*)
 *(.tcommon)

.preinit_array
 *(.preinit_array)

.init_array     0x0000000000029ef8        0x4
 *(SORT(.init_array.*) SORT(.ctors.*))
 *(.init_array EXCLUDE_FILE(*crtend?.o *crtend.o *crtbegin?.o *crtbegin.o) .ctors)
 .init_array    0x0000000000029ef8        0x4 /usr/lib/gcc/i686-linux-gnu/4.8/crtbeginS.o

.fini_array     0x0000000000029efc        0x4
 *(SORT(.fini_array.*) SORT(.dtors.*))
 *(.fini_array EXCLUDE_FILE(*crtend?.o *crtend.o *crtbegin?.o *crtbegin.o) .dtors)
 .fini_array    0x0000000000029efc        0x4 /usr/lib/gcc/i686-linux-gnu/4.8/crtbeginS.o

.ctors
 *crtbegin.o(.ctors)
 *crtbegin?.o(.ctors)
 *(EXCLUDE_FILE(*crtend?.o *crtend.o) .ctors)
 *(SORT(.ctors.*))
 *(.ctors)

.dtors
 *crtbegin.o(.dtors)
 *crtbegin?.o(.dtors)
 *(EXCLUDE_FILE(*crtend?.o *crtend.o) .dtors)
 *(SORT(.dtors.*))
 *(.dtors)

.jcr            0x0000000000029f00        0x4
 *(.jcr)
 .jcr           0x0000000000029f00        0x0 /usr/lib/gcc/i686-linux-gnu/4.8/crtbeginS.o
 .jcr           0x0000000000029f00        0x4 /usr/lib/gcc/i686-linux-gnu/4.8/crtendS.o

.data.rel.ro
 *(.data.rel.ro.local* .gnu.linkonce.d.rel.ro.local.*)
 *(.data.rel.ro .data.rel.ro.* .gnu.linkonce.d.rel.ro.*)

.dynamic        0x0000000000029f04       0xe8
 *(.dynamic)
 .dynamic       0x0000000000029f04       0xe8 /usr/lib/gcc/i686-linux-gnu/4.8/../../../i386-linux-gnu/crti.o
                0x0000000000029f04                _DYNAMIC

.got            0x0000000000029fec       0x14
 *(.got)
 .got           0x0000000000029fec       0x14 /usr/lib/gcc/i686-linux-gnu/4.8/../../../i386-linux-gnu/crti.o
 *(.igot)
                0x000000000002aff4                . = DATA_SEGMENT_RELRO_END (., (SIZEOF (.got.plt) >= 0xc)?0xc:0x0)

.got.plt        0x000000000002a000       0x14
 *(.got.plt)
 .got.plt       0x000000000002a000       0x14 /usr/lib/gcc/i686-linux-gnu/4.8/../../../i386-linux-gnu/crti.o
                0x000000000002a000                _GLOBAL_OFFSET_TABLE_
 *(.igot.plt)

.data           0x000000000002a020      0x268
 *(.data .data.* .gnu.linkonce.d.*)
 .data          0x000000000002a020        0x0 /usr/lib/gcc/i686-linux-gnu/4.8/../../../i386-linux-gnu/crti.o
 .data          0x000000000002a020        0x0 /usr/lib/gcc/i686-linux-gnu/4.8/crtbeginS.o
 .data.rel      0x000000000002a020        0x4 /usr/lib/gcc/i686-linux-gnu/4.8/crtbeginS.o
                0x000000000002a020                __dso_handle
 .data          0x000000000002a024       0x10 unicast-receiver.co
                0x000000000002a024                unicast_receiver_process
 *fill*         0x000000000002a034        0xc 
 .data          0x000000000002a040       0x44 obj_cooja/mtype252.o
                0x000000000002a040                simInterfaces
                0x000000000002a074                sensors
 .data          0x000000000002a084       0x24 obj_cooja/mtype252.a(servreg-hack.o)
                0x000000000002a098                servreg_hack_process
 .data          0x000000000002a0a8        0x0 obj_cooja/mtype252.a(simEnvChange.o)
 .data          0x000000000002a0a8        0x0 obj_cooja/mtype252.a(cooja_mt.o)
 .data          0x000000000002a0a8        0x0 obj_cooja/mtype252.a(cooja_mtarch.o)
 .data          0x000000000002a0a8        0x0 obj_cooja/mtype252.a(rtimer-arch.o)
 .data          0x000000000002a0a8        0x0 obj_cooja/mtype252.a(beep.o)
 .data          0x000000000002a0a8        0x0 obj_cooja/mtype252.a(button-sensor.o)
 .data          0x000000000002a0a8        0x0 obj_cooja/mtype252.a(leds-arch.o)
 .data          0x000000000002a0a8        0x0 obj_cooja/mtype252.a(moteid.o)
 .data          0x000000000002a0a8        0x0 obj_cooja/mtype252.a(pir-sensor.o)
 .data          0x000000000002a0a8        0x0 obj_cooja/mtype252.a(rs232.o)
 .data          0x000000000002a0a8        0x0 obj_cooja/mtype252.a(vib-sensor.o)
 .data          0x000000000002a0a8        0x0 obj_cooja/mtype252.a(clock.o)
 .data          0x000000000002a0a8        0x0 obj_cooja/mtype252.a(log.o)
 .data          0x000000000002a0a8        0x0 obj_cooja/mtype252.a(cfs-cooja.o)
 .data          0x000000000002a0a8       0x28 obj_cooja/mtype252.a(cooja-radio.o)
                0x000000000002a0a8                simRadioHWOn
                0x000000000002a0ac                simSignalStrength
                0x000000000002a0b0                simLastSignalStrength
                0x000000000002a0b4                simPower
                0x000000000002a0b8                simRadioChannel
                0x000000000002a0bc                simLQI
                0x000000000002a0c0                cooja_radio_process
 .data          0x000000000002a0d0        0x0 obj_cooja/mtype252.a(eeprom.o)
 .data          0x000000000002a0d0        0x0 obj_cooja/mtype252.a(random.o)
 .data          0x000000000002a0d0       0x10 obj_cooja/mtype252.a(sensors.o)
                0x000000000002a0d0                sensors_process
 .data          0x000000000002a0e0        0x0 obj_cooja/mtype252.a(autostart.o)
 .data          0x000000000002a0e0       0x14 obj_cooja/mtype252.a(ctimer.o)
                0x000000000002a0e4                ctimer_process
 .data          0x000000000002a0f4       0x10 obj_cooja/mtype252.a(etimer.o)
                0x000000000002a0f4                etimer_process
 .data          0x000000000002a104        0x0 obj_cooja/mtype252.a(process.o)
 .data          0x000000000002a104        0x0 obj_cooja/mtype252.a(rtimer.o)
 .data          0x000000000002a104        0x0 obj_cooja/mtype252.a(timer.o)
 .data          0x000000000002a104       0x10 obj_cooja/mtype252.a(serial-line.o)
                0x000000000002a104                serial_line_process
 .data          0x000000000002a114        0x0 obj_cooja/mtype252.a(list.o)
 .data          0x000000000002a114        0x0 obj_cooja/mtype252.a(memb.o)
 .data          0x000000000002a114        0x0 obj_cooja/mtype252.a(ringbuf.o)
 .data          0x000000000002a114        0x0 obj_cooja/mtype252.a(sicslowpan.o)
 .data          0x000000000002a114       0x14 obj_cooja/mtype252.a(uip-ds6-nbr.o)
                0x000000000002a124                ds6_neighbors
 .data          0x000000000002a128       0x44 obj_cooja/mtype252.a(uip-ds6-route.o)
 .data          0x000000000002a16c        0x0 obj_cooja/mtype252.a(uip-ds6.o)
 .data          0x000000000002a16c       0x18 obj_cooja/mtype252.a(uip-nd6.o)
 .data          0x000000000002a184        0x0 obj_cooja/mtype252.a(uip6.o)
 .data          0x000000000002a184       0x10 obj_cooja/mtype252.a(simple-udp.o)
                0x000000000002a184                simple_udp_process
 .data          0x000000000002a194       0x10 obj_cooja/mtype252.a(tcpip.o)
                0x000000000002a194                tcpip_process
 .data          0x000000000002a1a4        0x0 obj_cooja/mtype252.a(uip-debug.o)
 .data          0x000000000002a1a4        0xc obj_cooja/mtype252.a(uip-packetqueue)
 .data          0x000000000002a1b0        0x0 obj_cooja/mtype252.a(uip-udp-packet.)
 .data          0x000000000002a1b0       0x14 obj_cooja/mtype252.a(rpl-dag.o)
                0x000000000002a1c0                rpl_parents
 .data          0x000000000002a1c4        0x0 obj_cooja/mtype252.a(rpl-ext-header.)
 .data          0x000000000002a1c4       0x34 obj_cooja/mtype252.a(rpl-icmp6.o)
 .data          0x000000000002a1f8       0x1c obj_cooja/mtype252.a(rpl-mrhof.o)
                0x000000000002a1f8                rpl_mrhof
 .data          0x000000000002a214        0x0 obj_cooja/mtype252.a(rpl-timers.o)
 .data          0x000000000002a214        0x0 obj_cooja/mtype252.a(rpl.o)
 .data          0x000000000002a214        0x0 obj_cooja/mtype252.a(linkaddr.o)
 .data          0x000000000002a214       0x10 obj_cooja/mtype252.a(nbr-table.o)
 .data          0x000000000002a224        0x0 obj_cooja/mtype252.a(netstack.o)
 .data          0x000000000002a224        0x4 obj_cooja/mtype252.a(packetbuf.o)
 .data          0x000000000002a228       0x18 obj_cooja/mtype252.a(queuebuf.o)
 .data          0x000000000002a240       0x28 obj_cooja/mtype252.a(csma.o)
 .data          0x000000000002a268        0x0 obj_cooja/mtype252.a(framer-802154.o)
 .data          0x000000000002a268        0x0 obj_cooja/mtype252.a(framer.o)
 .data          0x000000000002a268        0x0 obj_cooja/mtype252.a(mac.o)
 .data          0x000000000002a268        0x0 obj_cooja/mtype252.a(nullrdc.o)
 .data          0x000000000002a268        0x0 obj_cooja/mtype252.a(nullsec.o)
 .data          0x000000000002a268        0x0 obj_cooja/mtype252.a(watchdog.o)
 .data          0x000000000002a268        0x0 obj_cooja/mtype252.a(rimestats.o)
 .data          0x000000000002a268        0x0 obj_cooja/mtype252.a(stimer.o)
 .data          0x000000000002a268       0x20 obj_cooja/mtype252.a(uip-icmp6.o)
 .data          0x000000000002a288        0x0 obj_cooja/mtype252.a(frame802154.o)
 .data          0x000000000002a288        0x0 obj_cooja/mtype252.a(mac-sequence.o)
 .data          0x000000000002a288        0x0 /usr/lib/gcc/i686-linux-gnu/4.8/crtendS.o
 .data          0x000000000002a288        0x0 /usr/lib/gcc/i686-linux-gnu/4.8/../../../i386-linux-gnu/crtn.o

.tm_clone_table
                0x000000000002a288        0x0
 .tm_clone_table
                0x000000000002a288        0x0 /usr/lib/gcc/i686-linux-gnu/4.8/crtbeginS.o
 .tm_clone_table
                0x000000000002a288        0x0 /usr/lib/gcc/i686-linux-gnu/4.8/crtendS.o

.data1
 *(.data1)
                0x000000000002a288                _edata = .
                0x000000000002a288                PROVIDE (edata, .)
                0x000000000002a288                . = .
                0x000000000002a288                __bss_start = .

.bss            0x000000000002a2a0    0x120c8
 *(.dynbss)
 .dynbss        0x0000000000000000        0x0 /usr/lib/gcc/i686-linux-gnu/4.8/../../../i386-linux-gnu/crti.o
 *(.bss .bss.* .gnu.linkonce.b.*)
 .bss           0x000000000002a2a0        0x0 /usr/lib/gcc/i686-linux-gnu/4.8/../../../i386-linux-gnu/crti.o
 .bss           0x000000000002a2a0        0x1 /usr/lib/gcc/i686-linux-gnu/4.8/crtbeginS.o
 *fill*         0x000000000002a2a1       0x1f 
 .bss           0x000000000002a2c0       0x3c unicast-receiver.co
 *fill*         0x000000000002a2fc        0x4 
 .bss           0x000000000002a300     0x2030 obj_cooja/mtype252.o
 *fill*         0x000000000002c330       0x10 
 .bss           0x000000000002c340      0x24c obj_cooja/mtype252.a(servreg-hack.o)
 .bss           0x000000000002c58c        0x1 obj_cooja/mtype252.a(simEnvChange.o)
                0x000000000002c58c                simDontFallAsleep
 *fill*         0x000000000002c58d        0x3 
 .bss           0x000000000002c590        0x4 obj_cooja/mtype252.a(cooja_mt.o)
 .bss           0x000000000002c594        0x4 obj_cooja/mtype252.a(cooja_mtarch.o)
 .bss           0x000000000002c598        0xc obj_cooja/mtype252.a(rtimer-arch.o)
 .bss           0x000000000002c5a4        0x0 obj_cooja/mtype252.a(beep.o)
 .bss           0x000000000002c5a4        0x8 obj_cooja/mtype252.a(button-sensor.o)
 .bss           0x000000000002c5ac        0x0 obj_cooja/mtype252.a(leds-arch.o)
 .bss           0x000000000002c5ac        0x0 obj_cooja/mtype252.a(moteid.o)
 .bss           0x000000000002c5ac        0x1 obj_cooja/mtype252.a(pir-sensor.o)
                0x000000000002c5ac                simPirValue
 *fill*         0x000000000002c5ad        0x3 
 .bss           0x000000000002c5b0        0x4 obj_cooja/mtype252.a(rs232.o)
 .bss           0x000000000002c5b4        0x1 obj_cooja/mtype252.a(vib-sensor.o)
                0x000000000002c5b4                simVibValue
 .bss           0x000000000002c5b5        0x0 obj_cooja/mtype252.a(clock.o)
 *fill*         0x000000000002c5b5        0xb 
 .bss           0x000000000002c5c0      0x420 obj_cooja/mtype252.a(log.o)
 .bss           0x000000000002c9e0      0xfbc obj_cooja/mtype252.a(cfs-cooja.o)
                0x000000000002c9e0                simCFSData
                0x000000000002d980                simCFSChanged
                0x000000000002d984                simCFSRead
                0x000000000002d988                simCFSWritten
 .bss           0x000000000002d99c       0x10 obj_cooja/mtype252.a(cooja-radio.o)
                0x000000000002d99c                simReceiving
                0x000000000002d9a0                simInSize
                0x000000000002d9a4                simOutSize
 .bss           0x000000000002d9ac        0xc obj_cooja/mtype252.a(eeprom.o)
                0x000000000002d9ac                simEEPROMChanged
                0x000000000002d9b0                simEEPROMRead
                0x000000000002d9b4                simEEPROMWritten
 .bss           0x000000000002d9b8        0x0 obj_cooja/mtype252.a(random.o)
 .bss           0x000000000002d9b8        0xc obj_cooja/mtype252.a(sensors.o)
 .bss           0x000000000002d9c4        0x0 obj_cooja/mtype252.a(autostart.o)
 .bss           0x000000000002d9c4        0x5 obj_cooja/mtype252.a(ctimer.o)
 *fill*         0x000000000002d9c9        0x3 
 .bss           0x000000000002d9cc        0x8 obj_cooja/mtype252.a(etimer.o)
 *fill*         0x000000000002d9d4        0xc 
 .bss           0x000000000002d9e0      0x1b1 obj_cooja/mtype252.a(process.o)
                0x000000000002d9e0                process_list
                0x000000000002d9e4                process_current
 *fill*         0x000000000002db91        0x3 
 .bss           0x000000000002db94        0x4 obj_cooja/mtype252.a(rtimer.o)
 .bss           0x000000000002db98        0x0 obj_cooja/mtype252.a(timer.o)
 *fill*         0x000000000002db98        0x8 
 .bss           0x000000000002dba0      0x140 obj_cooja/mtype252.a(serial-line.o)
 .bss           0x000000000002dce0        0x0 obj_cooja/mtype252.a(list.o)
 .bss           0x000000000002dce0        0x0 obj_cooja/mtype252.a(memb.o)
 .bss           0x000000000002dce0        0x0 obj_cooja/mtype252.a(ringbuf.o)
 .bss           0x000000000002dce0      0x694 obj_cooja/mtype252.a(sicslowpan.o)
 *fill*         0x000000000002e374        0xc 
 .bss           0x000000000002e380     0x3390 obj_cooja/mtype252.a(uip-ds6-nbr.o)
 *fill*         0x0000000000031710       0x10 
 .bss           0x0000000000031720     0x44a8 obj_cooja/mtype252.a(uip-ds6-route.o)
 .bss           0x0000000000035bc8       0x20 obj_cooja/mtype252.a(uip-ds6.o)
 .bss           0x0000000000035be8       0x14 obj_cooja/mtype252.a(uip-nd6.o)
 .bss           0x0000000000035bfc        0xe obj_cooja/mtype252.a(uip6.o)
                0x0000000000035bfc                uip_ext_bitmap
                0x0000000000035bfd                uip_ext_len
                0x0000000000035bfe                uip_ext_opt_offset
 *fill*         0x0000000000035c0a       0x16 
 .bss           0x0000000000035c20      0x660 obj_cooja/mtype252.a(simple-udp.o)
 .bss           0x0000000000036280       0x6f obj_cooja/mtype252.a(tcpip.o)
 .bss           0x00000000000362ef        0x0 obj_cooja/mtype252.a(uip-debug.o)
 *fill*         0x00000000000362ef       0x11 
 .bss           0x0000000000036300      0xcf8 obj_cooja/mtype252.a(uip-packetqueue)
 .bss           0x0000000000036ff8        0x0 obj_cooja/mtype252.a(uip-udp-packet.)
 *fill*         0x0000000000036ff8        0x8 
 .bss           0x0000000000037000     0x1770 obj_cooja/mtype252.a(rpl-dag.o)
 .bss           0x0000000000038770        0x0 obj_cooja/mtype252.a(rpl-ext-header.)
 .bss           0x0000000000038770        0x0 obj_cooja/mtype252.a(rpl-icmp6.o)
 .bss           0x0000000000038770        0x0 obj_cooja/mtype252.a(rpl-mrhof.o)
 *fill*         0x0000000000038770       0x10 
 .bss           0x0000000000038780       0x23 obj_cooja/mtype252.a(rpl-timers.o)
 *fill*         0x00000000000387a3        0x1 
 .bss           0x00000000000387a4        0x4 obj_cooja/mtype252.a(rpl.o)
 .bss           0x00000000000387a8        0x0 obj_cooja/mtype252.a(linkaddr.o)
 *fill*         0x00000000000387a8       0x18 
 .bss           0x00000000000387c0     0x1214 obj_cooja/mtype252.a(nbr-table.o)
 .bss           0x00000000000399d4        0x0 obj_cooja/mtype252.a(netstack.o)
 *fill*         0x00000000000399d4        0xc 
 .bss           0x00000000000399e0       0xd4 obj_cooja/mtype252.a(packetbuf.o)
 *fill*         0x0000000000039ab4        0xc 
 .bss           0x0000000000039ac0      0xb80 obj_cooja/mtype252.a(queuebuf.o)
 .bss           0x000000000003a640      0x248 obj_cooja/mtype252.a(csma.o)
 .bss           0x000000000003a888        0x2 obj_cooja/mtype252.a(framer-802154.o)
 .bss           0x000000000003a88a        0x0 obj_cooja/mtype252.a(framer.o)
 .bss           0x000000000003a88a        0x0 obj_cooja/mtype252.a(mac.o)
 .bss           0x000000000003a88a        0x0 obj_cooja/mtype252.a(nullrdc.o)
 .bss           0x000000000003a88a        0x0 obj_cooja/mtype252.a(nullsec.o)
 .bss           0x000000000003a88a        0x0 obj_cooja/mtype252.a(watchdog.o)
 .bss           0x000000000003a88a        0x0 obj_cooja/mtype252.a(rimestats.o)
 .bss           0x000000000003a88a        0x0 obj_cooja/mtype252.a(stimer.o)
 *fill*         0x000000000003a88a        0x2 
 .bss           0x000000000003a88c       0x18 obj_cooja/mtype252.a(uip-icmp6.o)
 .bss           0x000000000003a8a4        0x0 obj_cooja/mtype252.a(frame802154.o)
 *fill*         0x000000000003a8a4       0x1c 
 .bss           0x000000000003a8c0       0x90 obj_cooja/mtype252.a(mac-sequence.o)
 .bss           0x000000000003a950        0x0 /usr/lib/gcc/i686-linux-gnu/4.8/crtendS.o
 .bss           0x000000000003a950        0x0 /usr/lib/gcc/i686-linux-gnu/4.8/../../../i386-linux-gnu/crtn.o
 *(COMMON)
 COMMON         0x000000000003a950        0x8 obj_cooja/mtype252.o
                0x000000000003a950                referenceVar
                0x000000000003a954                sensors_flags
 COMMON         0x000000000003a958        0xc obj_cooja/mtype252.a(simEnvChange.o)
                0x000000000003a958                simEtimerPending
                0x000000000003a95c                simProcessRunValue
                0x000000000003a960                simNextExpirationTime
 COMMON         0x000000000003a964        0x1 obj_cooja/mtype252.a(beep.o)
                0x000000000003a964                simBeeped
 COMMON         0x000000000003a965        0x3 obj_cooja/mtype252.a(button-sensor.o)
                0x000000000003a965                simButtonIsActive
                0x000000000003a966                simButtonIsDown
                0x000000000003a967                simButtonChanged
 COMMON         0x000000000003a968        0x1 obj_cooja/mtype252.a(leds-arch.o)
                0x000000000003a968                simLedsValue
 *fill*         0x000000000003a969        0x3 
 COMMON         0x000000000003a96c        0xc obj_cooja/mtype252.a(moteid.o)
                0x000000000003a96c                simRandomSeed
                0x000000000003a970                simMoteIDChanged
                0x000000000003a974                simMoteID
 COMMON         0x000000000003a978        0x2 obj_cooja/mtype252.a(pir-sensor.o)
                0x000000000003a978                simPirIsActive
                0x000000000003a979                simPirChanged
 *fill*         0x000000000003a97a        0x6 
 COMMON         0x000000000003a980      0x420 obj_cooja/mtype252.a(rs232.o)
                0x000000000003a980                simSerialReceivingFlag
                0x000000000003a984                simSerialReceivingLength
                0x000000000003a9a0                simSerialReceivingData
 COMMON         0x000000000003ada0        0x2 obj_cooja/mtype252.a(vib-sensor.o)
                0x000000000003ada0                simVibChanged
                0x000000000003ada1                simVibIsActive
 *fill*         0x000000000003ada2        0x2 
 COMMON         0x000000000003ada4        0x4 obj_cooja/mtype252.a(clock.o)
                0x000000000003ada4                simCurrentTime
 *fill*         0x000000000003ada8       0x18 
 COMMON         0x000000000003adc0      0x420 obj_cooja/mtype252.a(log.o)
                0x000000000003adc0                simLoggedLength
                0x000000000003adc4                simLoggedFlag
                0x000000000003ade0                simLoggedData
 COMMON         0x000000000003b1e0      0x100 obj_cooja/mtype252.a(cooja-radio.o)
                0x000000000003b1e0                simOutDataBuffer
                0x000000000003b260                simInDataBuffer
 COMMON         0x000000000003b2e0      0x400 obj_cooja/mtype252.a(eeprom.o)
                0x000000000003b2e0                simEEPROMData
 COMMON         0x000000000003b6e0        0x1 obj_cooja/mtype252.a(sensors.o)
                0x000000000003b6e0                sensors_event
 COMMON         0x000000000003b6e1        0x1 obj_cooja/mtype252.a(serial-line.o)
                0x000000000003b6e1                serial_line_event_message
 COMMON         0x000000000003b6e2        0x8 obj_cooja/mtype252.a(sicslowpan.o)
                0x000000000003b6e2                frag_sender
 *fill*         0x000000000003b6ea       0x16 
 COMMON         0x000000000003b700      0x181 obj_cooja/mtype252.a(uip-ds6.o)
                0x000000000003b700                uip_ds6_prefix_list
                0x000000000003b760                uip_ds6_timer_periodic
                0x000000000003b770                uip_ds6_netif_addr_list_offset
                0x000000000003b780                uip_ds6_if
                0x000000000003b878                uip_ds6_timer_ra
                0x000000000003b880                uip_ds6_addr_size
 *fill*         0x000000000003b881       0x1f 
 COMMON         0x000000000003b8a0      0x8ec obj_cooja/mtype252.a(uip6.o)
                0x000000000003b8a0                uip_slen
                0x000000000003b8a2                uip_acc32
                0x000000000003b8c0                uip_conns
                0x000000000003b980                uip_lladdr
                0x000000000003b988                uip_appdata
                0x000000000003b98c                uip_flags
                0x000000000003b9a0                uip_aligned_buf
                0x000000000003bfe0                uip_listenports
                0x000000000003bff0                uip_len
                0x000000000003bff4                uip_sappdata
                0x000000000003c000                uip_udp_conns
                0x000000000003c180                uip_udp_conn
                0x000000000003c184                uip_next_hdr
                0x000000000003c188                uip_conn
 COMMON         0x000000000003c18c        0x1 obj_cooja/mtype252.a(tcpip.o)
                0x000000000003c18c                tcpip_event
 *fill*         0x000000000003c18d       0x13 
 COMMON         0x000000000003c1a0      0x144 obj_cooja/mtype252.a(rpl-dag.o)
                0x000000000003c1a0                default_instance
                0x000000000003c1c0                instance_table
 COMMON         0x000000000003c2e4        0x8 obj_cooja/mtype252.a(linkaddr.o)
                0x000000000003c2e4                linkaddr_node_addr
 COMMON         0x000000000003c2ec       0x2e obj_cooja/mtype252.a(packetbuf.o)
                0x000000000003c2ec                packetbuf_attrs
                0x000000000003c30a                packetbuf_addrs
 *fill*         0x000000000003c31a        0x6 
 COMMON         0x000000000003c320       0x48 obj_cooja/mtype252.a(rimestats.o)
                0x000000000003c320                rimestats
                0x000000000003c368                . = ALIGN ((. != 0x0)?0x4:0x1)
                0x000000000003c368                . = ALIGN (0x4)
                0x000000000003c368                . = SEGMENT_START ("ldata-segment", .)
                0x000000000003c368                . = ALIGN (0x4)
                0x000000000003c368                _end = .
                0x000000000003c368                PROVIDE (end, .)
                0x000000000003c368                . = DATA_SEGMENT_END (.)

.stab
 *(.stab)

.stabstr
 *(.stabstr)

.stab.excl
 *(.stab.excl)

.stab.exclstr
 *(.stab.exclstr)

.stab.index
 *(.stab.index)

.stab.indexstr
 *(.stab.indexstr)

.comment        0x0000000000000000       0x29
 *(.comment)
 .comment       0x0000000000000000       0x29 /usr/lib/gcc/i686-linux-gnu/4.8/crtbeginS.o
                                         0x2a (size before relaxing)
 .comment       0x0000000000000000       0x2a unicast-receiver.co
 .comment       0x0000000000000000       0x2a obj_cooja/mtype252.o
 .comment       0x0000000000000000       0x2a obj_cooja/mtype252.a(servreg-hack.o)
 .comment       0x0000000000000000       0x2a obj_cooja/mtype252.a(simEnvChange.o)
 .comment       0x0000000000000000       0x2a obj_cooja/mtype252.a(cooja_mt.o)
 .comment       0x0000000000000000       0x2a obj_cooja/mtype252.a(cooja_mtarch.o)
 .comment       0x0000000000000000       0x2a obj_cooja/mtype252.a(rtimer-arch.o)
 .comment       0x0000000000000000       0x2a obj_cooja/mtype252.a(beep.o)
 .comment       0x0000000000000000       0x2a obj_cooja/mtype252.a(button-sensor.o)
 .comment       0x0000000000000000       0x2a obj_cooja/mtype252.a(leds-arch.o)
 .comment       0x0000000000000000       0x2a obj_cooja/mtype252.a(moteid.o)
 .comment       0x0000000000000000       0x2a obj_cooja/mtype252.a(pir-sensor.o)
 .comment       0x0000000000000000       0x2a obj_cooja/mtype252.a(rs232.o)
 .comment       0x0000000000000000       0x2a obj_cooja/mtype252.a(vib-sensor.o)
 .comment       0x0000000000000000       0x2a obj_cooja/mtype252.a(clock.o)
 .comment       0x0000000000000000       0x2a obj_cooja/mtype252.a(log.o)
 .comment       0x0000000000000000       0x2a obj_cooja/mtype252.a(cfs-cooja.o)
 .comment       0x0000000000000000       0x2a obj_cooja/mtype252.a(cooja-radio.o)
 .comment       0x0000000000000000       0x2a obj_cooja/mtype252.a(eeprom.o)
 .comment       0x0000000000000000       0x2a obj_cooja/mtype252.a(random.o)
 .comment       0x0000000000000000       0x2a obj_cooja/mtype252.a(sensors.o)
 .comment       0x0000000000000000       0x2a obj_cooja/mtype252.a(autostart.o)
 .comment       0x0000000000000000       0x2a obj_cooja/mtype252.a(ctimer.o)
 .comment       0x0000000000000000       0x2a obj_cooja/mtype252.a(etimer.o)
 .comment       0x0000000000000000       0x2a obj_cooja/mtype252.a(process.o)
 .comment       0x0000000000000000       0x2a obj_cooja/mtype252.a(rtimer.o)
 .comment       0x0000000000000000       0x2a obj_cooja/mtype252.a(timer.o)
 .comment       0x0000000000000000       0x2a obj_cooja/mtype252.a(serial-line.o)
 .comment       0x0000000000000000       0x2a obj_cooja/mtype252.a(list.o)
 .comment       0x0000000000000000       0x2a obj_cooja/mtype252.a(memb.o)
 .comment       0x0000000000000000       0x2a obj_cooja/mtype252.a(ringbuf.o)
 .comment       0x0000000000000000       0x2a obj_cooja/mtype252.a(sicslowpan.o)
 .comment       0x0000000000000000       0x2a obj_cooja/mtype252.a(uip-ds6-nbr.o)
 .comment       0x0000000000000000       0x2a obj_cooja/mtype252.a(uip-ds6-route.o)
 .comment       0x0000000000000000       0x2a obj_cooja/mtype252.a(uip-ds6.o)
 .comment       0x0000000000000000       0x2a obj_cooja/mtype252.a(uip-nd6.o)
 .comment       0x0000000000000000       0x2a obj_cooja/mtype252.a(uip6.o)
 .comment       0x0000000000000000       0x2a obj_cooja/mtype252.a(simple-udp.o)
 .comment       0x0000000000000000       0x2a obj_cooja/mtype252.a(tcpip.o)
 .comment       0x0000000000000000       0x2a obj_cooja/mtype252.a(uip-debug.o)
 .comment       0x0000000000000000       0x2a obj_cooja/mtype252.a(uip-packetqueue)
 .comment       0x0000000000000000       0x2a obj_cooja/mtype252.a(uip-udp-packet.)
 .comment       0x0000000000000000       0x2a obj_cooja/mtype252.a(rpl-dag.o)
 .comment       0x0000000000000000       0x2a obj_cooja/mtype252.a(rpl-ext-header.)
 .comment       0x0000000000000000       0x2a obj_cooja/mtype252.a(rpl-icmp6.o)
 .comment       0x0000000000000000       0x2a obj_cooja/mtype252.a(rpl-mrhof.o)
 .comment       0x0000000000000000       0x2a obj_cooja/mtype252.a(rpl-timers.o)
 .comment       0x0000000000000000       0x2a obj_cooja/mtype252.a(rpl.o)
 .comment       0x0000000000000000       0x2a obj_cooja/mtype252.a(linkaddr.o)
 .comment       0x0000000000000000       0x2a obj_cooja/mtype252.a(nbr-table.o)
 .comment       0x0000000000000000       0x2a obj_cooja/mtype252.a(netstack.o)
 .comment       0x0000000000000000       0x2a obj_cooja/mtype252.a(packetbuf.o)
 .comment       0x0000000000000000       0x2a obj_cooja/mtype252.a(queuebuf.o)
 .comment       0x0000000000000000       0x2a obj_cooja/mtype252.a(csma.o)
 .comment       0x0000000000000000       0x2a obj_cooja/mtype252.a(framer-802154.o)
 .comment       0x0000000000000000       0x2a obj_cooja/mtype252.a(framer.o)
 .comment       0x0000000000000000       0x2a obj_cooja/mtype252.a(mac.o)
 .comment       0x0000000000000000       0x2a obj_cooja/mtype252.a(nullrdc.o)
 .comment       0x0000000000000000       0x2a obj_cooja/mtype252.a(nullsec.o)
 .comment       0x0000000000000000       0x2a obj_cooja/mtype252.a(watchdog.o)
 .comment       0x0000000000000000       0x2a obj_cooja/mtype252.a(rimestats.o)
 .comment       0x0000000000000000       0x2a obj_cooja/mtype252.a(stimer.o)
 .comment       0x0000000000000000       0x2a obj_cooja/mtype252.a(uip-icmp6.o)
 .comment       0x0000000000000000       0x2a obj_cooja/mtype252.a(frame802154.o)
 .comment       0x0000000000000000       0x2a obj_cooja/mtype252.a(mac-sequence.o)
 .comment       0x0000000000000000       0x2a /usr/lib/gcc/i686-linux-gnu/4.8/crtendS.o

.debug
 *(.debug)

.line
 *(.line)

.debug_srcinfo
 *(.debug_srcinfo)

.debug_sfnames
 *(.debug_sfnames)

.debug_aranges  0x0000000000000000      0x818
 *(.debug_aranges)
 .debug_aranges
                0x0000000000000000       0x20 unicast-receiver.co
 .debug_aranges
                0x0000000000000020       0x20 obj_cooja/mtype252.o
 .debug_aranges
                0x0000000000000040       0x20 obj_cooja/mtype252.a(servreg-hack.o)
 .debug_aranges
                0x0000000000000060       0x20 obj_cooja/mtype252.a(simEnvChange.o)
 .debug_aranges
                0x0000000000000080       0x20 obj_cooja/mtype252.a(cooja_mt.o)
 .debug_aranges
                0x00000000000000a0       0x20 obj_cooja/mtype252.a(cooja_mtarch.o)
 .debug_aranges
                0x00000000000000c0       0x20 obj_cooja/mtype252.a(rtimer-arch.o)
 .debug_aranges
                0x00000000000000e0       0x20 obj_cooja/mtype252.a(beep.o)
 .debug_aranges
                0x0000000000000100       0x20 obj_cooja/mtype252.a(button-sensor.o)
 .debug_aranges
                0x0000000000000120       0x20 obj_cooja/mtype252.a(leds-arch.o)
 .debug_aranges
                0x0000000000000140       0x20 obj_cooja/mtype252.a(moteid.o)
 .debug_aranges
                0x0000000000000160       0x20 obj_cooja/mtype252.a(pir-sensor.o)
 .debug_aranges
                0x0000000000000180       0x20 obj_cooja/mtype252.a(rs232.o)
 .debug_aranges
                0x00000000000001a0       0x20 obj_cooja/mtype252.a(vib-sensor.o)
 .debug_aranges
                0x00000000000001c0       0x20 obj_cooja/mtype252.a(clock.o)
 .debug_aranges
                0x00000000000001e0       0x20 obj_cooja/mtype252.a(log.o)
 .debug_aranges
                0x0000000000000200       0x20 obj_cooja/mtype252.a(cfs-cooja.o)
 .debug_aranges
                0x0000000000000220       0x20 obj_cooja/mtype252.a(cooja-radio.o)
 .debug_aranges
                0x0000000000000240       0x20 obj_cooja/mtype252.a(eeprom.o)
 .debug_aranges
                0x0000000000000260       0x20 obj_cooja/mtype252.a(random.o)
 .debug_aranges
                0x0000000000000280       0x20 obj_cooja/mtype252.a(sensors.o)
 .debug_aranges
                0x00000000000002a0       0x20 obj_cooja/mtype252.a(autostart.o)
 .debug_aranges
                0x00000000000002c0       0x20 obj_cooja/mtype252.a(ctimer.o)
 .debug_aranges
                0x00000000000002e0       0x20 obj_cooja/mtype252.a(etimer.o)
 .debug_aranges
                0x0000000000000300       0x20 obj_cooja/mtype252.a(process.o)
 .debug_aranges
                0x0000000000000320       0x20 obj_cooja/mtype252.a(rtimer.o)
 .debug_aranges
                0x0000000000000340       0x20 obj_cooja/mtype252.a(timer.o)
 .debug_aranges
                0x0000000000000360       0x20 obj_cooja/mtype252.a(serial-line.o)
 .debug_aranges
                0x0000000000000380       0x20 obj_cooja/mtype252.a(list.o)
 .debug_aranges
                0x00000000000003a0       0x20 obj_cooja/mtype252.a(memb.o)
 .debug_aranges
                0x00000000000003c0       0x20 obj_cooja/mtype252.a(ringbuf.o)
 .debug_aranges
                0x00000000000003e0       0x20 obj_cooja/mtype252.a(sicslowpan.o)
 .debug_aranges
                0x0000000000000400       0x20 obj_cooja/mtype252.a(uip-ds6-nbr.o)
 .debug_aranges
                0x0000000000000420       0x20 obj_cooja/mtype252.a(uip-ds6-route.o)
 .debug_aranges
                0x0000000000000440       0x20 obj_cooja/mtype252.a(uip-ds6.o)
 .debug_aranges
                0x0000000000000460       0x20 obj_cooja/mtype252.a(uip-nd6.o)
 .debug_aranges
                0x0000000000000480       0x20 obj_cooja/mtype252.a(uip6.o)
 .debug_aranges
                0x00000000000004a0       0x20 obj_cooja/mtype252.a(simple-udp.o)
 .debug_aranges
                0x00000000000004c0       0x20 obj_cooja/mtype252.a(tcpip.o)
 .debug_aranges
                0x00000000000004e0       0x20 obj_cooja/mtype252.a(uip-debug.o)
 .debug_aranges
                0x0000000000000500       0x20 obj_cooja/mtype252.a(uip-packetqueue)
 .debug_aranges
                0x0000000000000520       0x20 obj_cooja/mtype252.a(uip-udp-packet.)
 .debug_aranges
                0x0000000000000540       0x20 obj_cooja/mtype252.a(rpl-dag.o)
 .debug_aranges
                0x0000000000000560       0x20 obj_cooja/mtype252.a(rpl-ext-header.)
 .debug_aranges
                0x0000000000000580       0x20 obj_cooja/mtype252.a(rpl-icmp6.o)
 .debug_aranges
                0x00000000000005a0       0x20 obj_cooja/mtype252.a(rpl-mrhof.o)
 .debug_aranges
                0x00000000000005c0       0x20 obj_cooja/mtype252.a(rpl-timers.o)
 .debug_aranges
                0x00000000000005e0       0x20 obj_cooja/mtype252.a(rpl.o)
 .debug_aranges
                0x0000000000000600       0x20 obj_cooja/mtype252.a(linkaddr.o)
 .debug_aranges
                0x0000000000000620       0x20 obj_cooja/mtype252.a(nbr-table.o)
 .debug_aranges
                0x0000000000000640       0x20 obj_cooja/mtype252.a(netstack.o)
 .debug_aranges
                0x0000000000000660       0x20 obj_cooja/mtype252.a(packetbuf.o)
 .debug_aranges
                0x0000000000000680       0x20 obj_cooja/mtype252.a(queuebuf.o)
 .debug_aranges
                0x00000000000006a0       0x20 obj_cooja/mtype252.a(csma.o)
 .debug_aranges
                0x00000000000006c0       0x20 obj_cooja/mtype252.a(framer-802154.o)
 .debug_aranges
                0x00000000000006e0       0x20 obj_cooja/mtype252.a(framer.o)
 .debug_aranges
                0x0000000000000700       0x20 obj_cooja/mtype252.a(mac.o)
 .debug_aranges
                0x0000000000000720       0x20 obj_cooja/mtype252.a(nullrdc.o)
 .debug_aranges
                0x0000000000000740       0x20 obj_cooja/mtype252.a(nullsec.o)
 .debug_aranges
                0x0000000000000760       0x20 obj_cooja/mtype252.a(watchdog.o)
 .debug_aranges
                0x0000000000000780       0x18 obj_cooja/mtype252.a(rimestats.o)
 .debug_aranges
                0x0000000000000798       0x20 obj_cooja/mtype252.a(stimer.o)
 .debug_aranges
                0x00000000000007b8       0x20 obj_cooja/mtype252.a(uip-icmp6.o)
 .debug_aranges
                0x00000000000007d8       0x20 obj_cooja/mtype252.a(frame802154.o)
 .debug_aranges
                0x00000000000007f8       0x20 obj_cooja/mtype252.a(mac-sequence.o)

.debug_pubnames
 *(.debug_pubnames)

.debug_info     0x0000000000000000    0x1af11
 *(.debug_info .gnu.linkonce.wi.*)
 .debug_info    0x0000000000000000      0xce4 unicast-receiver.co
 .debug_info    0x0000000000000ce4     0x3711 obj_cooja/mtype252.o
 .debug_info    0x00000000000043f5      0x806 obj_cooja/mtype252.a(servreg-hack.o)
 .debug_info    0x0000000000004bfb      0x15a obj_cooja/mtype252.a(simEnvChange.o)
 .debug_info    0x0000000000004d55      0x1e2 obj_cooja/mtype252.a(cooja_mt.o)
 .debug_info    0x0000000000004f37      0x2e7 obj_cooja/mtype252.a(cooja_mtarch.o)
 .debug_info    0x000000000000521e      0x16b obj_cooja/mtype252.a(rtimer-arch.o)
 .debug_info    0x0000000000005389      0x1f3 obj_cooja/mtype252.a(beep.o)
 .debug_info    0x000000000000557c      0x257 obj_cooja/mtype252.a(button-sensor.o)
 .debug_info    0x00000000000057d3      0x132 obj_cooja/mtype252.a(leds-arch.o)
 .debug_info    0x0000000000005905      0x10a obj_cooja/mtype252.a(moteid.o)
 .debug_info    0x0000000000005a0f      0x216 obj_cooja/mtype252.a(pir-sensor.o)
 .debug_info    0x0000000000005c25      0x22b obj_cooja/mtype252.a(rs232.o)
 .debug_info    0x0000000000005e50      0x216 obj_cooja/mtype252.a(vib-sensor.o)
 .debug_info    0x0000000000006066      0x152 obj_cooja/mtype252.a(clock.o)
 .debug_info    0x00000000000061b8      0x2bb obj_cooja/mtype252.a(log.o)
 .debug_info    0x0000000000006473      0x3d5 obj_cooja/mtype252.a(cfs-cooja.o)
 .debug_info    0x0000000000006848      0xba8 obj_cooja/mtype252.a(cooja-radio.o)
 .debug_info    0x00000000000073f0      0x214 obj_cooja/mtype252.a(eeprom.o)
 .debug_info    0x0000000000007604       0xb3 obj_cooja/mtype252.a(random.o)
 .debug_info    0x00000000000076b7      0x36d obj_cooja/mtype252.a(sensors.o)
 .debug_info    0x0000000000007a24      0x1a5 obj_cooja/mtype252.a(autostart.o)
 .debug_info    0x0000000000007bc9      0x418 obj_cooja/mtype252.a(ctimer.o)
 .debug_info    0x0000000000007fe1      0x46b obj_cooja/mtype252.a(etimer.o)
 .debug_info    0x000000000000844c      0x4ba obj_cooja/mtype252.a(process.o)
 .debug_info    0x0000000000008906      0x1ab obj_cooja/mtype252.a(rtimer.o)
 .debug_info    0x0000000000008ab1      0x16c obj_cooja/mtype252.a(timer.o)
 .debug_info    0x0000000000008c1d      0x2de obj_cooja/mtype252.a(serial-line.o)
 .debug_info    0x0000000000008efb      0x2ed obj_cooja/mtype252.a(list.o)
 .debug_info    0x00000000000091e8      0x1d7 obj_cooja/mtype252.a(memb.o)
 .debug_info    0x00000000000093bf      0x1aa obj_cooja/mtype252.a(ringbuf.o)
 .debug_info    0x0000000000009569      0xe39 obj_cooja/mtype252.a(sicslowpan.o)
 .debug_info    0x000000000000a3a2      0xab8 obj_cooja/mtype252.a(uip-ds6-nbr.o)
 .debug_info    0x000000000000ae5a      0xcc7 obj_cooja/mtype252.a(uip-ds6-route.o)
 .debug_info    0x000000000000bb21      0xa45 obj_cooja/mtype252.a(uip-ds6.o)
 .debug_info    0x000000000000c566      0x9d6 obj_cooja/mtype252.a(uip-nd6.o)
 .debug_info    0x000000000000cf3c      0xe26 obj_cooja/mtype252.a(uip6.o)
 .debug_info    0x000000000000dd62      0x71c obj_cooja/mtype252.a(simple-udp.o)
 .debug_info    0x000000000000e47e     0x1574 obj_cooja/mtype252.a(tcpip.o)
 .debug_info    0x000000000000f9f2      0x1b5 obj_cooja/mtype252.a(uip-debug.o)
 .debug_info    0x000000000000fba7      0x470 obj_cooja/mtype252.a(uip-packetqueue)
 .debug_info    0x0000000000010017      0x37a obj_cooja/mtype252.a(uip-udp-packet.)
 .debug_info    0x0000000000010391     0x1863 obj_cooja/mtype252.a(rpl-dag.o)
 .debug_info    0x0000000000011bf4      0xd5c obj_cooja/mtype252.a(rpl-ext-header.)
 .debug_info    0x0000000000012950     0x1467 obj_cooja/mtype252.a(rpl-icmp6.o)
 .debug_info    0x0000000000013db7      0xaa8 obj_cooja/mtype252.a(rpl-mrhof.o)
 .debug_info    0x000000000001485f      0xb0f obj_cooja/mtype252.a(rpl-timers.o)
 .debug_info    0x000000000001536e      0xc74 obj_cooja/mtype252.a(rpl.o)
 .debug_info    0x0000000000015fe2      0x165 obj_cooja/mtype252.a(linkaddr.o)
 .debug_info    0x0000000000016147      0x812 obj_cooja/mtype252.a(nbr-table.o)
 .debug_info    0x0000000000016959      0x461 obj_cooja/mtype252.a(netstack.o)
 .debug_info    0x0000000000016dba      0x4fa obj_cooja/mtype252.a(packetbuf.o)
 .debug_info    0x00000000000172b4      0x583 obj_cooja/mtype252.a(queuebuf.o)
 .debug_info    0x0000000000017837      0xaeb obj_cooja/mtype252.a(csma.o)
 .debug_info    0x0000000000018322      0x643 obj_cooja/mtype252.a(framer-802154.o)
 .debug_info    0x0000000000018965      0x285 obj_cooja/mtype252.a(framer.o)
 .debug_info    0x0000000000018bea      0x112 obj_cooja/mtype252.a(mac.o)
 .debug_info    0x0000000000018cfc      0xc1f obj_cooja/mtype252.a(nullrdc.o)
 .debug_info    0x000000000001991b      0x42c obj_cooja/mtype252.a(nullsec.o)
 .debug_info    0x0000000000019d47       0x7b obj_cooja/mtype252.a(watchdog.o)
 .debug_info    0x0000000000019dc2      0x119 obj_cooja/mtype252.a(rimestats.o)
 .debug_info    0x0000000000019edb      0x179 obj_cooja/mtype252.a(stimer.o)
 .debug_info    0x000000000001a054      0x780 obj_cooja/mtype252.a(uip-icmp6.o)
 .debug_info    0x000000000001a7d4      0x4a0 obj_cooja/mtype252.a(frame802154.o)
 .debug_info    0x000000000001ac74      0x29d obj_cooja/mtype252.a(mac-sequence.o)

.debug_abbrev   0x0000000000000000     0x6bb5
 *(.debug_abbrev)
 .debug_abbrev  0x0000000000000000      0x1d5 unicast-receiver.co
 .debug_abbrev  0x00000000000001d5      0x2c0 obj_cooja/mtype252.o
 .debug_abbrev  0x0000000000000495      0x292 obj_cooja/mtype252.a(servreg-hack.o)
 .debug_abbrev  0x0000000000000727       0xc3 obj_cooja/mtype252.a(simEnvChange.o)
 .debug_abbrev  0x00000000000007ea       0xe6 obj_cooja/mtype252.a(cooja_mt.o)
 .debug_abbrev  0x00000000000008d0      0x147 obj_cooja/mtype252.a(cooja_mtarch.o)
 .debug_abbrev  0x0000000000000a17       0xcc obj_cooja/mtype252.a(rtimer-arch.o)
 .debug_abbrev  0x0000000000000ae3       0xe3 obj_cooja/mtype252.a(beep.o)
 .debug_abbrev  0x0000000000000bc6      0x11c obj_cooja/mtype252.a(button-sensor.o)
 .debug_abbrev  0x0000000000000ce2       0xe1 obj_cooja/mtype252.a(leds-arch.o)
 .debug_abbrev  0x0000000000000dc3       0x9c obj_cooja/mtype252.a(moteid.o)
 .debug_abbrev  0x0000000000000e5f       0xe6 obj_cooja/mtype252.a(pir-sensor.o)
 .debug_abbrev  0x0000000000000f45      0x160 obj_cooja/mtype252.a(rs232.o)
 .debug_abbrev  0x00000000000010a5       0xe6 obj_cooja/mtype252.a(vib-sensor.o)
 .debug_abbrev  0x000000000000118b       0xee obj_cooja/mtype252.a(clock.o)
 .debug_abbrev  0x0000000000001279      0x141 obj_cooja/mtype252.a(log.o)
 .debug_abbrev  0x00000000000013ba      0x158 obj_cooja/mtype252.a(cfs-cooja.o)
 .debug_abbrev  0x0000000000001512      0x2d6 obj_cooja/mtype252.a(cooja-radio.o)
 .debug_abbrev  0x00000000000017e8      0x11b obj_cooja/mtype252.a(eeprom.o)
 .debug_abbrev  0x0000000000001903       0x6d obj_cooja/mtype252.a(random.o)
 .debug_abbrev  0x0000000000001970      0x1c2 obj_cooja/mtype252.a(sensors.o)
 .debug_abbrev  0x0000000000001b32       0xfb obj_cooja/mtype252.a(autostart.o)
 .debug_abbrev  0x0000000000001c2d      0x1a1 obj_cooja/mtype252.a(ctimer.o)
 .debug_abbrev  0x0000000000001dce      0x1f1 obj_cooja/mtype252.a(etimer.o)
 .debug_abbrev  0x0000000000001fbf      0x244 obj_cooja/mtype252.a(process.o)
 .debug_abbrev  0x0000000000002203      0x124 obj_cooja/mtype252.a(rtimer.o)
 .debug_abbrev  0x0000000000002327       0xf5 obj_cooja/mtype252.a(timer.o)