Archive member included to satisfy reference by file (symbol)

obj_cooja/mtype759.a(simEnvChange.o)
                              obj_cooja/mtype759.o (simDontFallAsleep)
obj_cooja/mtype759.a(cooja_mt.o)
                              obj_cooja/mtype759.o (cooja_mt_start)
obj_cooja/mtype759.a(cooja_mtarch.o)
                              obj_cooja/mtype759.a(cooja_mt.o) (cooja_mtarch_init)
obj_cooja/mtype759.a(rtimer-arch.o)
                              obj_cooja/mtype759.o (rtimer_arch_next)
obj_cooja/mtype759.a(beep.o)  obj_cooja/mtype759.o (beep_interface)
obj_cooja/mtype759.a(button-sensor.o)
                              obj_cooja/mtype759.o (button_interface)
obj_cooja/mtype759.a(leds-arch.o)
                              obj_cooja/mtype759.o (leds_interface)
obj_cooja/mtype759.a(moteid.o)
                              obj_cooja/mtype759.o (moteid_interface)
obj_cooja/mtype759.a(pir-sensor.o)
                              obj_cooja/mtype759.o (pir_interface)
obj_cooja/mtype759.a(rs232.o)
                              obj_cooja/mtype759.o (rs232_interface)
obj_cooja/mtype759.a(vib-sensor.o)
                              obj_cooja/mtype759.o (vib_interface)
obj_cooja/mtype759.a(clock.o)
                              obj_cooja/mtype759.o (clock_interface)
obj_cooja/mtype759.a(log.o)   obj_cooja/mtype759.o (simlog_interface)
obj_cooja/mtype759.a(cfs-cooja.o)
                              obj_cooja/mtype759.o (cfs_interface)
obj_cooja/mtype759.a(cooja-radio.o)
                              obj_cooja/mtype759.o (radio_interface)
obj_cooja/mtype759.a(eeprom.o)
                              obj_cooja/mtype759.o (eeprom_interface)
obj_cooja/mtype759.a(random.o)
                              obj_cooja/mtype759.a(moteid.o) (random_init)
obj_cooja/mtype759.a(sensors.o)
                              obj_cooja/mtype759.o (sensors_process)
obj_cooja/mtype759.a(leds.o)  temperatura.co (leds_on)
obj_cooja/mtype759.a(autostart.o)
                              obj_cooja/mtype759.o (autostart_start)
obj_cooja/mtype759.a(ctimer.o)
                              obj_cooja/mtype759.o (ctimer_init)
obj_cooja/mtype759.a(etimer.o)
                              obj_cooja/mtype759.o (etimer_process)
obj_cooja/mtype759.a(process.o)
                              obj_cooja/mtype759.a(ctimer.o) (process_current)
obj_cooja/mtype759.a(rtimer.o)
                              obj_cooja/mtype759.a(rtimer-arch.o) (rtimer_run_next)
obj_cooja/mtype759.a(timer.o)
                              obj_cooja/mtype759.a(button-sensor.o) (timer_set)
obj_cooja/mtype759.a(serial-line.o)
                              temperatura.co (serial_line_event_message)
obj_cooja/mtype759.a(list.o)  obj_cooja/mtype759.a(ctimer.o) (list_init)
obj_cooja/mtype759.a(ringbuf.o)
                              obj_cooja/mtype759.a(serial-line.o) (ringbuf_init)
obj_cooja/mtype759.a(sicslowpan.o)
                              obj_cooja/mtype759.o (sicslowpan_driver)
obj_cooja/mtype759.a(uip-ds6-nbr.o)
                              obj_cooja/mtype759.a(sicslowpan.o) (uip_ds6_link_neighbor_callback)
obj_cooja/mtype759.a(uip-ds6-route.o)
                              obj_cooja/mtype759.a(uip-ds6-nbr.o) (uip_ds6_defrt_lookup)
obj_cooja/mtype759.a(uip-ds6.o)
                              obj_cooja/mtype759.a(uip-ds6-nbr.o) (uip_ds6_if)
obj_cooja/mtype759.a(uip-nd6.o)
                              obj_cooja/mtype759.a(uip-ds6-nbr.o) (uip_nd6_ns_output)
obj_cooja/mtype759.a(uip6.o)  obj_cooja/mtype759.o (uip_lladdr)
obj_cooja/mtype759.a(tcpip.o)
                              obj_cooja/mtype759.a(sicslowpan.o) (tcpip_set_outputfunc)
obj_cooja/mtype759.a(uip-debug.o)
                              obj_cooja/mtype759.a(uip-ds6-route.o) (uip_debug_ipaddr_print)
obj_cooja/mtype759.a(uip-packetqueue)
                              obj_cooja/mtype759.a(uip-ds6-nbr.o) (uip_packetqueue_new)
obj_cooja/mtype759.a(rpl-dag.o)
                              obj_cooja/mtype759.a(tcpip.o) (rpl_repair_root)
obj_cooja/mtype759.a(rpl-ext-header.)
                              obj_cooja/mtype759.a(uip6.o) (rpl_verify_header)
obj_cooja/mtype759.a(rpl-icmp6.o)
                              obj_cooja/mtype759.a(rpl-dag.o) (dao_output)
obj_cooja/mtype759.a(rpl-mrhof.o)
                              obj_cooja/mtype759.a(rpl-dag.o) (rpl_mrhof)
obj_cooja/mtype759.a(rpl-timers.o)
                              obj_cooja/mtype759.a(rpl-dag.o) (rpl_reset_dio_timer)
obj_cooja/mtype759.a(rpl.o)   obj_cooja/mtype759.a(rpl-icmp6.o) (rpl_get_mode)
obj_cooja/mtype759.a(linkaddr.o)
                              obj_cooja/mtype759.o (linkaddr_node_addr)
obj_cooja/mtype759.a(nbr-table.o)
                              obj_cooja/mtype759.a(uip-ds6-nbr.o) (nbr_table_register)
obj_cooja/mtype759.a(netstack.o)
                              obj_cooja/mtype759.o (netstack_init)
obj_cooja/mtype759.a(packetbuf.o)
                              obj_cooja/mtype759.a(cooja-radio.o) (packetbuf_attrs)
obj_cooja/mtype759.a(queuebuf.o)
[...]
Memory Configuration

Name             Origin             Length             Attributes
*default*        0x0000000000000000 0xffffffffffffffff

Linker script and memory map

LOAD /usr/lib/gcc/i686-linux-gnu/4.8/../../../i386-linux-gnu/crti.o
LOAD /usr/lib/gcc/i686-linux-gnu/4.8/crtbeginS.o
LOAD temperatura.co
LOAD obj_cooja/mtype759.o
LOAD obj_cooja/mtype759.a
LOAD /usr/lib/gcc/i686-linux-gnu/4.8/libgcc.a
LOAD /usr/lib/gcc/i686-linux-gnu/4.8/libgcc_s.so
LOAD /usr/lib/gcc/i686-linux-gnu/4.8/../../../i386-linux-gnu/libc.so
START GROUP
LOAD /lib/i386-linux-gnu/libc.so.6
LOAD /usr/lib/i386-linux-gnu/libc_nonshared.a
LOAD /lib/i386-linux-gnu/ld-linux.so.2
END GROUP
LOAD /usr/lib/gcc/i686-linux-gnu/4.8/libgcc.a
LOAD /usr/lib/gcc/i686-linux-gnu/4.8/libgcc_s.so
LOAD /usr/lib/gcc/i686-linux-gnu/4.8/crtendS.o
LOAD /usr/lib/gcc/i686-linux-gnu/4.8/../../../i386-linux-gnu/crtn.o
                0x0000000000000114                . = (0x0 + SIZEOF_HEADERS)

.note.gnu.build-id
                0x0000000000000114       0x24
 *(.note.gnu.build-id)
 .note.gnu.build-id
                0x0000000000000114       0x24 /usr/lib/gcc/i686-linux-gnu/4.8/../../../i386-linux-gnu/crti.o

.hash
 *(.hash)

.gnu.hash       0x0000000000000138      0xdf8
 *(.gnu.hash)
 .gnu.hash      0x0000000000000138      0xdf8 /usr/lib/gcc/i686-linux-gnu/4.8/../../../i386-linux-gnu/crti.o

.dynsym         0x0000000000000f30     0x2040
 *(.dynsym)
 .dynsym        0x0000000000000f30     0x2040 /usr/lib/gcc/i686-linux-gnu/4.8/../../../i386-linux-gnu/crti.o

.dynstr         0x0000000000002f70     0x20cf
 *(.dynstr)
 .dynstr        0x0000000000002f70     0x20cf /usr/lib/gcc/i686-linux-gnu/4.8/../../../i386-linux-gnu/crti.o

.gnu.version    0x0000000000005040      0x408
 *(.gnu.version)
 .gnu.version   0x0000000000005040      0x408 /usr/lib/gcc/i686-linux-gnu/4.8/../../../i386-linux-gnu/crti.o

.gnu.version_d  0x0000000000005448        0x0
 *(.gnu.version_d)
 .gnu.version_d
                0x0000000000000000        0x0 /usr/lib/gcc/i686-linux-gnu/4.8/../../../i386-linux-gnu/crti.o

.gnu.version_r  0x0000000000005448       0x40
 *(.gnu.version_r)
 .gnu.version_r
                0x0000000000005448       0x40 /usr/lib/gcc/i686-linux-gnu/4.8/../../../i386-linux-gnu/crti.o

.rel.dyn        0x0000000000005488     0x84e0
 *(.rel.init)
 .rel.init      0x0000000000000000        0x0 /usr/lib/gcc/i686-linux-gnu/4.8/../../../i386-linux-gnu/crti.o
 *(.rel.text .rel.text.* .rel.gnu.linkonce.t.*)
 .rel.text      0x0000000000005488     0x7d38 /usr/lib/gcc/i686-linux-gnu/4.8/../../../i386-linux-gnu/crti.o
 *(.rel.fini)
 .rel.fini      0x0000000000000000        0x0 /usr/lib/gcc/i686-linux-gnu/4.8/../../../i386-linux-gnu/crti.o
 *(.rel.rodata .rel.rodata.* .rel.gnu.linkonce.r.*)
 .rel.rodata    0x000000000000d1c0      0x4f8 /usr/lib/gcc/i686-linux-gnu/4.8/../../../i386-linux-gnu/crti.o
 *(.rel.data.rel.ro .rel.data.rel.ro.* .rel.gnu.linkonce.d.rel.ro.*)
 *(.rel.data .rel.data.* .rel.gnu.linkonce.d.*)
 .rel.data.rel  0x000000000000d6b8        0x8 /usr/lib/gcc/i686-linux-gnu/4.8/../../../i386-linux-gnu/crti.o
 .rel.data      0x000000000000d6c0      0x270 /usr/lib/gcc/i686-linux-gnu/4.8/../../../i386-linux-gnu/crti.o
 *(.rel.tdata .rel.tdata.* .rel.gnu.linkonce.td.*)
 *(.rel.tbss .rel.tbss.* .rel.gnu.linkonce.tb.*)
 *(.rel.ctors)
 *(.rel.dtors)
 *(.rel.got)
 .rel.got       0x000000000000d930       0x28 /usr/lib/gcc/i686-linux-gnu/4.8/../../../i386-linux-gnu/crti.o
 *(.rel.bss .rel.bss.* .rel.gnu.linkonce.b.*)
 *(.rel.ifunc)
 .rel.ifunc     0x0000000000000000        0x0 /usr/lib/gcc/i686-linux-gnu/4.8/../../../i386-linux-gnu/crti.o
 .rel.fini_array
                0x000000000000d958        0x8 /usr/lib/gcc/i686-linux-gnu/4.8/../../../i386-linux-gnu/crti.o
 .rel.init_array
                0x000000000000d960        0x8 /usr/lib/gcc/i686-linux-gnu/4.8/../../../i386-linux-gnu/crti.o

.rel.plt        0x000000000000d968       0x10
 *(.rel.plt)
 .rel.plt       0x000000000000d968       0x10 /usr/lib/gcc/i686-linux-gnu/4.8/../../../i386-linux-gnu/crti.o
 *(.rel.iplt)

.init           0x000000000000d978       0x23
 *(SORT(.init))
 .init          0x000000000000d978       0x1e /usr/lib/gcc/i686-linux-gnu/4.8/../../../i386-linux-gnu/crti.o
                0x000000000000d978                _init
 .init          0x000000000000d996        0x5 /usr/lib/gcc/i686-linux-gnu/4.8/../../../i386-linux-gnu/crtn.o

.plt            0x000000000000d9a0       0x30
 *(.plt)
 .plt           0x000000000000d9a0       0x30 /usr/lib/gcc/i686-linux-gnu/4.8/../../../i386-linux-gnu/crti.o
 *(.iplt)

.text           0x000000000000d9d0    0x1392b
 *(.text.unlikely .text.*_unlikely .text.unlikely.*)
 *(.text.exit .text.exit.*)
 *(.text.startup .text.startup.*)
 *(.text.hot .text.hot.*)
 *(.text .stub .text.* .gnu.linkonce.t.*)
 .text          0x000000000000d9d0        0x0 /usr/lib/gcc/i686-linux-gnu/4.8/../../../i386-linux-gnu/crti.o
 .gnu.linkonce.t.__x86.get_pc_thunk.bx
                0x000000000000d9d0        0x4 /usr/lib/gcc/i686-linux-gnu/4.8/../../../i386-linux-gnu/crti.o
                0x000000000000d9d0                __x86.get_pc_thunk.bx
 *fill*         0x000000000000d9d4        0xc 
 .text          0x000000000000d9e0      0x11b /usr/lib/gcc/i686-linux-gnu/4.8/crtbeginS.o
 .text          0x000000000000dafb      0x114 temperatura.co
 .text          0x000000000000dc0f      0x70e obj_cooja/mtype759.o
                0x000000000000dd45                contiki_init
                0x000000000000e134                Java_org_contikios_cooja_corecomm_Lib43_init
                0x000000000000e174                Java_org_contikios_cooja_corecomm_Lib43_getMemory
                0x000000000000e1b4                Java_org_contikios_cooja_corecomm_Lib43_setMemory
                0x000000000000e22b                Java_org_contikios_cooja_corecomm_Lib43_tick
                0x000000000000e30b                Java_org_contikios_cooja_corecomm_Lib43_setReferenceAddress
 .text          0x000000000000e31d       0x63 obj_cooja/mtype759.a(simEnvChange.o)
                0x000000000000e31d                doActionsBeforeTick
                0x000000000000e34e                doActionsAfterTick
 .text          0x000000000000e380       0xbc obj_cooja/mtype759.a(cooja_mt.o)
                0x000000000000e380                cooja_mt_init
                0x000000000000e38d                cooja_mt_remove
                0x000000000000e39a                cooja_mt_start
                0x000000000000e3c7                cooja_mt_exec
                0x000000000000e3f8                cooja_mt_exit
                0x000000000000e41a                cooja_mt_yield
 .text          0x000000000000e43c      0x115 obj_cooja/mtype759.a(cooja_mtarch.o)
                0x000000000000e43c                cooja_mtarch_init
                0x000000000000e441                cooja_mtarch_start
                0x000000000000e4bc                cooja_sw
                0x000000000000e4de                cooja_mtarch_exec
                0x000000000000e4fa                cooja_mtarch_remove
                0x000000000000e4ff                cooja_mtarch_yield
                0x000000000000e509                cooja_mtarch_pstop
                0x000000000000e50e                cooja_mtarch_pstart
                0x000000000000e513                cooja_mtarch_stack_usage
 .text          0x000000000000e551       0xc2 obj_cooja/mtype759.a(rtimer-arch.o)
                0x000000000000e551                rtimer_arch_init
                0x000000000000e574                rtimer_arch_schedule
                0x000000000000e58b                rtimer_arch_next
                0x000000000000e595                rtimer_arch_pending
                0x000000000000e59f                rtimer_arch_check
                0x000000000000e5d1                rtimer_arch_now
 .text          0x000000000000e613       0x76 obj_cooja/mtype759.a(beep.o)
                0x000000000000e613                beep_alarm
                0x000000000000e61f                beep_beep
                0x000000000000e62b                beep
                0x000000000000e637                beep_down
                0x000000000000e643                beep_on
                0x000000000000e64f                beep_off
                0x000000000000e65b                beep_spinup
                0x000000000000e667                beep_quick
                0x000000000000e673                beep_long
 .text          0x000000000000e689      0x103 obj_cooja/mtype759.a(button-sensor.o)
 .text          0x000000000000e78c       0x45 obj_cooja/mtype759.a(leds-arch.o)
                0x000000000000e78c                leds_arch_init
                0x000000000000e798                leds_arch_get
                0x000000000000e7a4                leds_arch_set
 .text          0x000000000000e7d1       0x2f obj_cooja/mtype759.a(moteid.o)
 .text          0x000000000000e800       0xb1 obj_cooja/mtype759.a(pir-sensor.o)
 .text          0x000000000000e8b1      0x12e obj_cooja/mtype759.a(rs232.o)
                0x000000000000e8b1                rs232_init
                0x000000000000e8b6                rs232_set_speed
                0x000000000000e8c4                rs232_set_input
                0x000000000000e8d1                rs232_send
                0x000000000000e8f3                rs232_print
                0x000000000000e90e                slip_arch_writeb
 .text          0x000000000000e9df       0xb1 obj_cooja/mtype759.a(vib-sensor.o)
 .text          0x000000000000ea90       0x34 obj_cooja/mtype759.a(clock.o)
                0x000000000000ea90                clock_init
                0x000000000000ea95                clock_time
                0x000000000000ea9f                clock_seconds
                0x000000000000eab5                clock_delay
 .text          0x000000000000eac4      0x1ed obj_cooja/mtype759.a(log.o)
                0x000000000000eac4                simlog_char
                0x000000000000eb06                simlog
                0x000000000000eb73                log_message
                0x000000000000eb9b                log_set_putchar_with_slip
                0x000000000000eba8                log_putchar
                0x000000000000ec2c                log_puts
                0x000000000000ec50                log_printf
 .text          0x000000000000ecb1      0x28d obj_cooja/mtype759.a(cfs-cooja.o)
                0x000000000000ecb1                cfs_open
                0x000000000000ecfc                cfs_close
                0x000000000000ed08                cfs_read
                0x000000000000eda6                cfs_write
                0x000000000000ee6a                cfs_seek
                0x000000000000eef2                cfs_remove
                0x000000000000ef1b                cfs_opendir
                0x000000000000ef25                cfs_readdir
                0x000000000000ef2f                cfs_closedir
 .text          0x000000000000ef3e      0x3df obj_cooja/mtype759.a(cooja-radio.o)
                0x000000000000ef68                radio_set_channel
                0x000000000000ef75                radio_set_txpower
                0x000000000000ef8c                radio_signal_strength_last
                0x000000000000ef96                radio_signal_strength_current
                0x000000000000efa0                radio_LQI
 .text          0x000000000000f31d       0xef obj_cooja/mtype759.a(eeprom.o)
                0x000000000000f31d                eeprom_init
                0x000000000000f322                eeprom_read
                0x000000000000f392                eeprom_write
 .text          0x000000000000f40c       0x28 obj_cooja/mtype759.a(random.o)
                0x000000000000f40c                random_init
                0x000000000000f427                random_rand
 .text          0x000000000000f434      0x2a1 obj_cooja/mtype759.a(sensors.o)
                0x000000000000f46f                sensors_first
                0x000000000000f479                sensors_next
                0x000000000000f496                sensors_changed
                0x000000000000f4c5                sensors_find
 .text          0x000000000000f6d5      0x134 obj_cooja/mtype759.a(leds.o)
                0x000000000000f726                leds_init
                0x000000000000f73a                leds_blink
                0x000000000000f772                leds_get
                0x000000000000f77f                leds_set
                0x000000000000f799                leds_on
                0x000000000000f7bc                leds_off
                0x000000000000f7e6                leds_toggle
 .text          0x000000000000f809       0x8e obj_cooja/mtype759.a(autostart.o)
                0x000000000000f809                autostart_start
                0x000000000000f854                autostart_exit
 .text          0x000000000000f897      0x306 obj_cooja/mtype759.a(ctimer.o)
                0x000000000000f9ae                ctimer_init
                0x000000000000f9de                ctimer_set
                0x000000000000fa5d                ctimer_reset
                0x000000000000faac                ctimer_restart
                0x000000000000fafb                ctimer_stop
                0x000000000000fb46                ctimer_expired
 .text          0x000000000000fb9d      0x3e4 obj_cooja/mtype759.a(etimer.o)
                0x000000000000fdb0                etimer_request_poll
                0x000000000000fe34                etimer_set
                0x000000000000fe59                etimer_reset
                0x000000000000fe77                etimer_restart
                0x000000000000fe95                etimer_adjust
                0x000000000000feb1                etimer_expired
                0x000000000000fec4                etimer_expiration_time
                0x000000000000fed6                etimer_start_time
                0x000000000000fee0                etimer_pending
                0x000000000000fef2                etimer_next_expiration_time
                0x000000000000ff0c                etimer_stop
 .text          0x000000000000ff81      0x560 obj_cooja/mtype759.a(process.o)
                0x000000000000ff81                process_alloc_event
                0x000000000000ff96                process_start
                0x000000000001017f                process_exit
                0x000000000001019b                process_init
                0x000000000001036c                process_run
                0x000000000001039f                process_nevents
                0x00000000000103ba                process_post
                0x0000000000010466                process_post_synch
                0x000000000001049e                process_poll
                0x00000000000104cd                process_is_running
 .text          0x00000000000104e1       0xba obj_cooja/mtype759.a(rtimer.o)
                0x00000000000104e1                rtimer_init
                0x00000000000104ee                rtimer_set
                0x0000000000010545                rtimer_run_next
 .text          0x000000000001059b       0x91 obj_cooja/mtype759.a(timer.o)
                0x000000000001059b                timer_set
                0x00000000000105b6                timer_reset
                0x00000000000105cd                timer_restart
                0x00000000000105df                timer_expired
                0x0000000000010608                timer_remaining
 .text          0x000000000001062c      0x1fb obj_cooja/mtype759.a(serial-line.o)
                0x000000000001062c                serial_line_input_byte
                0x00000000000107ef                serial_line_init
 .text          0x0000000000010827      0x244 obj_cooja/mtype759.a(list.o)
                0x0000000000010827                list_init
                0x0000000000010835                list_head
                0x000000000001083f                list_copy
                0x000000000001084e                list_tail
                0x0000000000010884                list_add
                0x00000000000108cd                list_push
                0x00000000000108f9                list_chop
                0x0000000000010963                list_pop
                0x000000000001098b                list_remove
                0x00000000000109f2                list_length
                0x0000000000010a20                list_insert
                0x0000000000010a54                list_item_next
 .text          0x0000000000010a6b      0x155 obj_cooja/mtype759.a(ringbuf.o)
                0x0000000000010a6b                ringbuf_init
                0x0000000000010a9c                ringbuf_put
                0x0000000000010b1a                ringbuf_get
                0x0000000000010b87                ringbuf_size
                0x0000000000010b99                ringbuf_elements
 .text          0x0000000000010bc0     0x218c obj_cooja/mtype759.a(sicslowpan.o)
                0x0000000000010c53                rime_sniffer_add
                0x0000000000010c60                rime_sniffer_remove
                0x0000000000012ceb                sicslowpan_init
                0x0000000000012d42                sicslowpan_get_last_rssi
 .text          0x0000000000012d4c      0x584 obj_cooja/mtype759.a(uip-ds6-nbr.o)
                0x0000000000012d69                uip_ds6_neighbors_init
                0x0000000000012d86                uip_ds6_nbr_add
                0x0000000000012e41                uip_ds6_nbr_rm
                0x0000000000012e7d                uip_ds6_nbr_get_ipaddr
                0x0000000000012e92                uip_ds6_nbr_get_ll
                0x0000000000012eae                uip_ds6_nbr_num
                0x0000000000012ef3                uip_ds6_nbr_lookup
                0x0000000000012f58                uip_ds6_nbr_ll_lookup
                0x0000000000012f74                uip_ds6_nbr_ipaddr_from_lladdr
                0x0000000000012f9a                uip_ds6_nbr_lladdr_from_ipaddr
                0x0000000000012fc8                uip_ds6_link_neighbor_callback
                0x0000000000013011                uip_ds6_neighbor_periodic
                0x0000000000013255                uip_ds6_get_least_lifetime_neighbor
 .text          0x00000000000132d0      0x8ae obj_cooja/mtype759.a(uip-ds6-route.o)
                0x0000000000013347                uip_ds6_notification_add
                0x0000000000013378                uip_ds6_notification_rm
                0x0000000000013394                uip_ds6_route_init
                0x000000000001341c                uip_ds6_route_nexthop
                0x0000000000013444                uip_ds6_route_head
                0x0000000000013459                uip_ds6_route_next
                0x000000000001347f                uip_ds6_route_num_routes
                0x0000000000013489                uip_ds6_route_lookup
                0x000000000001354b                uip_ds6_route_add
                0x0000000000013756                uip_ds6_route_rm
                0x00000000000138ea                uip_ds6_route_rm_by_nexthop
                0x0000000000013922                uip_ds6_defrt_add
                0x00000000000139d3                uip_ds6_defrt_rm
                0x0000000000013a52                uip_ds6_defrt_lookup
                0x0000000000013aab                uip_ds6_defrt_choose
                0x0000000000013b16                uip_ds6_defrt_periodic
 .text          0x0000000000013b7e      0xb9c obj_cooja/mtype759.a(uip-ds6.o)
                0x0000000000013b7e                uip_ds6_init
                0x0000000000013d51                uip_ds6_periodic
                0x0000000000013dcf                uip_ds6_list_loop
                0x0000000000013e76                uip_ds6_prefix_add
                0x0000000000013f34                uip_ds6_prefix_rm
                0x0000000000013f46                uip_ds6_prefix_lookup
                0x0000000000013f97                uip_ds6_is_addr_onlink
                0x000000000001400b                uip_ds6_addr_add
                0x0000000000014139                uip_ds6_addr_rm
                0x00000000000141d9                uip_ds6_addr_lookup
                0x0000000000014224                uip_ds6_get_link_local
                0x00000000000142a3                uip_ds6_get_global
                0x0000000000014322                uip_ds6_maddr_add
                0x0000000000014394                uip_ds6_maddr_rm
                0x00000000000143a6                uip_ds6_maddr_lookup
                0x00000000000143f1                uip_ds6_aaddr_add
                0x0000000000014463                uip_ds6_aaddr_rm
                0x0000000000014475                uip_ds6_aaddr_lookup
                0x00000000000144c0                uip_ds6_select_src
                0x0000000000014605                uip_ds6_set_addr_iid
                0x000000000001463c                get_match_length
                0x00000000000146ce                uip_ds6_compute_reachable_time
 .text          0x000000000001471a      0xd88 obj_cooja/mtype759.a(uip-nd6.o)
                0x0000000000014d24                uip_nd6_ns_output
                0x0000000000015482                uip_nd6_init
 .text          0x00000000000154a2     0x292c obj_cooja/mtype759.a(uip6.o)
                0x00000000000154a2                uip_add32
                0x000000000001563b                uip_chksum
                0x0000000000015729                uip_icmp6chksum
                0x000000000001573d                uip_tcpchksum
                0x0000000000015751                uip_udpchksum
                0x0000000000015765                uip_init
                0x0000000000015835                uip_connect
                0x00000000000159e4                remove_ext_hdr
                0x0000000000015ab9                uip_udp_new
                0x0000000000015c15                uip_unlisten
                0x0000000000015c75                uip_listen
                0x0000000000015f37                uip_process
                0x0000000000017cc2                uip_htons
                0x0000000000017ce4                uip_htonl
                0x0000000000017d24                uip_send
 .text          0x0000000000017dce      0xbbc obj_cooja/mtype759.a(tcpip.o)
                0x0000000000017dce                tcpip_output
                0x0000000000017dfc                tcpip_set_outputfunc
                0x0000000000017e90                tcp_connect
                0x0000000000017ee5                tcp_unlisten
                0x0000000000017f53                tcp_listen
                0x0000000000017fbf                tcp_attach
                0x0000000000017fe4                udp_attach
                0x0000000000018009                udp_new
                0x000000000001805b                udp_broadcast_new
                0x0000000000018305                tcpip_input
                0x0000000000018339                tcpip_ipv6_output
                0x00000000000187a1                tcpip_poll_udp
                0x00000000000187c4                tcpip_poll_tcp
                0x00000000000187e7                tcpip_uipcall
 .text          0x000000000001898a      0x127 obj_cooja/mtype759.a(uip-debug.o)
                0x000000000001898a                uip_debug_ipaddr_print
                0x0000000000018a52                uip_debug_lladdr_print
 .text          0x0000000000018ab1      0x141 obj_cooja/mtype759.a(uip-packetqueue)
                0x0000000000018add                uip_packetqueue_new
                0x0000000000018aeb                uip_packetqueue_alloc
                0x0000000000018b4b                uip_packetqueue_free
                0x0000000000018b8c                uip_packetqueue_buf
                0x0000000000018ba9                uip_packetqueue_buflen
                0x0000000000018bca                uip_packetqueue_set_buflen
 .text          0x0000000000018bf2     0x227b obj_cooja/mtype759.a(rpl-dag.o)
                0x0000000000018bf2                rpl_print_neighbor_list
                0x0000000000018d9f                rpl_get_nbr
                0x0000000000018df9                rpl_dag_init
                0x0000000000018e16                rpl_get_parent
                0x0000000000018e38                rpl_get_parent_rank
                0x0000000000018e6b                rpl_get_parent_link_metric
                0x0000000000018e9e                rpl_get_parent_ipaddr
                0x00000000000191aa                rpl_set_root
                0x00000000000193d8                rpl_repair_root
                0x0000000000019614                rpl_set_prefix
                0x0000000000019713                rpl_set_default_route
                0x00000000000197b8                rpl_alloc_instance
                0x000000000001984b                rpl_alloc_dag
                0x00000000000198fc                rpl_set_default_instance
                0x0000000000019909                rpl_get_default_instance
                0x0000000000019913                rpl_free_instance
                0x00000000000199c2                rpl_free_dag
                0x0000000000019a28                rpl_add_parent
                0x0000000000019af0                rpl_find_parent
                0x0000000000019b4a                rpl_find_parent_any_dag
                0x0000000000019b88                rpl_select_dag
                0x0000000000019f26                rpl_select_parent
                0x0000000000019f88                rpl_remove_parent
                0x0000000000019faf                rpl_nullify_parent
                0x000000000001a04e                rpl_move_parent
                0x000000000001a0ec                rpl_get_any_dag
                0x000000000001a14e                rpl_get_instance
                0x000000000001a1b1                rpl_find_of
                0x000000000001a1ee                rpl_join_instance
                0x000000000001a47e                rpl_add_dag
                0x000000000001a84d                rpl_local_repair
                0x000000000001a8da                rpl_recalculate_ranks
                0x000000000001a963                rpl_process_parent_event
                0x000000000001a9e4                rpl_process_dio
                0x000000000001ae51                rpl_lock_parent
 .text          0x000000000001ae6d      0xb5f obj_cooja/mtype759.a(rpl-ext-header.)
                0x000000000001ae8a                rpl_verify_header
                0x000000000001b26f                rpl_update_header_empty
                0x000000000001b586                rpl_update_header_final
                0x000000000001b716                rpl_remove_header
                0x000000000001b820                rpl_invert_header
                0x000000000001b9aa                rpl_insert_header
 .text          0x000000000001b9cc     0x17dd obj_cooja/mtype759.a(rpl-icmp6.o)
                0x000000000001bc2d                dis_output
                0x000000000001c2e1                dio_output
                0x000000000001ce04                dao_output
                0x000000000001ce5d                dao_output_target
                0x000000000001d0fe                dao_ack_output
                0x000000000001d171                rpl_icmp6_register_handlers
 .text          0x000000000001d1a9      0x292 obj_cooja/mtype759.a(rpl-mrhof.o)
 .text          0x000000000001d43b      0x740 obj_cooja/mtype759.a(rpl-timers.o)
                0x000000000001d68b                rpl_reset_periodic_timer
                0x000000000001d6e0                rpl_reset_dio_timer
                0x000000000001d8fc                rpl_schedule_dao
                0x000000000001d917                rpl_schedule_dao_immediately
                0x000000000001d932                rpl_cancel_dao
                0x000000000001db23                rpl_schedule_probing
 .text          0x000000000001db7b      0x487 obj_cooja/mtype759.a(rpl.o)
                0x000000000001db7b                rpl_get_mode
                0x000000000001db85                rpl_set_mode
                0x000000000001dbec                rpl_purge_routes
                0x000000000001dce6                rpl_remove_routes
                0x000000000001dd2c                rpl_remove_routes_by_nexthop
                0x000000000001dd98                rpl_add_route
                0x000000000001de08                rpl_link_neighbor_callback
                0x000000000001df0d                rpl_ipv6_neighbor_callback
                0x000000000001df7c                rpl_init
 .text          0x000000000001e002       0x67 obj_cooja/mtype759.a(linkaddr.o)
                0x000000000001e002                linkaddr_copy
                0x000000000001e024                linkaddr_cmp
                0x000000000001e04e                linkaddr_set_node_addr
 .text          0x000000000001e069      0x6dc obj_cooja/mtype759.a(nbr-table.o)
                0x000000000001e448                nbr_table_register
                0x000000000001e490                nbr_table_head
                0x000000000001e4ec                nbr_table_next
                0x000000000001e553                nbr_table_add_lladdr
                0x000000000001e622                nbr_table_get_from_lladdr
                0x000000000001e66f                nbr_table_remove
                0x000000000001e6c1                nbr_table_lock
                0x000000000001e6eb                nbr_table_unlock
                0x000000000001e715                nbr_table_get_lladdr
 .text          0x000000000001e745       0x24 obj_cooja/mtype759.a(netstack.o)
                0x000000000001e745                netstack_init
 .text          0x000000000001e769      0x46c obj_cooja/mtype759.a(packetbuf.o)
                0x000000000001e769                packetbuf_clear
                0x000000000001e7a0                packetbuf_clear_hdr
                0x000000000001e7ac                packetbuf_copyfrom
                0x000000000001e7fe                packetbuf_compact
                0x000000000001e86a                packetbuf_copyto_hdr
                0x000000000001e8bd                packetbuf_copyto
                0x000000000001e98f                packetbuf_hdralloc
                0x000000000001e9d9                packetbuf_hdr_remove
                0x000000000001e9f1                packetbuf_hdrreduce
                0x000000000001ea39                packetbuf_set_datalen
                0x000000000001ea52                packetbuf_dataptr
                0x000000000001ea6b                packetbuf_hdrptr
                0x000000000001ea82                packetbuf_datalen
                0x000000000001ea8e                packetbuf_hdrlen
                0x000000000001eabc                packetbuf_totlen
                0x000000000001ead2                packetbuf_attr_clear
                0x000000000001eb28                packetbuf_attr_copyto
                0x000000000001eb71                packetbuf_attr_copyfrom
                0x000000000001ebb9                packetbuf_holds_broadcast
 .text          0x000000000001ebd5      0x2b4 obj_cooja/mtype759.a(queuebuf.o)
                0x000000000001ebdf                queuebuf_init
                0x000000000001ebff                queuebuf_numfree
                0x000000000001ec13                queuebuf_new_from_packetbuf
                0x000000000001eca3                queuebuf_update_attr_from_packetbuf
                0x000000000001ecd6                queuebuf_update_from_packetbuf
                0x000000000001ed20                queuebuf_free
                0x000000000001ed67                queuebuf_to_packetbuf
                0x000000000001edcd                queuebuf_dataptr
                0x000000000001ee04                queuebuf_datalen
                0x000000000001ee27                queuebuf_addr
                0x000000000001ee59                queuebuf_attr
                0x000000000001ee84                queuebuf_debug_print
 .text          0x000000000001ee89      0x734 obj_cooja/mtype759.a(csma.o)
 .text          0x000000000001f5bd      0x400 obj_cooja/mtype759.a(framer-802154.o)
 .text          0x000000000001f9bd       0x32 obj_cooja/mtype759.a(framer.o)
                0x000000000001f9bd                framer_canonical_create_and_secure
 .text          0x000000000001f9ef       0x3c obj_cooja/mtype759.a(mac.o)
                0x000000000001f9ef                mac_call_sent_callback
 .text          0x000000000001fa2b      0x41b obj_cooja/mtype759.a(nullrdc.o)
 .text          0x000000000001fe46       0x8a obj_cooja/mtype759.a(nullsec.o)
 .text          0x000000000001fed0       0x19 obj_cooja/mtype759.a(watchdog.o)
                0x000000000001fed0                watchdog_init
                0x000000000001fed5                watchdog_start
                0x000000000001feda                watchdog_periodic
                0x000000000001fedf                watchdog_stop
                0x000000000001fee4                watchdog_reboot
 .text          0x000000000001fee9        0x0 obj_cooja/mtype759.a(rimestats.o)
 .text          0x000000000001fee9       0xa3 obj_cooja/mtype759.a(stimer.o)
                0x000000000001fee9                stimer_set
                0x000000000001ff04                stimer_reset
                0x000000000001ff1b                stimer_restart
                0x000000000001ff2d                stimer_expired
                0x000000000001ff54                stimer_remaining
                0x000000000001ff78                stimer_elapsed
 .text          0x000000000001ff8c      0x1c1 obj_cooja/mtype759.a(memb.o)
                0x000000000001ff8c                memb_init
                0x000000000001ffea                memb_alloc
                0x000000000002004f                memb_free
                0x00000000000200ca                memb_inmemb
                0x0000000000020109                memb_numfree
 .text          0x000000000002014d      0xa8f obj_cooja/mtype759.a(uip-icmp6.o)
                0x00000000000201bb                uip_icmp6_input
                0x0000000000020211                uip_icmp6_register_input_handler
                0x00000000000204d9                uip_icmp6_error_output
                0x0000000000020802                uip_icmp6_send
                0x0000000000020b6f                uip_icmp6_echo_reply_callback_add
                0x0000000000020ba0                uip_icmp6_echo_reply_callback_rm
                0x0000000000020bbc                uip_icmp6_init
 .text          0x0000000000020bdc      0x59e obj_cooja/mtype759.a(frame802154.o)
                0x0000000000020ce1                frame802154_hdrlen
                0x0000000000020d29                frame802154_create
                0x0000000000020ee3                frame802154_parse
 .text          0x000000000002117a      0x181 obj_cooja/mtype759.a(mac-sequence.o)
                0x00000000000211b1                mac_sequence_is_duplicate
                0x0000000000021234                mac_sequence_register_seqno
 .text          0x00000000000212fb        0x0 /usr/lib/gcc/i686-linux-gnu/4.8/crtendS.o
 .text          0x00000000000212fb        0x0 /usr/lib/gcc/i686-linux-gnu/4.8/../../../i386-linux-gnu/crtn.o
 *(.gnu.warning)

.fini           0x00000000000212fc       0x14
 *(SORT(.fini))
 .fini          0x00000000000212fc        0xf /usr/lib/gcc/i686-linux-gnu/4.8/../../../i386-linux-gnu/crti.o
                0x00000000000212fc                _fini
 .fini          0x000000000002130b        0x5 /usr/lib/gcc/i686-linux-gnu/4.8/../../../i386-linux-gnu/crtn.o
                0x0000000000021310                PROVIDE (__etext, .)
                0x0000000000021310                PROVIDE (_etext, .)
                0x0000000000021310                PROVIDE (etext, .)

.rodata         0x0000000000021320      0x5a0
 *(.rodata .rodata.* .gnu.linkonce.r.*)
 .rodata        0x0000000000021320       0x39 temperatura.co
                0x0000000000021334                autostart_processes
 *fill*         0x0000000000021359        0x3 
 .rodata        0x000000000002135c      0x133 obj_cooja/mtype759.o
 *fill*         0x000000000002148f        0x1 
 .rodata        0x0000000000021490        0x8 obj_cooja/mtype759.a(beep.o)
                0x0000000000021490                beep_interface
 .rodata        0x0000000000021498       0x20 obj_cooja/mtype759.a(button-sensor.o)
                0x0000000000021498                button_interface
                0x00000000000214a8                button_sensor
 .rodata        0x00000000000214b8        0x8 obj_cooja/mtype759.a(leds-arch.o)
                0x00000000000214b8                leds_interface
 .rodata        0x00000000000214c0        0x8 obj_cooja/mtype759.a(moteid.o)
                0x00000000000214c0                moteid_interface
 .rodata        0x00000000000214c8       0x1c obj_cooja/mtype759.a(pir-sensor.o)
                0x00000000000214c8                pir_interface
                0x00000000000214d4                pir_sensor
 .rodata        0x00000000000214e4        0xe obj_cooja/mtype759.a(rs232.o)
                0x00000000000214e4                rs232_interface
 *fill*         0x00000000000214f2        0x2 
 .rodata        0x00000000000214f4       0x24 obj_cooja/mtype759.a(vib-sensor.o)
                0x00000000000214f4                vib_interface
                0x0000000000021508                vib_sensor
 .rodata        0x0000000000021518        0x8 obj_cooja/mtype759.a(clock.o)
                0x0000000000021518                clock_interface
 .rodata        0x0000000000021520        0x8 obj_cooja/mtype759.a(log.o)
                0x0000000000021520                simlog_interface
 .rodata        0x0000000000021528       0x2f obj_cooja/mtype759.a(cfs-cooja.o)
                0x0000000000021528                cfs_interface
 *fill*         0x0000000000021557        0x9 
 .rodata        0x0000000000021560       0x58 obj_cooja/mtype759.a(cooja-radio.o)
                0x0000000000021560                radio_interface
                0x0000000000021580                cooja_radio_driver
 .rodata        0x00000000000215b8        0x8 obj_cooja/mtype759.a(eeprom.o)
                0x00000000000215b8                eeprom_interface
 .rodata        0x00000000000215c0        0x8 obj_cooja/mtype759.a(sensors.o)
 .rodata        0x00000000000215c8        0xf obj_cooja/mtype759.a(ctimer.o)
 .rodata        0x00000000000215d7        0xc obj_cooja/mtype759.a(etimer.o)
 .rodata        0x00000000000215e3        0xe obj_cooja/mtype759.a(serial-line.o)
 *fill*         0x00000000000215f1        0x3 
 .rodata        0x00000000000215f4       0x2c obj_cooja/mtype759.a(sicslowpan.o)
                0x00000000000215f4                unc_llconf
                0x00000000000215f8                unc_ctxconf
                0x00000000000215fc                unc_mxconf
                0x0000000000021600                llprefix
                0x0000000000021614                sicslowpan_driver
 .rodata        0x0000000000021620      0x13c obj_cooja/mtype759.a(uip6.o)
 .rodata        0x000000000002175c       0x29 obj_cooja/mtype759.a(tcpip.o)
 .rodata        0x0000000000021785       0x2b obj_cooja/mtype759.a(uip-debug.o)
 .rodata        0x00000000000217b0       0x70 obj_cooja/mtype759.a(rpl-dag.o)
 .rodata        0x0000000000021820        0x8 obj_cooja/mtype759.a(linkaddr.o)
                0x0000000000021820                linkaddr_null
 .rodata        0x0000000000021828       0x24 obj_cooja/mtype759.a(csma.o)
                0x0000000000021830                csma_driver
 .rodata        0x000000000002184c       0x14 obj_cooja/mtype759.a(framer-802154.o)
                0x0000000000021850                framer_802154
 .rodata        0x0000000000021860       0x40 obj_cooja/mtype759.a(nullrdc.o)
                0x0000000000021880                nullrdc_driver
 .rodata        0x00000000000218a0       0x20 obj_cooja/mtype759.a(nullsec.o)
                0x00000000000218a8                nullsec_driver

.rodata1
 *(.rodata1)

.eh_frame_hdr   0x00000000000218c0     0x11fc
 *(.eh_frame_hdr)
 .eh_frame_hdr  0x00000000000218c0     0x11fc temperatura.co

.eh_frame       0x0000000000022abc     0x4914
 *(.eh_frame)
 .eh_frame      0x0000000000022abc       0x3c /usr/lib/gcc/i686-linux-gnu/4.8/../../../i386-linux-gnu/crti.o
                                         0x40 (size before relaxing)
 .eh_frame      0x0000000000022af8       0x20 temperatura.co
                                         0x38 (size before relaxing)
 .eh_frame      0x0000000000022b18      0x148 obj_cooja/mtype759.o
                                        0x160 (size before relaxing)
 .eh_frame      0x0000000000022c60       0x40 obj_cooja/mtype759.a(simEnvChange.o)
                                         0x58 (size before relaxing)
 .eh_frame      0x0000000000022ca0       0xc0 obj_cooja/mtype759.a(cooja_mt.o)
                                         0xd8 (size before relaxing)
 .eh_frame      0x0000000000022d60      0x120 obj_cooja/mtype759.a(cooja_mtarch.o)
                                        0x138 (size before relaxing)
 .eh_frame      0x0000000000022e80       0xc0 obj_cooja/mtype759.a(rtimer-arch.o)
                                         0xd8 (size before relaxing)
 .eh_frame      0x0000000000022f40      0x160 obj_cooja/mtype759.a(beep.o)
                                        0x178 (size before relaxing)
 .eh_frame      0x00000000000230a0       0xa0 obj_cooja/mtype759.a(button-sensor.o)
                                         0xb8 (size before relaxing)
 .eh_frame      0x0000000000023140       0xa0 obj_cooja/mtype759.a(leds-arch.o)
                                         0xb8 (size before relaxing)
 .eh_frame      0x00000000000231e0       0x40 obj_cooja/mtype759.a(moteid.o)
                                         0x58 (size before relaxing)
 .eh_frame      0x0000000000023220       0xa0 obj_cooja/mtype759.a(pir-sensor.o)
                                         0xb8 (size before relaxing)
 .eh_frame      0x00000000000232c0      0x100 obj_cooja/mtype759.a(rs232.o)
                                        0x118 (size before relaxing)
 .eh_frame      0x00000000000233c0       0xa0 obj_cooja/mtype759.a(vib-sensor.o)
                                         0xb8 (size before relaxing)
 .eh_frame      0x0000000000023460       0xc0 obj_cooja/mtype759.a(clock.o)
                                         0xd8 (size before relaxing)
 .eh_frame      0x0000000000023520      0x120 obj_cooja/mtype759.a(log.o)
                                        0x138 (size before relaxing)
 .eh_frame      0x0000000000023640      0x160 obj_cooja/mtype759.a(cfs-cooja.o)
                                        0x178 (size before relaxing)
 .eh_frame      0x00000000000237a0      0x2e0 obj_cooja/mtype759.a(cooja-radio.o)
                                        0x2f8 (size before relaxing)
 .eh_frame      0x0000000000023a80       0xa0 obj_cooja/mtype759.a(eeprom.o)
                                         0xb8 (size before relaxing)
 .eh_frame      0x0000000000023b20       0x40 obj_cooja/mtype759.a(random.o)
                                         0x58 (size before relaxing)
 .eh_frame      0x0000000000023b60       0xc0 obj_cooja/mtype759.a(sensors.o)
                                         0xd8 (size before relaxing)
 .eh_frame      0x0000000000023c20      0x100 obj_cooja/mtype759.a(leds.o)
                                        0x118 (size before relaxing)
 .eh_frame      0x0000000000023d20       0x40 obj_cooja/mtype759.a(autostart.o)
                                         0x58 (size before relaxing)
 .eh_frame      0x0000000000023d60       0xe0 obj_cooja/mtype759.a(ctimer.o)
                                         0xf8 (size before relaxing)
 .eh_frame      0x0000000000023e40      0x1c0 obj_cooja/mtype759.a(etimer.o)
                                        0x1d8 (size before relaxing)
 .eh_frame      0x0000000000024000      0x1c8 obj_cooja/mtype759.a(process.o)
                                        0x1e0 (size before relaxing)
 .eh_frame      0x00000000000241c8       0x60 obj_cooja/mtype759.a(rtimer.o)
                                         0x78 (size before relaxing)
 .eh_frame      0x0000000000024228       0xa4 obj_cooja/mtype759.a(timer.o)
                                         0xbc (size before relaxing)
 .eh_frame      0x00000000000242cc       0x60 obj_cooja/mtype759.a(serial-line.o)
                                         0x78 (size before relaxing)
 .eh_frame      0x000000000002432c      0x180 obj_cooja/mtype759.a(list.o)
                                        0x198 (size before relaxing)
 .eh_frame      0x00000000000244ac       0xa0 obj_cooja/mtype759.a(ringbuf.o)
                                         0xb8 (size before relaxing)
 .eh_frame      0x000000000002454c      0x2a4 obj_cooja/mtype759.a(sicslowpan.o)
                                        0x2bc (size before relaxing)
 .eh_frame      0x00000000000247f0      0x1c0 obj_cooja/mtype759.a(uip-ds6-nbr.o)
                                        0x1d8 (size before relaxing)
 .eh_frame      0x00000000000249b0      0x280 obj_cooja/mtype759.a(uip-ds6-route.o)
                                        0x298 (size before relaxing)
 .eh_frame      0x0000000000024c30      0x2c8 obj_cooja/mtype759.a(uip-ds6.o)
                                        0x2e0 (size before relaxing)
 .eh_frame      0x0000000000024ef8       0xb8 obj_cooja/mtype759.a(uip-nd6.o)
                                         0xd0 (size before relaxing)
 .eh_frame      0x0000000000024fb0      0x27c obj_cooja/mtype759.a(uip6.o)
                                        0x294 (size before relaxing)
 .eh_frame      0x000000000002522c      0x270 obj_cooja/mtype759.a(tcpip.o)
                                        0x288 (size before relaxing)
 .eh_frame      0x000000000002549c       0x40 obj_cooja/mtype759.a(uip-debug.o)
                                         0x58 (size before relaxing)
 .eh_frame      0x00000000000254dc       0xe0 obj_cooja/mtype759.a(uip-packetqueue)
                                         0xf8 (size before relaxing)
 .eh_frame      0x00000000000255bc      0x63c obj_cooja/mtype759.a(rpl-dag.o)
                                        0x654 (size before relaxing)
 .eh_frame      0x0000000000025bf8      0x10c obj_cooja/mtype759.a(rpl-ext-header.)
                                        0x124 (size before relaxing)
 .eh_frame      0x0000000000025d04      0x218 obj_cooja/mtype759.a(rpl-icmp6.o)
                                        0x230 (size before relaxing)
 .eh_frame      0x0000000000025f1c       0xe0 obj_cooja/mtype759.a(rpl-mrhof.o)
                                         0xf8 (size before relaxing)
 .eh_frame      0x0000000000025ffc      0x1cc obj_cooja/mtype759.a(rpl-timers.o)
                                        0x1e4 (size before relaxing)
 .eh_frame      0x00000000000261c8      0x120 obj_cooja/mtype759.a(rpl.o)
                                        0x138 (size before relaxing)
 .eh_frame      0x00000000000262e8       0x60 obj_cooja/mtype759.a(linkaddr.o)
                                         0x78 (size before relaxing)
 .eh_frame      0x0000000000026348      0x26c obj_cooja/mtype759.a(nbr-table.o)
                                        0x284 (size before relaxing)
 .eh_frame      0x00000000000265b4       0x20 obj_cooja/mtype759.a(netstack.o)
                                         0x38 (size before relaxing)
 .eh_frame      0x00000000000265d4      0x26c obj_cooja/mtype759.a(packetbuf.o)
                                        0x284 (size before relaxing)
 .eh_frame      0x0000000000026840      0x1a0 obj_cooja/mtype759.a(queuebuf.o)
                                        0x1b8 (size before relaxing)
 .eh_frame      0x00000000000269e0      0x1c8 obj_cooja/mtype759.a(csma.o)
                                        0x1e0 (size before relaxing)
 .eh_frame      0x0000000000026ba8      0x128 obj_cooja/mtype759.a(framer-802154.o)
                                        0x140 (size before relaxing)
 .eh_frame      0x0000000000026cd0       0x20 obj_cooja/mtype759.a(framer.o)
                                         0x38 (size before relaxing)
 .eh_frame      0x0000000000026cf0       0x20 obj_cooja/mtype759.a(mac.o)
                                         0x38 (size before relaxing)
 .eh_frame      0x0000000000026d10      0x16c obj_cooja/mtype759.a(nullrdc.o)
                                        0x184 (size before relaxing)
 .eh_frame      0x0000000000026e7c       0xc0 obj_cooja/mtype759.a(nullsec.o)
                                         0xd8 (size before relaxing)
 .eh_frame      0x0000000000026f3c       0xa0 obj_cooja/mtype759.a(watchdog.o)
                                         0xb8 (size before relaxing)
 .eh_frame      0x0000000000026fdc       0xc4 obj_cooja/mtype759.a(stimer.o)
                                         0xdc (size before relaxing)
 .eh_frame      0x00000000000270a0       0xa0 obj_cooja/mtype759.a(memb.o)
                                         0xb8 (size before relaxing)
 .eh_frame      0x0000000000027140      0x164 obj_cooja/mtype759.a(uip-icmp6.o)
                                        0x17c (size before relaxing)
 .eh_frame      0x00000000000272a4       0xa0 obj_cooja/mtype759.a(frame802154.o)
                                         0xb8 (size before relaxing)
 .eh_frame      0x0000000000027344       0x88 obj_cooja/mtype759.a(mac-sequence.o)
                                         0xa0 (size before relaxing)
 .eh_frame      0x00000000000273cc        0x4 /usr/lib/gcc/i686-linux-gnu/4.8/crtendS.o

.gcc_except_table
 *(.gcc_except_table .gcc_except_table.*)

.exception_ranges
 *(.exception_ranges .exception_ranges*)
                0x00000000000273d0                . = (ALIGN (0x1000) - ((0x1000 - .) & 0xfff))
                0x0000000000028ef8                . = DATA_SEGMENT_ALIGN (0x1000, 0x1000)

.eh_frame
 *(.eh_frame)

.gcc_except_table
 *(.gcc_except_table .gcc_except_table.*)

.exception_ranges
 *(.exception_ranges .exception_ranges*)

.tdata
 *(.tdata .tdata.* .gnu.linkonce.td.*)

.tbss
 *(.tbss .tbss.* .gnu.linkonce.tb.*)
 *(.tcommon)

.preinit_array
 *(.preinit_array)

.init_array     0x0000000000028ef8        0x4
 *(SORT(.init_array.*) SORT(.ctors.*))
 *(.init_array EXCLUDE_FILE(*crtend?.o *crtend.o *crtbegin?.o *crtbegin.o) .ctors)
 .init_array    0x0000000000028ef8        0x4 /usr/lib/gcc/i686-linux-gnu/4.8/crtbeginS.o

.fini_array     0x0000000000028efc        0x4
 *(SORT(.fini_array.*) SORT(.dtors.*))
 *(.fini_array EXCLUDE_FILE(*crtend?.o *crtend.o *crtbegin?.o *crtbegin.o) .dtors)
 .fini_array    0x0000000000028efc        0x4 /usr/lib/gcc/i686-linux-gnu/4.8/crtbeginS.o

.ctors
 *crtbegin.o(.ctors)
 *crtbegin?.o(.ctors)
 *(EXCLUDE_FILE(*crtend?.o *crtend.o) .ctors)
 *(SORT(.ctors.*))
 *(.ctors)

.dtors
 *crtbegin.o(.dtors)
 *crtbegin?.o(.dtors)
 *(EXCLUDE_FILE(*crtend?.o *crtend.o) .dtors)
 *(SORT(.dtors.*))
 *(.dtors)

.jcr            0x0000000000028f00        0x4
 *(.jcr)
 .jcr           0x0000000000028f00        0x0 /usr/lib/gcc/i686-linux-gnu/4.8/crtbeginS.o
 .jcr           0x0000000000028f00        0x4 /usr/lib/gcc/i686-linux-gnu/4.8/crtendS.o

.data.rel.ro
 *(.data.rel.ro.local* .gnu.linkonce.d.rel.ro.local.*)
 *(.data.rel.ro .data.rel.ro.* .gnu.linkonce.d.rel.ro.*)

.dynamic        0x0000000000028f04       0xe8
 *(.dynamic)
 .dynamic       0x0000000000028f04       0xe8 /usr/lib/gcc/i686-linux-gnu/4.8/../../../i386-linux-gnu/crti.o
                0x0000000000028f04                _DYNAMIC

.got            0x0000000000028fec       0x14
 *(.got)
 .got           0x0000000000028fec       0x14 /usr/lib/gcc/i686-linux-gnu/4.8/../../../i386-linux-gnu/crti.o
 *(.igot)
                0x0000000000029ff4                . = DATA_SEGMENT_RELRO_END (., (SIZEOF (.got.plt) >= 0xc)?0xc:0x0)

.got.plt        0x0000000000029000       0x14
 *(.got.plt)
 .got.plt       0x0000000000029000       0x14 /usr/lib/gcc/i686-linux-gnu/4.8/../../../i386-linux-gnu/crti.o
                0x0000000000029000                _GLOBAL_OFFSET_TABLE_
 *(.igot.plt)

.data           0x0000000000029020      0x234
 *(.data .data.* .gnu.linkonce.d.*)
 .data          0x0000000000029020        0x0 /usr/lib/gcc/i686-linux-gnu/4.8/../../../i386-linux-gnu/crti.o
 .data          0x0000000000029020        0x0 /usr/lib/gcc/i686-linux-gnu/4.8/crtbeginS.o
 .data.rel      0x0000000000029020        0x4 /usr/lib/gcc/i686-linux-gnu/4.8/crtbeginS.o
                0x0000000000029020                __dso_handle
 .data          0x0000000000029024       0x14 temperatura.co
                0x0000000000029024                test_temperature_process
 *fill*         0x0000000000029038        0x8 
 .data          0x0000000000029040       0x44 obj_cooja/mtype759.o
                0x0000000000029040                simInterfaces
                0x0000000000029074                sensors
 .data          0x0000000000029084        0x0 obj_cooja/mtype759.a(simEnvChange.o)
 .data          0x0000000000029084        0x0 obj_cooja/mtype759.a(cooja_mt.o)
 .data          0x0000000000029084        0x0 obj_cooja/mtype759.a(cooja_mtarch.o)
 .data          0x0000000000029084        0x0 obj_cooja/mtype759.a(rtimer-arch.o)
 .data          0x0000000000029084        0x0 obj_cooja/mtype759.a(beep.o)
 .data          0x0000000000029084        0x0 obj_cooja/mtype759.a(button-sensor.o)
 .data          0x0000000000029084        0x0 obj_cooja/mtype759.a(leds-arch.o)
 .data          0x0000000000029084        0x0 obj_cooja/mtype759.a(moteid.o)
 .data          0x0000000000029084        0x0 obj_cooja/mtype759.a(pir-sensor.o)
 .data          0x0000000000029084        0x0 obj_cooja/mtype759.a(rs232.o)
 .data          0x0000000000029084        0x0 obj_cooja/mtype759.a(vib-sensor.o)
 .data          0x0000000000029084        0x0 obj_cooja/mtype759.a(clock.o)
 .data          0x0000000000029084        0x0 obj_cooja/mtype759.a(log.o)
 .data          0x0000000000029084        0x0 obj_cooja/mtype759.a(cfs-cooja.o)
 .data          0x0000000000029084       0x28 obj_cooja/mtype759.a(cooja-radio.o)
                0x0000000000029084                simRadioHWOn
                0x0000000000029088                simSignalStrength
                0x000000000002908c                simLastSignalStrength
                0x0000000000029090                simPower
                0x0000000000029094                simRadioChannel
                0x0000000000029098                simLQI
                0x000000000002909c                cooja_radio_process
 .data          0x00000000000290ac        0x0 obj_cooja/mtype759.a(eeprom.o)
 .data          0x00000000000290ac        0x0 obj_cooja/mtype759.a(random.o)
 .data          0x00000000000290ac       0x10 obj_cooja/mtype759.a(sensors.o)
                0x00000000000290ac                sensors_process
 .data          0x00000000000290bc        0x0 obj_cooja/mtype759.a(leds.o)
 .data          0x00000000000290bc        0x0 obj_cooja/mtype759.a(autostart.o)
 .data          0x00000000000290bc       0x14 obj_cooja/mtype759.a(ctimer.o)
                0x00000000000290c0                ctimer_process
 .data          0x00000000000290d0       0x10 obj_cooja/mtype759.a(etimer.o)
                0x00000000000290d0                etimer_process
 .data          0x00000000000290e0        0x0 obj_cooja/mtype759.a(process.o)
 .data          0x00000000000290e0        0x0 obj_cooja/mtype759.a(rtimer.o)
 .data          0x00000000000290e0        0x0 obj_cooja/mtype759.a(timer.o)
 .data          0x00000000000290e0       0x10 obj_cooja/mtype759.a(serial-line.o)
                0x00000000000290e0                serial_line_process
 .data          0x00000000000290f0        0x0 obj_cooja/mtype759.a(list.o)
 .data          0x00000000000290f0        0x0 obj_cooja/mtype759.a(ringbuf.o)
 .data          0x00000000000290f0        0x0 obj_cooja/mtype759.a(sicslowpan.o)
 .data          0x00000000000290f0       0x14 obj_cooja/mtype759.a(uip-ds6-nbr.o)
                0x0000000000029100                ds6_neighbors
 .data          0x0000000000029104       0x44 obj_cooja/mtype759.a(uip-ds6-route.o)
 .data          0x0000000000029148        0x0 obj_cooja/mtype759.a(uip-ds6.o)
 .data          0x0000000000029148       0x18 obj_cooja/mtype759.a(uip-nd6.o)
 .data          0x0000000000029160        0x0 obj_cooja/mtype759.a(uip6.o)
 .data          0x0000000000029160       0x10 obj_cooja/mtype759.a(tcpip.o)
                0x0000000000029160                tcpip_process
 .data          0x0000000000029170        0x0 obj_cooja/mtype759.a(uip-debug.o)
 .data          0x0000000000029170        0xc obj_cooja/mtype759.a(uip-packetqueue)
 .data          0x000000000002917c       0x14 obj_cooja/mtype759.a(rpl-dag.o)
                0x000000000002918c                rpl_parents
 .data          0x0000000000029190        0x0 obj_cooja/mtype759.a(rpl-ext-header.)
 .data          0x0000000000029190       0x34 obj_cooja/mtype759.a(rpl-icmp6.o)
 .data          0x00000000000291c4       0x1c obj_cooja/mtype759.a(rpl-mrhof.o)
                0x00000000000291c4                rpl_mrhof
 .data          0x00000000000291e0        0x0 obj_cooja/mtype759.a(rpl-timers.o)
 .data          0x00000000000291e0        0x0 obj_cooja/mtype759.a(rpl.o)
 .data          0x00000000000291e0        0x0 obj_cooja/mtype759.a(linkaddr.o)
 .data          0x00000000000291e0       0x10 obj_cooja/mtype759.a(nbr-table.o)
 .data          0x00000000000291f0        0x0 obj_cooja/mtype759.a(netstack.o)
 .data          0x00000000000291f0        0x4 obj_cooja/mtype759.a(packetbuf.o)
 .data          0x00000000000291f4       0x18 obj_cooja/mtype759.a(queuebuf.o)
 .data          0x000000000002920c       0x28 obj_cooja/mtype759.a(csma.o)
 .data          0x0000000000029234        0x0 obj_cooja/mtype759.a(framer-802154.o)
 .data          0x0000000000029234        0x0 obj_cooja/mtype759.a(framer.o)
 .data          0x0000000000029234        0x0 obj_cooja/mtype759.a(mac.o)
 .data          0x0000000000029234        0x0 obj_cooja/mtype759.a(nullrdc.o)
 .data          0x0000000000029234        0x0 obj_cooja/mtype759.a(nullsec.o)
 .data          0x0000000000029234        0x0 obj_cooja/mtype759.a(watchdog.o)
 .data          0x0000000000029234        0x0 obj_cooja/mtype759.a(rimestats.o)
 .data          0x0000000000029234        0x0 obj_cooja/mtype759.a(stimer.o)
 .data          0x0000000000029234        0x0 obj_cooja/mtype759.a(memb.o)
 .data          0x0000000000029234       0x20 obj_cooja/mtype759.a(uip-icmp6.o)
 .data          0x0000000000029254        0x0 obj_cooja/mtype759.a(frame802154.o)
 .data          0x0000000000029254        0x0 obj_cooja/mtype759.a(mac-sequence.o)
 .data          0x0000000000029254        0x0 /usr/lib/gcc/i686-linux-gnu/4.8/crtendS.o
 .data          0x0000000000029254        0x0 /usr/lib/gcc/i686-linux-gnu/4.8/../../../i386-linux-gnu/crtn.o

.tm_clone_table
                0x0000000000029254        0x0
 .tm_clone_table
                0x0000000000029254        0x0 /usr/lib/gcc/i686-linux-gnu/4.8/crtbeginS.o
 .tm_clone_table
                0x0000000000029254        0x0 /usr/lib/gcc/i686-linux-gnu/4.8/crtendS.o

.data1
 *(.data1)
                0x0000000000029254                _edata = .
                0x0000000000029254                PROVIDE (edata, .)
                0x0000000000029254                . = .
                0x0000000000029254                __bss_start = .

.bss            0x0000000000029260    0x117c8
 *(.dynbss)
 .dynbss        0x0000000000000000        0x0 /usr/lib/gcc/i686-linux-gnu/4.8/../../../i386-linux-gnu/crti.o
 *(.bss .bss.* .gnu.linkonce.b.*)
 .bss           0x0000000000029260        0x0 /usr/lib/gcc/i686-linux-gnu/4.8/../../../i386-linux-gnu/crti.o
 .bss           0x0000000000029260        0x1 /usr/lib/gcc/i686-linux-gnu/4.8/crtbeginS.o
 .bss           0x0000000000029261        0x0 temperatura.co
 *fill*         0x0000000000029261       0x1f 
 .bss           0x0000000000029280     0x2030 obj_cooja/mtype759.o
 .bss           0x000000000002b2b0        0x1 obj_cooja/mtype759.a(simEnvChange.o)
                0x000000000002b2b0                simDontFallAsleep
 *fill*         0x000000000002b2b1        0x3 
 .bss           0x000000000002b2b4        0x4 obj_cooja/mtype759.a(cooja_mt.o)
 .bss           0x000000000002b2b8        0x4 obj_cooja/mtype759.a(cooja_mtarch.o)
 .bss           0x000000000002b2bc        0xc obj_cooja/mtype759.a(rtimer-arch.o)
 .bss           0x000000000002b2c8        0x0 obj_cooja/mtype759.a(beep.o)
 .bss           0x000000000002b2c8        0x8 obj_cooja/mtype759.a(button-sensor.o)
 .bss           0x000000000002b2d0        0x0 obj_cooja/mtype759.a(leds-arch.o)
 .bss           0x000000000002b2d0        0x0 obj_cooja/mtype759.a(moteid.o)
 .bss           0x000000000002b2d0        0x1 obj_cooja/mtype759.a(pir-sensor.o)
                0x000000000002b2d0                simPirValue
 *fill*         0x000000000002b2d1        0x3 
 .bss           0x000000000002b2d4        0x4 obj_cooja/mtype759.a(rs232.o)
 .bss           0x000000000002b2d8        0x1 obj_cooja/mtype759.a(vib-sensor.o)
                0x000000000002b2d8                simVibValue
 .bss           0x000000000002b2d9        0x0 obj_cooja/mtype759.a(clock.o)
 *fill*         0x000000000002b2d9        0x7 
 .bss           0x000000000002b2e0      0x420 obj_cooja/mtype759.a(log.o)
 .bss           0x000000000002b700      0xfbc obj_cooja/mtype759.a(cfs-cooja.o)
                0x000000000002b700                simCFSData
                0x000000000002c6a0                simCFSChanged
                0x000000000002c6a4                simCFSRead
                0x000000000002c6a8                simCFSWritten
 .bss           0x000000000002c6bc       0x10 obj_cooja/mtype759.a(cooja-radio.o)
                0x000000000002c6bc                simReceiving
                0x000000000002c6c0                simInSize
                0x000000000002c6c4                simOutSize
 .bss           0x000000000002c6cc        0xc obj_cooja/mtype759.a(eeprom.o)
                0x000000000002c6cc                simEEPROMChanged
                0x000000000002c6d0                simEEPROMRead
                0x000000000002c6d4                simEEPROMWritten
 .bss           0x000000000002c6d8        0x0 obj_cooja/mtype759.a(random.o)
 .bss           0x000000000002c6d8        0xc obj_cooja/mtype759.a(sensors.o)
 .bss           0x000000000002c6e4        0x1 obj_cooja/mtype759.a(leds.o)
 .bss           0x000000000002c6e5        0x0 obj_cooja/mtype759.a(autostart.o)
 *fill*         0x000000000002c6e5        0x3 
 .bss           0x000000000002c6e8        0x5 obj_cooja/mtype759.a(ctimer.o)
 *fill*         0x000000000002c6ed        0x3 
 .bss           0x000000000002c6f0        0x8 obj_cooja/mtype759.a(etimer.o)
 *fill*         0x000000000002c6f8        0x8 
 .bss           0x000000000002c700      0x1b1 obj_cooja/mtype759.a(process.o)
                0x000000000002c700                process_list
                0x000000000002c704                process_current
 *fill*         0x000000000002c8b1        0x3 
 .bss           0x000000000002c8b4        0x4 obj_cooja/mtype759.a(rtimer.o)
 .bss           0x000000000002c8b8        0x0 obj_cooja/mtype759.a(timer.o)
 *fill*         0x000000000002c8b8        0x8 
 .bss           0x000000000002c8c0      0x140 obj_cooja/mtype759.a(serial-line.o)
 .bss           0x000000000002ca00        0x0 obj_cooja/mtype759.a(list.o)
 .bss           0x000000000002ca00        0x0 obj_cooja/mtype759.a(ringbuf.o)
 .bss           0x000000000002ca00      0x694 obj_cooja/mtype759.a(sicslowpan.o)
 *fill*         0x000000000002d094        0xc 
 .bss           0x000000000002d0a0     0x3390 obj_cooja/mtype759.a(uip-ds6-nbr.o)
 *fill*         0x0000000000030430       0x10 
 .bss           0x0000000000030440     0x44a8 obj_cooja/mtype759.a(uip-ds6-route.o)
 .bss           0x00000000000348e8       0x20 obj_cooja/mtype759.a(uip-ds6.o)
 .bss           0x0000000000034908       0x14 obj_cooja/mtype759.a(uip-nd6.o)
 .bss           0x000000000003491c        0xe obj_cooja/mtype759.a(uip6.o)
                0x000000000003491c                uip_ext_bitmap
                0x000000000003491d                uip_ext_len
                0x000000000003491e                uip_ext_opt_offset
 *fill*         0x000000000003492a       0x16 
 .bss           0x0000000000034940       0x6f obj_cooja/mtype759.a(tcpip.o)
 .bss           0x00000000000349af        0x0 obj_cooja/mtype759.a(uip-debug.o)
 *fill*         0x00000000000349af       0x11 
 .bss           0x00000000000349c0      0xcf8 obj_cooja/mtype759.a(uip-packetqueue)
 *fill*         0x00000000000356b8        0x8 
 .bss           0x00000000000356c0     0x1770 obj_cooja/mtype759.a(rpl-dag.o)
 .bss           0x0000000000036e30        0x0 obj_cooja/mtype759.a(rpl-ext-header.)
 .bss           0x0000000000036e30        0x0 obj_cooja/mtype759.a(rpl-icmp6.o)
 .bss           0x0000000000036e30        0x0 obj_cooja/mtype759.a(rpl-mrhof.o)
 *fill*         0x0000000000036e30       0x10 
 .bss           0x0000000000036e40       0x23 obj_cooja/mtype759.a(rpl-timers.o)
 *fill*         0x0000000000036e63        0x1 
 .bss           0x0000000000036e64        0x4 obj_cooja/mtype759.a(rpl.o)
 .bss           0x0000000000036e68        0x0 obj_cooja/mtype759.a(linkaddr.o)
 *fill*         0x0000000000036e68       0x18 
 .bss           0x0000000000036e80     0x1214 obj_cooja/mtype759.a(nbr-table.o)
 .bss           0x0000000000038094        0x0 obj_cooja/mtype759.a(netstack.o)
 *fill*         0x0000000000038094        0xc 
 .bss           0x00000000000380a0       0xd4 obj_cooja/mtype759.a(packetbuf.o)
 *fill*         0x0000000000038174        0xc 
 .bss           0x0000000000038180      0xb80 obj_cooja/mtype759.a(queuebuf.o)
 .bss           0x0000000000038d00      0x248 obj_cooja/mtype759.a(csma.o)
 .bss           0x0000000000038f48        0x2 obj_cooja/mtype759.a(framer-802154.o)
 .bss           0x0000000000038f4a        0x0 obj_cooja/mtype759.a(framer.o)
 .bss           0x0000000000038f4a        0x0 obj_cooja/mtype759.a(mac.o)
 .bss           0x0000000000038f4a        0x0 obj_cooja/mtype759.a(nullrdc.o)
 .bss           0x0000000000038f4a        0x0 obj_cooja/mtype759.a(nullsec.o)
 .bss           0x0000000000038f4a        0x0 obj_cooja/mtype759.a(watchdog.o)
 .bss           0x0000000000038f4a        0x0 obj_cooja/mtype759.a(rimestats.o)
 .bss           0x0000000000038f4a        0x0 obj_cooja/mtype759.a(stimer.o)
 .bss           0x0000000000038f4a        0x0 obj_cooja/mtype759.a(memb.o)
 *fill*         0x0000000000038f4a        0x2 
 .bss           0x0000000000038f4c       0x18 obj_cooja/mtype759.a(uip-icmp6.o)
 .bss           0x0000000000038f64        0x0 obj_cooja/mtype759.a(frame802154.o)
 *fill*         0x0000000000038f64       0x1c 
 .bss           0x0000000000038f80       0x90 obj_cooja/mtype759.a(mac-sequence.o)
 .bss           0x0000000000039010        0x0 /usr/lib/gcc/i686-linux-gnu/4.8/crtendS.o
 .bss           0x0000000000039010        0x0 /usr/lib/gcc/i686-linux-gnu/4.8/../../../i386-linux-gnu/crtn.o
 *(COMMON)
 COMMON         0x0000000000039010        0x8 obj_cooja/mtype759.o
                0x0000000000039010                referenceVar
                0x0000000000039014                sensors_flags
 COMMON         0x0000000000039018        0xc obj_cooja/mtype759.a(simEnvChange.o)
                0x0000000000039018                simEtimerPending
                0x000000000003901c                simProcessRunValue
                0x0000000000039020                simNextExpirationTime
 COMMON         0x0000000000039024        0x1 obj_cooja/mtype759.a(beep.o)
                0x0000000000039024                simBeeped
 COMMON         0x0000000000039025        0x3 obj_cooja/mtype759.a(button-sensor.o)
                0x0000000000039025                simButtonIsActive
                0x0000000000039026                simButtonIsDown
                0x0000000000039027                simButtonChanged
 COMMON         0x0000000000039028        0x1 obj_cooja/mtype759.a(leds-arch.o)
                0x0000000000039028                simLedsValue
 *fill*         0x0000000000039029        0x3 
 COMMON         0x000000000003902c        0xc obj_cooja/mtype759.a(moteid.o)
                0x000000000003902c                simRandomSeed
                0x0000000000039030                simMoteIDChanged
                0x0000000000039034                simMoteID
 COMMON         0x0000000000039038        0x2 obj_cooja/mtype759.a(pir-sensor.o)
                0x0000000000039038                simPirIsActive
                0x0000000000039039                simPirChanged
 *fill*         0x000000000003903a        0x6 
 COMMON         0x0000000000039040      0x420 obj_cooja/mtype759.a(rs232.o)
                0x0000000000039040                simSerialReceivingFlag
                0x0000000000039044                simSerialReceivingLength
                0x0000000000039060                simSerialReceivingData
 COMMON         0x0000000000039460        0x2 obj_cooja/mtype759.a(vib-sensor.o)
                0x0000000000039460                simVibChanged
                0x0000000000039461                simVibIsActive
 *fill*         0x0000000000039462        0x2 
 COMMON         0x0000000000039464        0x4 obj_cooja/mtype759.a(clock.o)
                0x0000000000039464                simCurrentTime
 *fill*         0x0000000000039468       0x18 
 COMMON         0x0000000000039480      0x420 obj_cooja/mtype759.a(log.o)
                0x0000000000039480                simLoggedLength
                0x0000000000039484                simLoggedFlag
                0x00000000000394a0                simLoggedData
 COMMON         0x00000000000398a0      0x100 obj_cooja/mtype759.a(cooja-radio.o)
                0x00000000000398a0                simOutDataBuffer
                0x0000000000039920                simInDataBuffer
 COMMON         0x00000000000399a0      0x400 obj_cooja/mtype759.a(eeprom.o)
                0x00000000000399a0                simEEPROMData
 COMMON         0x0000000000039da0        0x1 obj_cooja/mtype759.a(sensors.o)
                0x0000000000039da0                sensors_event
 COMMON         0x0000000000039da1        0x1 obj_cooja/mtype759.a(serial-line.o)
                0x0000000000039da1                serial_line_event_message
 COMMON         0x0000000000039da2        0x8 obj_cooja/mtype759.a(sicslowpan.o)
                0x0000000000039da2                frag_sender
 *fill*         0x0000000000039daa       0x16 
 COMMON         0x0000000000039dc0      0x181 obj_cooja/mtype759.a(uip-ds6.o)
                0x0000000000039dc0                uip_ds6_prefix_list
                0x0000000000039e20                uip_ds6_timer_periodic
                0x0000000000039e30                uip_ds6_netif_addr_list_offset
                0x0000000000039e40                uip_ds6_if
                0x0000000000039f38                uip_ds6_timer_ra
                0x0000000000039f40                uip_ds6_addr_size
 *fill*         0x0000000000039f41       0x1f 
 COMMON         0x0000000000039f60      0x8ec obj_cooja/mtype759.a(uip6.o)
                0x0000000000039f60                uip_slen
                0x0000000000039f62                uip_acc32
                0x0000000000039f80                uip_conns
                0x000000000003a040                uip_lladdr
                0x000000000003a048                uip_appdata
                0x000000000003a04c                uip_flags
                0x000000000003a060                uip_aligned_buf
                0x000000000003a6a0                uip_listenports
                0x000000000003a6b0                uip_len
                0x000000000003a6b4                uip_sappdata
                0x000000000003a6c0                uip_udp_conns
                0x000000000003a840                uip_udp_conn
                0x000000000003a844                uip_next_hdr
                0x000000000003a848                uip_conn
 COMMON         0x000000000003a84c        0x1 obj_cooja/mtype759.a(tcpip.o)
                0x000000000003a84c                tcpip_event
 *fill*         0x000000000003a84d       0x13 
 COMMON         0x000000000003a860      0x144 obj_cooja/mtype759.a(rpl-dag.o)
                0x000000000003a860                default_instance
                0x000000000003a880                instance_table
 COMMON         0x000000000003a9a4        0x8 obj_cooja/mtype759.a(linkaddr.o)
                0x000000000003a9a4                linkaddr_node_addr
 COMMON         0x000000000003a9ac       0x2e obj_cooja/mtype759.a(packetbuf.o)
                0x000000000003a9ac                packetbuf_attrs
                0x000000000003a9ca                packetbuf_addrs
 *fill*         0x000000000003a9da        0x6 
 COMMON         0x000000000003a9e0       0x48 obj_cooja/mtype759.a(rimestats.o)
                0x000000000003a9e0                rimestats
                0x000000000003aa28                . = ALIGN ((. != 0x0)?0x4:0x1)
                0x000000000003aa28                . = ALIGN (0x4)
                0x000000000003aa28                . = SEGMENT_START ("ldata-segment", .)
                0x000000000003aa28                . = ALIGN (0x4)
                0x000000000003aa28                _end = .
                0x000000000003aa28                PROVIDE (end, .)
                0x000000000003aa28                . = DATA_SEGMENT_END (.)

.stab
 *(.stab)

.stabstr
 *(.stabstr)

.stab.excl
 *(.stab.excl)

.stab.exclstr
 *(.stab.exclstr)

.stab.index
 *(.stab.index)

.stab.indexstr
 *(.stab.indexstr)

.comment        0x0000000000000000       0x29
 *(.comment)
 .comment       0x0000000000000000       0x29 /usr/lib/gcc/i686-linux-gnu/4.8/crtbeginS.o
                                         0x2a (size before relaxing)
 .comment       0x0000000000000000       0x2a temperatura.co
 .comment       0x0000000000000000       0x2a obj_cooja/mtype759.o
 .comment       0x0000000000000000       0x2a obj_cooja/mtype759.a(simEnvChange.o)
 .comment       0x0000000000000000       0x2a obj_cooja/mtype759.a(cooja_mt.o)
 .comment       0x0000000000000000       0x2a obj_cooja/mtype759.a(cooja_mtarch.o)
 .comment       0x0000000000000000       0x2a obj_cooja/mtype759.a(rtimer-arch.o)
 .comment       0x0000000000000000       0x2a obj_cooja/mtype759.a(beep.o)
 .comment       0x0000000000000000       0x2a obj_cooja/mtype759.a(button-sensor.o)
 .comment       0x0000000000000000       0x2a obj_cooja/mtype759.a(leds-arch.o)
 .comment       0x0000000000000000       0x2a obj_cooja/mtype759.a(moteid.o)
 .comment       0x0000000000000000       0x2a obj_cooja/mtype759.a(pir-sensor.o)
 .comment       0x0000000000000000       0x2a obj_cooja/mtype759.a(rs232.o)
 .comment       0x0000000000000000       0x2a obj_cooja/mtype759.a(vib-sensor.o)
 .comment       0x0000000000000000       0x2a obj_cooja/mtype759.a(clock.o)
 .comment       0x0000000000000000       0x2a obj_cooja/mtype759.a(log.o)
 .comment       0x0000000000000000       0x2a obj_cooja/mtype759.a(cfs-cooja.o)
 .comment       0x0000000000000000       0x2a obj_cooja/mtype759.a(cooja-radio.o)
 .comment       0x0000000000000000       0x2a obj_cooja/mtype759.a(eeprom.o)
 .comment       0x0000000000000000       0x2a obj_cooja/mtype759.a(random.o)
 .comment       0x0000000000000000       0x2a obj_cooja/mtype759.a(sensors.o)
 .comment       0x0000000000000000       0x2a obj_cooja/mtype759.a(leds.o)
 .comment       0x0000000000000000       0x2a obj_cooja/mtype759.a(autostart.o)
 .comment       0x0000000000000000       0x2a obj_cooja/mtype759.a(ctimer.o)
 .comment       0x0000000000000000       0x2a obj_cooja/mtype759.a(etimer.o)
 .comment       0x0000000000000000       0x2a obj_cooja/mtype759.a(process.o)
 .comment       0x0000000000000000       0x2a obj_cooja/mtype759.a(rtimer.o)
 .comment       0x0000000000000000       0x2a obj_cooja/mtype759.a(timer.o)
 .comment       0x0000000000000000       0x2a obj_cooja/mtype759.a(serial-line.o)
 .comment       0x0000000000000000       0x2a obj_cooja/mtype759.a(list.o)
 .comment       0x0000000000000000       0x2a obj_cooja/mtype759.a(ringbuf.o)
 .comment       0x0000000000000000       0x2a obj_cooja/mtype759.a(sicslowpan.o)
 .comment       0x0000000000000000       0x2a obj_cooja/mtype759.a(uip-ds6-nbr.o)
 .comment       0x0000000000000000       0x2a obj_cooja/mtype759.a(uip-ds6-route.o)
 .comment       0x0000000000000000       0x2a obj_cooja/mtype759.a(uip-ds6.o)
 .comment       0x0000000000000000       0x2a obj_cooja/mtype759.a(uip-nd6.o)
 .comment       0x0000000000000000       0x2a obj_cooja/mtype759.a(uip6.o)
 .comment       0x0000000000000000       0x2a obj_cooja/mtype759.a(tcpip.o)
 .comment       0x0000000000000000       0x2a obj_cooja/mtype759.a(uip-debug.o)
 .comment       0x0000000000000000       0x2a obj_cooja/mtype759.a(uip-packetqueue)
 .comment       0x0000000000000000       0x2a obj_cooja/mtype759.a(rpl-dag.o)
 .comment       0x0000000000000000       0x2a obj_cooja/mtype759.a(rpl-ext-header.)
 .comment       0x0000000000000000       0x2a obj_cooja/mtype759.a(rpl-icmp6.o)
 .comment       0x0000000000000000       0x2a obj_cooja/mtype759.a(rpl-mrhof.o)
 .comment       0x0000000000000000       0x2a obj_cooja/mtype759.a(rpl-timers.o)
 .comment       0x0000000000000000       0x2a obj_cooja/mtype759.a(rpl.o)
 .comment       0x0000000000000000       0x2a obj_cooja/mtype759.a(linkaddr.o)
 .comment       0x0000000000000000       0x2a obj_cooja/mtype759.a(nbr-table.o)
 .comment       0x0000000000000000       0x2a obj_cooja/mtype759.a(netstack.o)
 .comment       0x0000000000000000       0x2a obj_cooja/mtype759.a(packetbuf.o)
 .comment       0x0000000000000000       0x2a obj_cooja/mtype759.a(queuebuf.o)
 .comment       0x0000000000000000       0x2a obj_cooja/mtype759.a(csma.o)
 .comment       0x0000000000000000       0x2a obj_cooja/mtype759.a(framer-802154.o)
 .comment       0x0000000000000000       0x2a obj_cooja/mtype759.a(framer.o)
 .comment       0x0000000000000000       0x2a obj_cooja/mtype759.a(mac.o)
 .comment       0x0000000000000000       0x2a obj_cooja/mtype759.a(nullrdc.o)
 .comment       0x0000000000000000       0x2a obj_cooja/mtype759.a(nullsec.o)
 .comment       0x0000000000000000       0x2a obj_cooja/mtype759.a(watchdog.o)
 .comment       0x0000000000000000       0x2a obj_cooja/mtype759.a(rimestats.o)
 .comment       0x0000000000000000       0x2a obj_cooja/mtype759.a(stimer.o)
 .comment       0x0000000000000000       0x2a obj_cooja/mtype759.a(memb.o)
 .comment       0x0000000000000000       0x2a obj_cooja/mtype759.a(uip-icmp6.o)
 .comment       0x0000000000000000       0x2a obj_cooja/mtype759.a(frame802154.o)
 .comment       0x0000000000000000       0x2a obj_cooja/mtype759.a(mac-sequence.o)
 .comment       0x0000000000000000       0x2a /usr/lib/gcc/i686-linux-gnu/4.8/crtendS.o

.debug
 *(.debug)

.line
 *(.line)

.debug_srcinfo
 *(.debug_srcinfo)

.debug_sfnames
 *(.debug_sfnames)

.debug_aranges  0x0000000000000000      0x7d8
 *(.debug_aranges)
 .debug_aranges
                0x0000000000000000       0x20 temperatura.co
 .debug_aranges
                0x0000000000000020       0x20 obj_cooja/mtype759.o
 .debug_aranges
                0x0000000000000040       0x20 obj_cooja/mtype759.a(simEnvChange.o)
 .debug_aranges
                0x0000000000000060       0x20 obj_cooja/mtype759.a(cooja_mt.o)
 .debug_aranges
                0x0000000000000080       0x20 obj_cooja/mtype759.a(cooja_mtarch.o)
 .debug_aranges
                0x00000000000000a0       0x20 obj_cooja/mtype759.a(rtimer-arch.o)
 .debug_aranges
                0x00000000000000c0       0x20 obj_cooja/mtype759.a(beep.o)
 .debug_aranges
                0x00000000000000e0       0x20 obj_cooja/mtype759.a(button-sensor.o)
 .debug_aranges
                0x0000000000000100       0x20 obj_cooja/mtype759.a(leds-arch.o)
 .debug_aranges
                0x0000000000000120       0x20 obj_cooja/mtype759.a(moteid.o)
 .debug_aranges
                0x0000000000000140       0x20 obj_cooja/mtype759.a(pir-sensor.o)
 .debug_aranges
                0x0000000000000160       0x20 obj_cooja/mtype759.a(rs232.o)
 .debug_aranges
                0x0000000000000180       0x20 obj_cooja/mtype759.a(vib-sensor.o)
 .debug_aranges
                0x00000000000001a0       0x20 obj_cooja/mtype759.a(clock.o)
 .debug_aranges
                0x00000000000001c0       0x20 obj_cooja/mtype759.a(log.o)
 .debug_aranges
                0x00000000000001e0       0x20 obj_cooja/mtype759.a(cfs-cooja.o)
 .debug_aranges
                0x0000000000000200       0x20 obj_cooja/mtype759.a(cooja-radio.o)
 .debug_aranges
                0x0000000000000220       0x20 obj_cooja/mtype759.a(eeprom.o)
 .debug_aranges
                0x0000000000000240       0x20 obj_cooja/mtype759.a(random.o)
 .debug_aranges
                0x0000000000000260       0x20 obj_cooja/mtype759.a(sensors.o)
 .debug_aranges
                0x0000000000000280       0x20 obj_cooja/mtype759.a(leds.o)
 .debug_aranges
                0x00000000000002a0       0x20 obj_cooja/mtype759.a(autostart.o)
 .debug_aranges
                0x00000000000002c0       0x20 obj_cooja/mtype759.a(ctimer.o)
 .debug_aranges
                0x00000000000002e0       0x20 obj_cooja/mtype759.a(etimer.o)
 .debug_aranges
                0x0000000000000300       0x20 obj_cooja/mtype759.a(process.o)
 .debug_aranges
                0x0000000000000320       0x20 obj_cooja/mtype759.a(rtimer.o)
 .debug_aranges
                0x0000000000000340       0x20 obj_cooja/mtype759.a(timer.o)
 .debug_aranges
                0x0000000000000360       0x20 obj_cooja/mtype759.a(serial-line.o)
 .debug_aranges
                0x0000000000000380       0x20 obj_cooja/mtype759.a(list.o)
 .debug_aranges
                0x00000000000003a0       0x20 obj_cooja/mtype759.a(ringbuf.o)
 .debug_aranges
                0x00000000000003c0       0x20 obj_cooja/mtype759.a(sicslowpan.o)
 .debug_aranges
                0x00000000000003e0       0x20 obj_cooja/mtype759.a(uip-ds6-nbr.o)
 .debug_aranges
                0x0000000000000400       0x20 obj_cooja/mtype759.a(uip-ds6-route.o)
 .debug_aranges
                0x0000000000000420       0x20 obj_cooja/mtype759.a(uip-ds6.o)
 .debug_aranges
                0x0000000000000440       0x20 obj_cooja/mtype759.a(uip-nd6.o)
 .debug_aranges
                0x0000000000000460       0x20 obj_cooja/mtype759.a(uip6.o)
 .debug_aranges
                0x0000000000000480       0x20 obj_cooja/mtype759.a(tcpip.o)
 .debug_aranges
                0x00000000000004a0       0x20 obj_cooja/mtype759.a(uip-debug.o)
 .debug_aranges
                0x00000000000004c0       0x20 obj_cooja/mtype759.a(uip-packetqueue)
 .debug_aranges
                0x00000000000004e0       0x20 obj_cooja/mtype759.a(rpl-dag.o)
 .debug_aranges
                0x0000000000000500       0x20 obj_cooja/mtype759.a(rpl-ext-header.)
 .debug_aranges
                0x0000000000000520       0x20 obj_cooja/mtype759.a(rpl-icmp6.o)
 .debug_aranges
                0x0000000000000540       0x20 obj_cooja/mtype759.a(rpl-mrhof.o)
 .debug_aranges
                0x0000000000000560       0x20 obj_cooja/mtype759.a(rpl-timers.o)
 .debug_aranges
                0x0000000000000580       0x20 obj_cooja/mtype759.a(rpl.o)
 .debug_aranges
                0x00000000000005a0       0x20 obj_cooja/mtype759.a(linkaddr.o)
 .debug_aranges
                0x00000000000005c0       0x20 obj_cooja/mtype759.a(nbr-table.o)
 .debug_aranges
                0x00000000000005e0       0x20 obj_cooja/mtype759.a(netstack.o)
 .debug_aranges
                0x0000000000000600       0x20 obj_cooja/mtype759.a(packetbuf.o)
 .debug_aranges
                0x0000000000000620       0x20 obj_cooja/mtype759.a(queuebuf.o)
 .debug_aranges
                0x0000000000000640       0x20 obj_cooja/mtype759.a(csma.o)
 .debug_aranges
                0x0000000000000660       0x20 obj_cooja/mtype759.a(framer-802154.o)
 .debug_aranges
                0x0000000000000680       0x20 obj_cooja/mtype759.a(framer.o)
 .debug_aranges
                0x00000000000006a0       0x20 obj_cooja/mtype759.a(mac.o)
 .debug_aranges
                0x00000000000006c0       0x20 obj_cooja/mtype759.a(nullrdc.o)
 .debug_aranges
                0x00000000000006e0       0x20 obj_cooja/mtype759.a(nullsec.o)
 .debug_aranges
                0x0000000000000700       0x20 obj_cooja/mtype759.a(watchdog.o)
 .debug_aranges
                0x0000000000000720       0x18 obj_cooja/mtype759.a(rimestats.o)
 .debug_aranges
                0x0000000000000738       0x20 obj_cooja/mtype759.a(stimer.o)
 .debug_aranges
                0x0000000000000758       0x20 obj_cooja/mtype759.a(memb.o)
 .debug_aranges
                0x0000000000000778       0x20 obj_cooja/mtype759.a(uip-icmp6.o)
 .debug_aranges
                0x0000000000000798       0x20 obj_cooja/mtype759.a(frame802154.o)
 .debug_aranges
                0x00000000000007b8       0x20 obj_cooja/mtype759.a(mac-sequence.o)

.debug_pubnames
 *(.debug_pubnames)

.debug_info     0x0000000000000000    0x1931e
 *(.debug_info .gnu.linkonce.wi.*)
 .debug_info    0x0000000000000000      0x204 temperatura.co
 .debug_info    0x0000000000000204     0x3711 obj_cooja/mtype759.o
 .debug_info    0x0000000000003915      0x15a obj_cooja/mtype759.a(simEnvChange.o)
 .debug_info    0x0000000000003a6f      0x1e2 obj_cooja/mtype759.a(cooja_mt.o)
 .debug_info    0x0000000000003c51      0x2e7 obj_cooja/mtype759.a(cooja_mtarch.o)
 .debug_info    0x0000000000003f38      0x16b obj_cooja/mtype759.a(rtimer-arch.o)
 .debug_info    0x00000000000040a3      0x1f3 obj_cooja/mtype759.a(beep.o)
 .debug_info    0x0000000000004296      0x257 obj_cooja/mtype759.a(button-sensor.o)
 .debug_info    0x00000000000044ed      0x132 obj_cooja/mtype759.a(leds-arch.o)
 .debug_info    0x000000000000461f      0x10a obj_cooja/mtype759.a(moteid.o)
 .debug_info    0x0000000000004729      0x216 obj_cooja/mtype759.a(pir-sensor.o)
 .debug_info    0x000000000000493f      0x22b obj_cooja/mtype759.a(rs232.o)
 .debug_info    0x0000000000004b6a      0x216 obj_cooja/mtype759.a(vib-sensor.o)
 .debug_info    0x0000000000004d80      0x152 obj_cooja/mtype759.a(clock.o)
 .debug_info    0x0000000000004ed2      0x2bb obj_cooja/mtype759.a(log.o)
 .debug_info    0x000000000000518d      0x3d5 obj_cooja/mtype759.a(cfs-cooja.o)
 .debug_info    0x0000000000005562      0xba8 obj_cooja/mtype759.a(cooja-radio.o)
 .debug_info    0x000000000000610a      0x214 obj_cooja/mtype759.a(eeprom.o)
 .debug_info    0x000000000000631e       0xb3 obj_cooja/mtype759.a(random.o)
 .debug_info    0x00000000000063d1      0x36d obj_cooja/mtype759.a(sensors.o)
 .debug_info    0x000000000000673e      0x189 obj_cooja/mtype759.a(leds.o)
 .debug_info    0x00000000000068c7      0x1a5 obj_cooja/mtype759.a(autostart.o)
 .debug_info    0x0000000000006a6c      0x418 obj_cooja/mtype759.a(ctimer.o)
 .debug_info    0x0000000000006e84      0x46b obj_cooja/mtype759.a(etimer.o)
 .debug_info    0x00000000000072ef      0x4ba obj_cooja/mtype759.a(process.o)
 .debug_info    0x00000000000077a9      0x1ab obj_cooja/mtype759.a(rtimer.o)
 .debug_info    0x0000000000007954      0x16c obj_cooja/mtype759.a(timer.o)
 .debug_info    0x0000000000007ac0      0x2de obj_cooja/mtype759.a(serial-line.o)
 .debug_info    0x0000000000007d9e      0x2ed obj_cooja/mtype759.a(list.o)
 .debug_info    0x000000000000808b      0x1aa obj_cooja/mtype759.a(ringbuf.o)
 .debug_info    0x0000000000008235      0xe39 obj_cooja/mtype759.a(sicslowpan.o)
 .debug_info    0x000000000000906e      0xab8 obj_cooja/mtype759.a(uip-ds6-nbr.o)
 .debug_info    0x0000000000009b26      0xcc7 obj_cooja/mtype759.a(uip-ds6-route.o)
 .debug_info    0x000000000000a7ed      0xa45 obj_cooja/mtype759.a(uip-ds6.o)
 .debug_info    0x000000000000b232      0x9d6 obj_cooja/mtype759.a(uip-nd6.o)
 .debug_info    0x000000000000bc08      0xe26 obj_cooja/mtype759.a(uip6.o)
 .debug_info    0x000000000000ca2e     0x1574 obj_cooja/mtype759.a(tcpip.o)
 .debug_info    0x000000000000dfa2      0x1b5 obj_cooja/mtype759.a(uip-debug.o)
 .debug_info    0x000000000000e157      0x470 obj_cooja/mtype759.a(uip-packetqueue)
 .debug_info    0x000000000000e5c7     0x1863 obj_cooja/mtype759.a(rpl-dag.o)
 .debug_info    0x000000000000fe2a      0xd5c obj_cooja/mtype759.a(rpl-ext-header.)
 .debug_info    0x0000000000010b86     0x1467 obj_cooja/mtype759.a(rpl-icmp6.o)
 .debug_info    0x0000000000011fed      0xaa8 obj_cooja/mtype759.a(rpl-mrhof.o)
 .debug_info    0x0000000000012a95      0xb0f obj_cooja/mtype759.a(rpl-timers.o)
 .debug_info    0x00000000000135a4      0xc74 obj_cooja/mtype759.a(rpl.o)
 .debug_info    0x0000000000014218      0x165 obj_cooja/mtype759.a(linkaddr.o)
 .debug_info    0x000000000001437d      0x812 obj_cooja/mtype759.a(nbr-table.o)
 .debug_info    0x0000000000014b8f      0x461 obj_cooja/mtype759.a(netstack.o)
 .debug_info    0x0000000000014ff0      0x4fa obj_cooja/mtype759.a(packetbuf.o)
 .debug_info    0x00000000000154ea      0x583 obj_cooja/mtype759.a(queuebuf.o)
 .debug_info    0x0000000000015a6d      0xaeb obj_cooja/mtype759.a(csma.o)
 .debug_info    0x0000000000016558      0x643 obj_cooja/mtype759.a(framer-802154.o)
 .debug_info    0x0000000000016b9b      0x285 obj_cooja/mtype759.a(framer.o)
 .debug_info    0x0000000000016e20      0x112 obj_cooja/mtype759.a(mac.o)
 .debug_info    0x0000000000016f32      0xc1f obj_cooja/mtype759.a(nullrdc.o)
 .debug_info    0x0000000000017b51      0x42c obj_cooja/mtype759.a(nullsec.o)
 .debug_info    0x0000000000017f7d       0x7b obj_cooja/mtype759.a(watchdog.o)
 .debug_info    0x0000000000017ff8      0x119 obj_cooja/mtype759.a(rimestats.o)
 .debug_info    0x0000000000018111      0x179 obj_cooja/mtype759.a(stimer.o)
 .debug_info    0x000000000001828a      0x1d7 obj_cooja/mtype759.a(memb.o)
 .debug_info    0x0000000000018461      0x780 obj_cooja/mtype759.a(uip-icmp6.o)
 .debug_info    0x0000000000018be1      0x4a0 obj_cooja/mtype759.a(frame802154.o)
 .debug_info    0x0000000000019081      0x29d obj_cooja/mtype759.a(mac-sequence.o)

.debug_abbrev   0x0000000000000000     0x659a
 *(.debug_abbrev)
 .debug_abbrev  0x0000000000000000      0x12f temperatura.co
 .debug_abbrev  0x000000000000012f      0x2c0 obj_cooja/mtype759.o
 .debug_abbrev  0x00000000000003ef       0xc3 obj_cooja/mtype759.a(simEnvChange.o)
 .debug_abbrev  0x00000000000004b2       0xe6 obj_cooja/mtype759.a(cooja_mt.o)
 .debug_abbrev  0x0000000000000598      0x147 obj_cooja/mtype759.a(cooja_mtarch.o)
 .debug_abbrev  0x00000000000006df       0xcc obj_cooja/mtype759.a(rtimer-arch.o)
 .debug_abbrev  0x00000000000007ab       0xe3 obj_cooja/mtype759.a(beep.o)
 .debug_abbrev  0x000000000000088e      0x11c obj_cooja/mtype759.a(button-sensor.o)
 .debug_abbrev  0x00000000000009aa       0xe1 obj_cooja/mtype759.a(leds-arch.o)
 .debug_abbrev  0x0000000000000a8b       0x9c obj_cooja/mtype759.a(moteid.o)
 .debug_abbrev  0x0000000000000b27       0xe6 obj_cooja/mtype759.a(pir-sensor.o)
 .debug_abbrev  0x0000000000000c0d      0x160 obj_cooja/mtype759.a(rs232.o)
 .debug_abbrev  0x0000000000000d6d       0xe6 obj_cooja/mtype759.a(vib-sensor.o)
 .debug_abbrev  0x0000000000000e53       0xee obj_cooja/mtype759.a(clock.o)
 .debug_abbrev  0x0000000000000f41      0x141 obj_cooja/mtype759.a(log.o)
 .debug_abbrev  0x0000000000001082      0x158 obj_cooja/mtype759.a(cfs-cooja.o)
 .debug_abbrev  0x00000000000011da      0x2d6 obj_cooja/mtype759.a(cooja-radio.o)
 .debug_abbrev  0x00000000000014b0      0x11b obj_cooja/mtype759.a(eeprom.o)
 .debug_abbrev  0x00000000000015cb       0x6d obj_cooja/mtype759.a(random.o)
 .debug_abbrev  0x0000000000001638      0x1c2 obj_cooja/mtype759.a(sensors.o)
 .debug_abbrev  0x00000000000017fa       0xac obj_cooja/mtype759.a(leds.o)
 .debug_abbrev  0x00000000000018a6       0xfb obj_cooja/mtype759.a(autostart.o)
 .debug_abbrev  0x00000000000019a1      0x1a1 obj_cooja/mtype759.a(ctimer.o)
 .debug_abbrev  0x0000000000001b42      0x1f1 obj_cooja/mtype759.a(etimer.o)
 .debug_abbrev  0x0000000000001d33      0x244 obj_cooja/mtype759.a(process.o)
 .debug_abbrev  0x0000000000001f77      0x124 obj_cooja/mtype759.a(rtimer.o)
 .debug_abbrev  0x000000000000209b       0xf5 obj_cooja/mtype759.a(timer.o)
 .debug_abbrev  0x0000000000002190      0x190 obj_cooja/mtype759.a(serial-line.o)
 .debug_abbrev  0x0000000000002320      0x145 obj_cooja/mtype759.a(list.o)
 .debug_abbrev  0x0000000000002465       0xdb obj_cooja/mtype759.a(ringbuf.o)
 .debug_abbrev  0x0000000000002540      0x2b5 obj_cooja/mtype759.a(sicslowpan.o)
 .debug_abbrev  0x00000000000027f5      0x2b5 obj_cooja/mtype759.a(uip-ds6-nbr.o)
 .debug_abbrev  0x0000000000002aaa      0x2d6 obj_cooja/mtype759.a(uip-ds6-route.o)
 .debug_abbrev  0x0000000000002d80      0x22d obj_cooja/mtype759.a(uip-ds6.o)
 .debug_abbrev  0x0000000000002fad      0x252 obj_cooja/mtype759.a(uip-nd6.o)
 .debug_abbrev  0x00000000000031ff      0x2d8 obj_cooja/mtype759.a(uip6.o)
 .debug_abbrev  0x00000000000034d7      0x34b obj_cooja/mtype759.a(tcpip.o)
 .debug_abbrev  0x0000000000003822       0xcb obj_cooja/mtype759.a(uip-debug.o)
 .debug_abbrev  0x00000000000038ed      0x1d4 obj_cooja/mtype759.a(uip-packetqueue)
 .debug_abbrev  0x0000000000003ac1      0x373 obj_cooja/mtype759.a(rpl-dag.o)
 .debug_abbrev  0x0000000000003e34      0x26c obj_cooja/mtype759.a(rpl-ext-header.)
 .debug_abbrev  0x00000000000040a0      0x325 obj_cooja/mtype759.a(rpl-icmp6.o)
 .debug_abbrev  0x00000000000043c5      0x204 obj_cooja/mtype759.a(rpl-mrhof.o)
 .debug_abbrev  0x00000000000045c9      0x267 obj_cooja/mtype759.a(rpl-timers.o)
 .debug_abbrev  0x0000000000004830      0x25c obj_cooja/mtype759.a(rpl.o)
 .debug_abbrev  0x0000000000004a8c       0xd8 obj_cooja/mtype759.a(linkaddr.o)
 .debug_abbrev  0x0000000000004b64      0x1e6 obj_cooja/mtype759.a(nbr-table.o)
 .debug_abbrev  0x0000000000004d4a      0x102 obj_cooja/mtype759.a(netstack.o)
 .debug_abbrev  0x0000000000004e4c      0x240 obj_cooja/mtype759.a(packetbuf.o)
 .debug_abbrev  0x000000000000508c      0x1f4 obj_cooja/mtype759.a(queuebuf.o)
 .debug_abbrev  0x0000000000005280      0x2c4 obj_cooja/mtype759.a(csma.o)
 .debug_abbrev  0x0000000000005544      0x209 obj_cooja/mtype759.a(framer-802154.o)
 .debug_abbrev  0x000000000000574d      0x144 obj_cooja/mtype759.a(framer.o)
 .debug_abbrev  0x0000000000005891       0xa3 obj_cooja/mtype759.a(mac.o)
 .debug_abbrev  0x0000000000005934      0x2f3 obj_cooja/mtype759.a(nullrdc.o)
 .debug_abbrev  0x0000000000005c27      0x1f6 obj_cooja/mtype759.a(nullsec.o)